Archive member included to satisfy reference by file (symbol)

../../libDaisy/build\libdaisy.a(daisy_seed.o)
                              build/NewExampleProject.o (daisy::DaisySeed::Configure())
../../libDaisy/build\libdaisy.a(codec_ak4556.o)
                              ../../libDaisy/build\libdaisy.a(daisy_seed.o) (daisy::Ak4556::Init(dsy_gpio_pin))
../../libDaisy/build\libdaisy.a(codec_wm8731.o)
                              ../../libDaisy/build\libdaisy.a(daisy_seed.o) (daisy::Wm8731::Init(daisy::Wm8731::Config const&, daisy::I2CHandle))
../../libDaisy/build\libdaisy.a(sdram.o)
                              ../../libDaisy/build\libdaisy.a(daisy_seed.o) (SdramHandle::Init())
../../libDaisy/build\libdaisy.a(audio.o)
                              ../../libDaisy/build\libdaisy.a(daisy_seed.o) (daisy::AudioHandle::Init(daisy::AudioHandle::Config const&, daisy::SaiHandle))
../../libDaisy/build\libdaisy.a(ctrl.o)
                              build/NewExampleProject.o (daisy::AnalogControl::Init(unsigned short*, float, bool, bool, float))
../../libDaisy/build\libdaisy.a(switch.o)
                              build/NewExampleProject.o (daisy::Switch::Init(dsy_gpio_pin, float))
../../libDaisy/build\libdaisy.a(adc.o)
                              build/NewExampleProject.o (daisy::AdcChannelConfig::InitSingle(dsy_gpio_pin, daisy::AdcChannelConfig::ConversionSpeed))
../../libDaisy/build\libdaisy.a(gpio.o)
                              build/NewExampleProject.o (daisy::GPIO::Init(daisy::Pin, daisy::GPIO::Mode, daisy::GPIO::Pull, daisy::GPIO::Speed))
../../libDaisy/build\libdaisy.a(i2c.o)
                              ../../libDaisy/build\libdaisy.a(daisy_seed.o) (daisy::I2CHandle::Init(daisy::I2CHandle::Config const&))
../../libDaisy/build\libdaisy.a(qspi.o)
                              ../../libDaisy/build\libdaisy.a(daisy_seed.o) (daisy::QSPIHandle::Init(daisy::QSPIHandle::Config const&))
../../libDaisy/build\libdaisy.a(sai.o)
                              ../../libDaisy/build\libdaisy.a(daisy_seed.o) (daisy::SaiHandle::Init(daisy::SaiHandle::Config const&))
../../libDaisy/build\libdaisy.a(system.o)
                              ../../libDaisy/build\libdaisy.a(daisy_seed.o) (daisy::System::DeInit())
../../libDaisy/build\libdaisy.a(system_stm32h7xx.o)
                              build/startup_stm32h750xx.o (SystemInit)
../../libDaisy/build\libdaisy.a(usbd_conf.o)
                              ../../libDaisy/build\libdaisy.a(system.o) (hpcd_USB_OTG_HS)
../../libDaisy/build\libdaisy.a(usbh_conf.o)
                              ../../libDaisy/build\libdaisy.a(system.o) (hhcd_USB_OTG_HS)
../../libDaisy/build\libdaisy.a(hal_map.o)
                              ../../libDaisy/build\libdaisy.a(gpio.o) (dsy_hal_map_get_port)
../../libDaisy/build\libdaisy.a(stm32h7xx_hal.o)
                              ../../libDaisy/build\libdaisy.a(system.o) (HAL_Init)
../../libDaisy/build\libdaisy.a(stm32h7xx_hal_adc.o)
                              ../../libDaisy/build\libdaisy.a(adc.o) (HAL_ADC_ConfigChannel)
../../libDaisy/build\libdaisy.a(stm32h7xx_hal_adc_ex.o)
                              ../../libDaisy/build\libdaisy.a(adc.o) (HAL_ADCEx_Calibration_Start)
../../libDaisy/build\libdaisy.a(stm32h7xx_hal_cortex.o)
                              ../../libDaisy/build\libdaisy.a(stm32h7xx_hal.o) (HAL_NVIC_SetPriorityGrouping)
../../libDaisy/build\libdaisy.a(stm32h7xx_hal_dma.o)
                              ../../libDaisy/build\libdaisy.a(adc.o) (HAL_DMA_Init)
../../libDaisy/build\libdaisy.a(stm32h7xx_hal_gpio.o)
                              ../../libDaisy/build\libdaisy.a(sdram.o) (HAL_GPIO_Init)
../../libDaisy/build\libdaisy.a(stm32h7xx_hal_hcd.o)
                              ../../libDaisy/build\libdaisy.a(usbh_conf.o) (HAL_HCD_HC_Init)
../../libDaisy/build\libdaisy.a(stm32h7xx_hal_i2c.o)
                              ../../libDaisy/build\libdaisy.a(i2c.o) (HAL_I2C_Init)
../../libDaisy/build\libdaisy.a(stm32h7xx_hal_i2c_ex.o)
                              ../../libDaisy/build\libdaisy.a(i2c.o) (HAL_I2CEx_ConfigAnalogFilter)
../../libDaisy/build\libdaisy.a(stm32h7xx_hal_pcd.o)
                              ../../libDaisy/build\libdaisy.a(usbd_conf.o) (HAL_PCD_Init)
../../libDaisy/build\libdaisy.a(stm32h7xx_hal_pcd_ex.o)
                              ../../libDaisy/build\libdaisy.a(usbd_conf.o) (HAL_PCDEx_SetTxFiFo)
../../libDaisy/build\libdaisy.a(stm32h7xx_hal_pwr_ex.o)
                              ../../libDaisy/build\libdaisy.a(system.o) (HAL_PWREx_ConfigSupply)
../../libDaisy/build\libdaisy.a(stm32h7xx_hal_qspi.o)
                              ../../libDaisy/build\libdaisy.a(qspi.o) (HAL_QSPI_Init)
../../libDaisy/build\libdaisy.a(stm32h7xx_hal_rcc.o)
                              ../../libDaisy/build\libdaisy.a(system.o) (HAL_RCC_OscConfig)
../../libDaisy/build\libdaisy.a(stm32h7xx_hal_rcc_ex.o)
                              ../../libDaisy/build\libdaisy.a(system.o) (HAL_RCCEx_PeriphCLKConfig)
[...]
Memory Configuration

Name             Origin             Length             Attributes
FLASH            0x08000000         0x00020000         xr
DTCMRAM          0x20000000         0x00020000         xrw
SRAM             0x24000000         0x00080000         xrw
RAM_D2           0x30000000         0x00048000         xrw
RAM_D3           0x38000000         0x00010000         xrw
BACKUP_SRAM      0x38800000         0x00001000         xrw
ITCMRAM          0x00000000         0x00010000         xrw
SDRAM            0xc0000000         0x04000000         xrw
QSPIFLASH        0x90000000         0x00800000         xr
*default*        0x00000000         0xffffffff

Linker script and memory map

LOAD c:/program files/daisytoolchain/bin/../lib/gcc/arm-none-eabi/10.2.1/thumb/v7e-m+dp/hard/crti.o
LOAD c:/program files/daisytoolchain/bin/../lib/gcc/arm-none-eabi/10.2.1/thumb/v7e-m+dp/hard/crtbegin.o
LOAD c:/program files/daisytoolchain/bin/../lib/gcc/arm-none-eabi/10.2.1/../../../../arm-none-eabi/lib/thumb/v7e-m+dp/hard/crt0.o
LOAD build/startup_stm32h750xx.o
LOAD build/NewExampleProject.o
LOAD ../../libDaisy/build\libdaisy.a
LOAD c:/program files/daisytoolchain/bin/../lib/gcc/arm-none-eabi/10.2.1/../../../../arm-none-eabi/lib/thumb/v7e-m+dp/hard\libnosys.a
LOAD ../../DaisySP/build\libdaisysp.a
LOAD c:/program files/daisytoolchain/bin/../lib/gcc/arm-none-eabi/10.2.1/../../../../arm-none-eabi/lib/thumb/v7e-m+dp/hard\libstdc++_nano.a
LOAD c:/program files/daisytoolchain/bin/../lib/gcc/arm-none-eabi/10.2.1/../../../../arm-none-eabi/lib/thumb/v7e-m+dp/hard\libm.a
LOAD c:/program files/daisytoolchain/bin/../lib/gcc/arm-none-eabi/10.2.1/../../../../arm-none-eabi/lib/thumb/v7e-m+dp/hard\libc_nano.a
START GROUP
LOAD c:/program files/daisytoolchain/bin/../lib/gcc/arm-none-eabi/10.2.1/thumb/v7e-m+dp/hard\libgcc.a
LOAD c:/program files/daisytoolchain/bin/../lib/gcc/arm-none-eabi/10.2.1/../../../../arm-none-eabi/lib/thumb/v7e-m+dp/hard\libc_nano.a
END GROUP
START GROUP
LOAD c:/program files/daisytoolchain/bin/../lib/gcc/arm-none-eabi/10.2.1/thumb/v7e-m+dp/hard\libgcc.a
LOAD c:/program files/daisytoolchain/bin/../lib/gcc/arm-none-eabi/10.2.1/../../../../arm-none-eabi/lib/thumb/v7e-m+dp/hard\libc_nano.a
LOAD c:/program files/daisytoolchain/bin/../lib/gcc/arm-none-eabi/10.2.1/../../../../arm-none-eabi/lib/thumb/v7e-m+dp/hard\libnosys.a
END GROUP
START GROUP
LOAD c:/program files/daisytoolchain/bin/../lib/gcc/arm-none-eabi/10.2.1/thumb/v7e-m+dp/hard\libgcc.a
LOAD c:/program files/daisytoolchain/bin/../lib/gcc/arm-none-eabi/10.2.1/../../../../arm-none-eabi/lib/thumb/v7e-m+dp/hard\libc_nano.a
LOAD c:/program files/daisytoolchain/bin/../lib/gcc/arm-none-eabi/10.2.1/../../../../arm-none-eabi/lib/thumb/v7e-m+dp/hard\libnosys.a
END GROUP
LOAD c:/program files/daisytoolchain/bin/../lib/gcc/arm-none-eabi/10.2.1/thumb/v7e-m+dp/hard/crtend.o
LOAD c:/program files/daisytoolchain/bin/../lib/gcc/arm-none-eabi/10.2.1/thumb/v7e-m+dp/hard/crtn.o
                0x20020000                _estack = 0x20020000

.isr_vector     0x08000000      0x298
                0x08000000                . = ALIGN (0x4)
 *(.isr_vector)
 .isr_vector    0x08000000      0x298 build/startup_stm32h750xx.o
                0x08000000                g_pfnVectors
                0x08000298                . = ALIGN (0x4)

.text           0x08000298    0x139f0
                0x08000298                . = ALIGN (0x4)
                0x08000298                _stext = .
 *(.text)
 .text          0x08000298       0x40 c:/program files/daisytoolchain/bin/../lib/gcc/arm-none-eabi/10.2.1/thumb/v7e-m+dp/hard/crtbegin.o
 .text          0x080002d8      0x378 c:/program files/daisytoolchain/bin/../lib/gcc/arm-none-eabi/10.2.1/thumb/v7e-m+dp/hard\libgcc.a(_arm_addsubdf3.o)
                0x080002d8                __aeabi_drsub
                0x080002e0                __aeabi_dsub
                0x080002e0                __subdf3
                0x080002e4                __aeabi_dadd
                0x080002e4                __adddf3
                0x0800055c                __floatunsidf
                0x0800055c                __aeabi_ui2d
                0x0800057c                __floatsidf
                0x0800057c                __aeabi_i2d
                0x080005a0                __aeabi_f2d
                0x080005a0                __extendsfdf2
                0x080005e4                __floatundidf
                0x080005e4                __aeabi_ul2d
                0x080005f4                __floatdidf
                0x080005f4                __aeabi_l2d
 .text          0x08000650       0x30 c:/program files/daisytoolchain/bin/../lib/gcc/arm-none-eabi/10.2.1/thumb/v7e-m+dp/hard\libgcc.a(_aeabi_uldivmod.o)
                0x08000650                __aeabi_uldivmod
 .text          0x08000680      0x2d0 c:/program files/daisytoolchain/bin/../lib/gcc/arm-none-eabi/10.2.1/thumb/v7e-m+dp/hard\libgcc.a(_udivmoddi4.o)
                0x08000680                __udivmoddi4
 .text          0x08000950        0x4 c:/program files/daisytoolchain/bin/../lib/gcc/arm-none-eabi/10.2.1/thumb/v7e-m+dp/hard\libgcc.a(_dvmd_tls.o)
                0x08000950                __aeabi_idiv0
                0x08000950                __aeabi_ldiv0
 *(.text*)
 .text.Default_Handler
                0x08000954        0x4 build/startup_stm32h750xx.o
                0x08000954                RTC_Alarm_IRQHandler
                0x08000954                HASH_RNG_IRQHandler
                0x08000954                EXTI2_IRQHandler
                0x08000954                TIM8_CC_IRQHandler
                0x08000954                HRTIM1_Master_IRQHandler
                0x08000954                DebugMon_Handler
                0x08000954                TIM1_CC_IRQHandler
                0x08000954                BDMA_Channel6_IRQHandler
                0x08000954                DMA2_Stream5_IRQHandler
                0x08000954                HRTIM1_FLT_IRQHandler
                0x08000954                JPEG_IRQHandler
                0x08000954                BDMA_Channel1_IRQHandler
                0x08000954                HRTIM1_TIMD_IRQHandler
                0x08000954                TAMP_STAMP_IRQHandler
                0x08000954                PendSV_Handler
                0x08000954                NMI_Handler
                0x08000954                EXTI3_IRQHandler
                0x08000954                LPTIM4_IRQHandler
                0x08000954                TIM8_TRG_COM_TIM14_IRQHandler
                0x08000954                LPTIM2_IRQHandler
                0x08000954                DFSDM1_FLT1_IRQHandler
                0x08000954                DMAMUX2_OVR_IRQHandler
                0x08000954                TIM8_UP_TIM13_IRQHandler
                0x08000954                I2C3_ER_IRQHandler
                0x08000954                DFSDM1_FLT2_IRQHandler
                0x08000954                MDMA_IRQHandler
                0x08000954                LPTIM3_IRQHandler
                0x08000954                HSEM1_IRQHandler
                0x08000954                EXTI0_IRQHandler
                0x08000954                FPU_IRQHandler
                0x08000954                OTG_HS_WKUP_IRQHandler
                0x08000954                FDCAN1_IT1_IRQHandler
                0x08000954                UsageFault_Handler
                0x08000954                LTDC_ER_IRQHandler
                0x08000954                HRTIM1_TIME_IRQHandler
                0x08000954                TIM6_DAC_IRQHandler
                0x08000954                DCMI_IRQHandler
                0x08000954                HRTIM1_TIMC_IRQHandler
                0x08000954                SAI2_IRQHandler
                0x08000954                DFSDM1_FLT3_IRQHandler
                0x08000954                TIM17_IRQHandler
                0x08000954                CRYP_IRQHandler
                0x08000954                BDMA_Channel7_IRQHandler
                0x08000954                LPTIM5_IRQHandler
                0x08000954                ADC3_IRQHandler
                0x08000954                DMA2_Stream0_IRQHandler
                0x08000954                BDMA_Channel2_IRQHandler
                0x08000954                DMAMUX1_OVR_IRQHandler
                0x08000954                TIM16_IRQHandler
                0x08000954                BDMA_Channel5_IRQHandler
                0x08000954                RCC_IRQHandler
                0x08000954                TIM8_BRK_TIM12_IRQHandler
                0x08000954                TIM1_TRG_COM_IRQHandler
                0x08000954                Default_Handler
                0x08000954                ECC_IRQHandler
                0x08000954                CEC_IRQHandler
                0x08000954                EXTI15_10_IRQHandler
                0x08000954                BDMA_Channel0_IRQHandler
                0x08000954                ADC_IRQHandler
                0x08000954                DMA1_Stream7_IRQHandler
                0x08000954                HRTIM1_TIMA_IRQHandler
                0x08000954                TIM7_IRQHandler
                0x08000954                SDMMC1_IRQHandler
                0x08000954                DMA2_Stream7_IRQHandler
                0x08000954                TIM15_IRQHandler
                0x08000954                PVD_AVD_IRQHandler
                0x08000954                EXTI9_5_IRQHandler
                0x08000954                RTC_WKUP_IRQHandler
                0x08000954                LTDC_IRQHandler
                0x08000954                SAI3_IRQHandler
                0x08000954                ETH_WKUP_IRQHandler
                0x08000954                SPDIF_RX_IRQHandler
                0x08000954                MemManage_Handler
                0x08000954                SVC_Handler
                0x08000954                CRS_IRQHandler
                0x08000954                EXTI4_IRQHandler
                0x08000954                HRTIM1_TIMB_IRQHandler
                0x08000954                FDCAN2_IT1_IRQHandler
                0x08000954                ETH_IRQHandler
                0x08000954                TIM1_UP_IRQHandler
                0x08000954                BDMA_Channel4_IRQHandler
                0x08000954                WWDG_IRQHandler
                0x08000954                SPI6_IRQHandler
                0x08000954                I2C4_EV_IRQHandler
                0x08000954                MDIOS_IRQHandler
                0x08000954                FDCAN2_IT0_IRQHandler
                0x08000954                FDCAN1_IT0_IRQHandler
                0x08000954                OTG_FS_WKUP_IRQHandler
                0x08000954                DMA2D_IRQHandler
                0x08000954                TIM1_BRK_IRQHandler
                0x08000954                EXTI1_IRQHandler
                0x08000954                SDMMC2_IRQHandler
                0x08000954                OTG_FS_EP1_OUT_IRQHandler
                0x08000954                BDMA_Channel3_IRQHandler
                0x08000954                MDIOS_WKUP_IRQHandler
                0x08000954                DFSDM1_FLT0_IRQHandler
                0x08000954                SAI4_IRQHandler
                0x08000954                I2C2_ER_IRQHandler
                0x08000954                DMA2_Stream1_IRQHandler
                0x08000954                FLASH_IRQHandler
                0x08000954                BusFault_Handler
                0x08000954                OTG_FS_IRQHandler
                0x08000954                WAKEUP_PIN_IRQHandler
                0x08000954                OTG_FS_EP1_IN_IRQHandler
                0x08000954                I2C1_ER_IRQHandler
                0x08000954                FMC_IRQHandler
                0x08000954                FDCAN_CAL_IRQHandler
                0x08000954                SWPMI1_IRQHandler
                0x08000954                COMP1_IRQHandler
                0x08000954                LPTIM1_IRQHandler
                0x08000954                I2C4_ER_IRQHandler
                0x08000954                DMA2_Stream6_IRQHandler
                0x08000954                SAI1_IRQHandler
 .text.Reset_Handler
                0x08000958       0x44 build/startup_stm32h750xx.o
                0x08000958                Reset_Handler
 .text._ZN5daisy6SwitchD2Ev
                0x0800099c        0x4 build/NewExampleProject.o
                0x0800099c                daisy::Switch::~Switch()
                0x0800099c                daisy::Switch::~Switch()
 .text._ZN5daisy9DaisySeedD2Ev
                0x080009a0        0x4 build/NewExampleProject.o
                0x080009a0                daisy::DaisySeed::~DaisySeed()
                0x080009a0                daisy::DaisySeed::~DaisySeed()
 .text._ZN6Biquad10resetCoeffEv
                0x080009a4       0x74 build/NewExampleProject.o
                0x080009a4                Biquad::resetCoeff()
 .text._ZN8CvScalerD2Ev
                0x08000a18        0x4 build/NewExampleProject.o
                0x08000a18                CvScaler::~CvScaler()
                0x08000a18                CvScaler::~CvScaler()
 .text._ZN2UiD2Ev
                0x08000a1c        0x4 build/NewExampleProject.o
                0x08000a1c                Ui::~Ui()
                0x08000a1c                Ui::~Ui()
 .text._ZNSt7__cxx1112basic_stringIcSt11char_traitsIcESaIcEE12_M_constructIPKcEEvT_S8_St20forward_iterator_tag.isra.0
                0x08000a20       0x68 build/NewExampleProject.o
 .text._ZNSt6vectorIfSaIfEE13_M_assign_auxIPKfEEvT_S5_St20forward_iterator_tag.isra.0
                0x08000a88       0xc0 build/NewExampleProject.o
 .text.__tcf_0  0x08000b48       0x28 build/NewExampleProject.o
 .text._ZN14ClassicFilters10resetCoeffEv
                0x08000b70       0x78 build/NewExampleProject.o
                0x08000b70                ClassicFilters::resetCoeff()
 .text._ZN14ClassicFiltersD2Ev
                0x08000be8       0xc8 build/NewExampleProject.o
                0x08000be8                ClassicFilters::~ClassicFilters()
                0x08000be8                ClassicFilters::~ClassicFilters()
 .text._ZN6Biquad18processAudioSampleEf
                0x08000cb0      0x1b4 build/NewExampleProject.o
                0x08000cb0                Biquad::processAudioSample(float)
 .text._ZN14ClassicFilters18processAudioSampleEf
                0x08000e64        0xc build/NewExampleProject.o
                0x08000e64                ClassicFilters::processAudioSample(float)
 .text._ZN6BiquadC2Ev
                0x08000e70       0xe0 build/NewExampleProject.o
                0x08000e70                Biquad::Biquad()
                0x08000e70                Biquad::Biquad()
 .text._Z4Initv
                0x08000f50       0xbc build/NewExampleProject.o
                0x08000f50                Init()
 .text._ZNSt6vectorIfSaIfEEC2ESt16initializer_listIfERKS0_
                0x0800100c       0x5c build/NewExampleProject.o
                0x0800100c                std::vector<float, std::allocator<float> >::vector(std::initializer_list<float>, std::allocator<float> const&)
                0x0800100c                std::vector<float, std::allocator<float> >::vector(std::initializer_list<float>, std::allocator<float> const&)
 .text._ZNSt6vectorIfSaIfEE17_M_realloc_insertIJfEEEvN9__gnu_cxx17__normal_iteratorIPfS1_EEDpOT_
                0x08001068       0xd4 build/NewExampleProject.o
                0x08001068                void std::vector<float, std::allocator<float> >::_M_realloc_insert<float>(__gnu_cxx::__normal_iterator<float*, std::vector<float, std::allocator<float> > >, float&&)
 .text._ZN14ClassicFilters15setCoefficientsEffff
                0x0800113c      0x600 build/NewExampleProject.o
                0x0800113c                ClassicFilters::setCoefficients(float, float, float, float)
 .text._Z13prepareToPlayf
                0x0800173c       0x24 build/NewExampleProject.o
                0x0800173c                prepareToPlay(float)
 .text.startup.main
                0x08001760       0xc4 build/NewExampleProject.o
                0x08001760                main
 .text._Z17processAudioBlockPKPKfPPfj
                0x08001824      0x22c build/NewExampleProject.o
                0x08001824                processAudioBlock(float const* const*, float**, unsigned int)
 .text.startup._GLOBAL__sub_I__ZN8CvScaler17channel_settings_E
                0x08001a50      0x168 build/NewExampleProject.o
 .text._ZN5daisy9DaisySeed9ConfigureEv
                0x08001bb8        0x4 ../../libDaisy/build\libdaisy.a(daisy_seed.o)
                0x08001bb8                daisy::DaisySeed::Configure()
 .text._ZN5daisy9DaisySeed10StartAudioEPFvPKPKfPPfjE
                0x08001bbc        0x8 ../../libDaisy/build\libdaisy.a(daisy_seed.o)
                0x08001bbc                daisy::DaisySeed::StartAudio(void (*)(float const* const*, float**, unsigned int))
 .text._ZN5daisy9DaisySeed15AudioSampleRateEv
                0x08001bc4        0x8 ../../libDaisy/build\libdaisy.a(daisy_seed.o)
                0x08001bc4                daisy::DaisySeed::AudioSampleRate()
 .text._ZN5daisy9DaisySeed17SetAudioBlockSizeEj
                0x08001bcc       0x38 ../../libDaisy/build\libdaisy.a(daisy_seed.o)
                0x08001bcc                daisy::DaisySeed::SetAudioBlockSize(unsigned int)
 .text._ZN5daisy9DaisySeed17CheckBoardVersionEv
                0x08001c04       0x6c ../../libDaisy/build\libdaisy.a(daisy_seed.o)
                0x08001c04                daisy::DaisySeed::CheckBoardVersion()
 .text._ZN5daisy9DaisySeed14ConfigureAudioEv
                0x08001c70      0x104 ../../libDaisy/build\libdaisy.a(daisy_seed.o)
                0x08001c70                daisy::DaisySeed::ConfigureAudio()
 .text._ZN5daisy9DaisySeed4InitEb
                0x08001d74      0x108 ../../libDaisy/build\libdaisy.a(daisy_seed.o)
                0x08001d74                daisy::DaisySeed::Init(bool)
 .text._ZN5daisy6Ak45564InitE12dsy_gpio_pin
                0x08001e7c       0x44 ../../libDaisy/build\libdaisy.a(codec_ak4556.o)
                0x08001e7c                daisy::Ak4556::Init(dsy_gpio_pin)
 .text._ZN5daisy6Wm873120WriteControlRegisterEht
                0x08001ec0       0x3c ../../libDaisy/build\libdaisy.a(codec_wm8731.o)
                0x08001ec0                daisy::Wm8731::WriteControlRegister(unsigned char, unsigned short)
 .text._ZN5daisy6Wm87314InitERKNS0_6ConfigENS_9I2CHandleE
                0x08001efc      0x1bc ../../libDaisy/build\libdaisy.a(codec_wm8731.o)
                0x08001efc                daisy::Wm8731::Init(daisy::Wm8731::Config const&, daisy::I2CHandle)
 .text._ZN11SdramHandle10DeviceInitEv
                0x080020b8       0x98 ../../libDaisy/build\libdaisy.a(sdram.o)
                0x080020b8                SdramHandle::DeviceInit()
 .text._ZN11SdramHandle4InitEv
                0x08002150       0x7c ../../libDaisy/build\libdaisy.a(sdram.o)
                0x08002150                SdramHandle::Init()
 .text.HAL_SDRAM_MspInit
                0x080021cc      0x1a8 ../../libDaisy/build\libdaisy.a(sdram.o)
                0x080021cc                HAL_SDRAM_MspInit
 .text._ZN5daisy11AudioHandle4Impl16InternalCallbackEPlS2_j
                0x08002374      0xbbc ../../libDaisy/build\libdaisy.a(audio.o)
                0x08002374                daisy::AudioHandle::Impl::InternalCallback(long*, long*, unsigned int)
 .text._ZN5daisy11AudioHandle4InitERKNS0_6ConfigENS_9SaiHandleE
                0x08002f30       0x70 ../../libDaisy/build\libdaisy.a(audio.o)
                0x08002f30                daisy::AudioHandle::Init(daisy::AudioHandle::Config const&, daisy::SaiHandle)
 .text._ZNK5daisy11AudioHandle9GetConfigEv
                0x08002fa0        0x8 ../../libDaisy/build\libdaisy.a(audio.o)
                0x08002fa0                daisy::AudioHandle::GetConfig() const
 .text._ZN5daisy11AudioHandle12SetBlockSizeEj
                0x08002fa8       0x1c ../../libDaisy/build\libdaisy.a(audio.o)
                0x08002fa8                daisy::AudioHandle::SetBlockSize(unsigned int)
 .text._ZN5daisy11AudioHandle13GetSampleRateEv
                0x08002fc4        0x8 ../../libDaisy/build\libdaisy.a(audio.o)
                0x08002fc4                daisy::AudioHandle::GetSampleRate()
 .text._ZN5daisy11AudioHandle5StartEPFvPKPKfPPfjE
                0x08002fcc       0x44 ../../libDaisy/build\libdaisy.a(audio.o)
                0x08002fcc                daisy::AudioHandle::Start(void (*)(float const* const*, float**, unsigned int))
 .text.startup._GLOBAL__sub_I__ZN5daisy11AudioHandle4Impl4InitENS0_6ConfigENS_9SaiHandleE
                0x08003010       0x24 ../../libDaisy/build\libdaisy.a(audio.o)
 .text._ZN5daisy13AnalogControl4InitEPtfbbf
                0x08003034       0x64 ../../libDaisy/build\libdaisy.a(ctrl.o)
                0x08003034                daisy::AnalogControl::Init(unsigned short*, float, bool, bool, float)
 .text._ZN5daisy13AnalogControl7ProcessEv
                0x08003098       0x48 ../../libDaisy/build\libdaisy.a(ctrl.o)
                0x08003098                daisy::AnalogControl::Process()
 .text._ZN5daisy6Switch4InitE12dsy_gpio_pinf
                0x080030e0       0x34 ../../libDaisy/build\libdaisy.a(switch.o)
                0x080030e0                daisy::Switch::Init(dsy_gpio_pin, float)
 .text._ZN5daisy6Switch8DebounceEv
                0x08003114       0x5c ../../libDaisy/build\libdaisy.a(switch.o)
                0x08003114                daisy::Switch::Debounce()
 .text._ZN5daisy16AdcChannelConfig10InitSingleE12dsy_gpio_pinNS0_15ConversionSpeedE
                0x08003170       0x28 ../../libDaisy/build\libdaisy.a(adc.o)
                0x08003170                daisy::AdcChannelConfig::InitSingle(dsy_gpio_pin, daisy::AdcChannelConfig::ConversionSpeed)
 .text._ZN5daisy9AdcHandle4InitEPNS_16AdcChannelConfigEjNS0_12OverSamplingE
                0x08003198      0x41c ../../libDaisy/build\libdaisy.a(adc.o)
                0x08003198                daisy::AdcHandle::Init(daisy::AdcChannelConfig*, unsigned int, daisy::AdcHandle::OverSampling)
 .text._ZN5daisy9AdcHandle5StartEv
                0x080035b4       0x2c ../../libDaisy/build\libdaisy.a(adc.o)
                0x080035b4                daisy::AdcHandle::Start()
 .text._ZNK5daisy9AdcHandle6GetPtrEh
                0x080035e0       0x14 ../../libDaisy/build\libdaisy.a(adc.o)
                0x080035e0                daisy::AdcHandle::GetPtr(unsigned char) const
 .text.HAL_ADC_MspInit
                0x080035f4       0x98 ../../libDaisy/build\libdaisy.a(adc.o)
                0x080035f4                HAL_ADC_MspInit
 .text.DMA1_Stream2_IRQHandler
                0x0800368c        0xc ../../libDaisy/build\libdaisy.a(adc.o)
                0x0800368c                DMA1_Stream2_IRQHandler
 .text.HAL_ADC_ConvCpltCallback
                0x08003698      0x148 ../../libDaisy/build\libdaisy.a(adc.o)
                0x08003698                HAL_ADC_ConvCpltCallback
 .text.HAL_ADC_ErrorCallback
                0x080037e0        0x4 ../../libDaisy/build\libdaisy.a(adc.o)
                0x080037e0                HAL_ADC_ErrorCallback
 .text._ZN5daisy4GPIO4InitENS_3PinENS0_4ModeENS0_4PullENS0_5SpeedE
                0x080037e4      0x1cc ../../libDaisy/build\libdaisy.a(gpio.o)
                0x080037e4                daisy::GPIO::Init(daisy::Pin, daisy::GPIO::Mode, daisy::GPIO::Pull, daisy::GPIO::Speed)
 .text._ZN5daisy4GPIO4ReadEv
                0x080039b0       0x18 ../../libDaisy/build\libdaisy.a(gpio.o)
                0x080039b0                daisy::GPIO::Read()
 .text._ZN5daisy4GPIO5WriteEb
                0x080039c8       0x14 ../../libDaisy/build\libdaisy.a(gpio.o)
                0x080039c8                daisy::GPIO::Write(bool)
 .text.dsy_gpio_init
                0x080039dc      0x1b8 ../../libDaisy/build\libdaisy.a(gpio.o)
                0x080039dc                dsy_gpio_init
 .text.dsy_gpio_read
                0x08003b94       0x1c ../../libDaisy/build\libdaisy.a(gpio.o)
                0x08003b94                dsy_gpio_read
 .text.dsy_gpio_write
                0x08003bb0       0x24 ../../libDaisy/build\libdaisy.a(gpio.o)
                0x08003bb0                dsy_gpio_write
 .text._ZN5daisy9I2CHandle4Impl8InitPinsEv
                0x08003bd4       0x58 ../../libDaisy/build\libdaisy.a(i2c.o)
                0x08003bd4                daisy::I2CHandle::Impl::InitPins()
 .text.HAL_I2C_MspInit
                0x08003c2c      0x1b4 ../../libDaisy/build\libdaisy.a(i2c.o)
                0x08003c2c                HAL_I2C_MspInit
 .text.dsy_i2c_global_init
                0x08003de0       0x78 ../../libDaisy/build\libdaisy.a(i2c.o)
                0x08003de0                dsy_i2c_global_init
 .text.DMA1_Stream6_IRQHandler
                0x08003e58       0x34 ../../libDaisy/build\libdaisy.a(i2c.o)
                0x08003e58                DMA1_Stream6_IRQHandler
 .text.I2C1_EV_IRQHandler
                0x08003e8c        0xc ../../libDaisy/build\libdaisy.a(i2c.o)
                0x08003e8c                I2C1_EV_IRQHandler
 .text.I2C2_EV_IRQHandler
                0x08003e98        0xc ../../libDaisy/build\libdaisy.a(i2c.o)
                0x08003e98                I2C2_EV_IRQHandler
 .text.I2C3_EV_IRQHandler
                0x08003ea4        0xc ../../libDaisy/build\libdaisy.a(i2c.o)
                0x08003ea4                I2C3_EV_IRQHandler
 .text._ZN5daisy9I2CHandle4InitERKNS0_6ConfigE
                0x08003eb0      0x134 ../../libDaisy/build\libdaisy.a(i2c.o)
                0x08003eb0                daisy::I2CHandle::Init(daisy::I2CHandle::Config const&)
 .text._ZN5daisy9I2CHandle16TransmitBlockingEtPhtm
                0x08003fe4       0x50 ../../libDaisy/build\libdaisy.a(i2c.o)
                0x08003fe4                daisy::I2CHandle::TransmitBlocking(unsigned short, unsigned char*, unsigned short, unsigned long)
 .text.startup._GLOBAL__sub_I__ZN5daisy9I2CHandle4Impl10GlobalInitEv
                0x08004034       0x18 ../../libDaisy/build\libdaisy.a(i2c.o)
 .text._ZN5daisy10QSPIHandle4Impl11WriteEnableEv
                0x0800404c       0x8c ../../libDaisy/build\libdaisy.a(qspi.o)
                0x0800404c                daisy::QSPIHandle::Impl::WriteEnable()
 .text._ZN5daisy10QSPIHandle4Impl17DummyCyclesConfigENS0_6Config6DeviceE
                0x080040d8      0x118 ../../libDaisy/build\libdaisy.a(qspi.o)
                0x080040d8                daisy::QSPIHandle::Impl::DummyCyclesConfig(daisy::QSPIHandle::Config::Device)
 .text._ZN5daisy10QSPIHandle4Impl10QuadEnableEv
                0x080041f0      0x158 ../../libDaisy/build\libdaisy.a(qspi.o)
                0x080041f0                daisy::QSPIHandle::Impl::QuadEnable()
 .text._ZN5daisy10QSPIHandle4InitERKNS0_6ConfigE
                0x08004348      0x18c ../../libDaisy/build\libdaisy.a(qspi.o)
                0x08004348                daisy::QSPIHandle::Init(daisy::QSPIHandle::Config const&)
 .text.HAL_QSPI_MspInit
                0x080044d4      0x11c ../../libDaisy/build\libdaisy.a(qspi.o)
                0x080044d4                HAL_QSPI_MspInit
 .text.HAL_QSPI_MspDeInit
                0x080045f0       0x54 ../../libDaisy/build\libdaisy.a(qspi.o)
                0x080045f0                HAL_QSPI_MspDeInit
 .text.QUADSPI_IRQHandler
                0x08004644        0xc ../../libDaisy/build\libdaisy.a(qspi.o)
                0x08004644                QUADSPI_IRQHandler
 .text.startup._GLOBAL__sub_I__ZN5daisy10QSPIHandle4Impl4InitERKNS0_6ConfigE
                0x08004650       0x28 ../../libDaisy/build\libdaisy.a(qspi.o)
 .text._ZN5daisy9SaiHandle4Impl7InitDmaENS1_15PeripheralBlockE
                0x08004678       0xa0 ../../libDaisy/build\libdaisy.a(sai.o)
                0x08004678                daisy::SaiHandle::Impl::InitDma(daisy::SaiHandle::Impl::PeripheralBlock)
 .text._ZN5daisy9SaiHandle4Impl8InitPinsEv
                0x08004718       0xa8 ../../libDaisy/build\libdaisy.a(sai.o)
                0x08004718                daisy::SaiHandle::Impl::InitPins()
 .text.HAL_SAI_MspInit
                0x080047c0      0x164 ../../libDaisy/build\libdaisy.a(sai.o)
                0x080047c0                HAL_SAI_MspInit
 .text.DMA1_Stream0_IRQHandler
                0x08004924        0xc ../../libDaisy/build\libdaisy.a(sai.o)
                0x08004924                DMA1_Stream0_IRQHandler
 .text.DMA1_Stream1_IRQHandler
                0x08004930        0xc ../../libDaisy/build\libdaisy.a(sai.o)
                0x08004930                DMA1_Stream1_IRQHandler
 .text.DMA1_Stream3_IRQHandler
                0x0800493c        0xc ../../libDaisy/build\libdaisy.a(sai.o)
                0x0800493c                DMA1_Stream3_IRQHandler
 .text.DMA1_Stream4_IRQHandler
                0x08004948        0xc ../../libDaisy/build\libdaisy.a(sai.o)
                0x08004948                DMA1_Stream4_IRQHandler
 .text.HAL_SAI_RxHalfCpltCallback
                0x08004954       0x78 ../../libDaisy/build\libdaisy.a(sai.o)
                0x08004954                HAL_SAI_RxHalfCpltCallback
 .text.HAL_SAI_RxCpltCallback
                0x080049cc       0x70 ../../libDaisy/build\libdaisy.a(sai.o)
                0x080049cc                HAL_SAI_RxCpltCallback
 *fill*         0x08004a3c        0x4 
 .text._ZN5daisy9SaiHandle4InitERKNS0_6ConfigE
                0x08004a40      0x1f0 ../../libDaisy/build\libdaisy.a(sai.o)
                0x08004a40                daisy::SaiHandle::Init(daisy::SaiHandle::Config const&)
 .text._ZNK5daisy9SaiHandle9GetConfigEv
                0x08004c30        0x4 ../../libDaisy/build\libdaisy.a(sai.o)
                0x08004c30                daisy::SaiHandle::GetConfig() const
 .text._ZN5daisy9SaiHandle8StartDmaEPlS1_jPFvS1_S1_jE
                0x08004c34       0xbc ../../libDaisy/build\libdaisy.a(sai.o)
                0x08004c34                daisy::SaiHandle::StartDma(long*, long*, unsigned int, void (*)(long*, long*, unsigned int))
 .text._ZN5daisy9SaiHandle13GetSampleRateEv
                0x08004cf0       0x24 ../../libDaisy/build\libdaisy.a(sai.o)
                0x08004cf0                daisy::SaiHandle::GetSampleRate()
 .text._ZNK5daisy9SaiHandle9GetOffsetEv
                0x08004d14        0x8 ../../libDaisy/build\libdaisy.a(sai.o)
                0x08004d14                daisy::SaiHandle::GetOffset() const
 .text._ZN5daisy11TimerHandleD2Ev
                0x08004d1c        0x4 ../../libDaisy/build\libdaisy.a(system.o)
                0x08004d1c                daisy::TimerHandle::~TimerHandle()
                0x08004d1c                daisy::TimerHandle::~TimerHandle()
 .text.SysTick_Handler
                0x08004d20       0x10 ../../libDaisy/build\libdaisy.a(system.o)
                0x08004d20                SysTick_Handler
 .text.OTG_HS_EP1_OUT_IRQHandler
                0x08004d30       0x24 ../../libDaisy/build\libdaisy.a(system.o)
                0x08004d30                OTG_HS_EP1_OUT_IRQHandler
 .text.OTG_HS_EP1_IN_IRQHandler
                0x08004d54       0x24 ../../libDaisy/build\libdaisy.a(system.o)
                0x08004d54                OTG_HS_EP1_IN_IRQHandler
 .text.OTG_HS_IRQHandler
                0x08004d78       0x24 ../../libDaisy/build\libdaisy.a(system.o)
                0x08004d78                OTG_HS_IRQHandler
 .text.HardFault_Handler
                0x08004d9c       0xe0 ../../libDaisy/build\libdaisy.a(system.o)
                0x08004d9c                HardFault_Handler
 .text._ZN5daisy6System6GetNowEv
                0x08004e7c        0x4 ../../libDaisy/build\libdaisy.a(system.o)
                0x08004e7c                daisy::System::GetNow()
 .text._ZN5daisy6System5DelayEm
                0x08004e80        0x4 ../../libDaisy/build\libdaisy.a(system.o)
                0x08004e80                daisy::System::Delay(unsigned long)
 .text._ZN5daisy6System20GetBootloaderVersionEv
                0x08004e84       0x34 ../../libDaisy/build\libdaisy.a(system.o)
                0x08004e84                daisy::System::GetBootloaderVersion()
 .text._ZN5daisy6System15ConfigureClocksEv
                0x08004eb8      0x1a4 ../../libDaisy/build\libdaisy.a(system.o)
                0x08004eb8                daisy::System::ConfigureClocks()
 .text._ZN5daisy6System12ConfigureMpuEv
                0x0800505c       0x7c ../../libDaisy/build\libdaisy.a(system.o)
                0x0800505c                daisy::System::ConfigureMpu()
 .text._ZN5daisy6System4InitERKNS0_6ConfigE
                0x080050d8       0xf8 ../../libDaisy/build\libdaisy.a(system.o)
                0x080050d8                daisy::System::Init(daisy::System::Config const&)
 .text._ZN5daisy6System12GetPClk1FreqEv
                0x080051d0        0x4 ../../libDaisy/build\libdaisy.a(system.o)
                0x080051d0                daisy::System::GetPClk1Freq()
 .text._ZN5daisy6System22GetProgramMemoryRegionEv
                0x080051d4       0x78 ../../libDaisy/build\libdaisy.a(system.o)
                0x080051d4                daisy::System::GetProgramMemoryRegion()
 .text.startup._GLOBAL__sub_I__ZN5daisy9boot_infoE
                0x0800524c       0x1c ../../libDaisy/build\libdaisy.a(system.o)
 .text.SystemInit
                0x08005268       0x9c ../../libDaisy/build\libdaisy.a(system_stm32h7xx.o)
                0x08005268                SystemInit
 .text.HAL_PCD_SetupStageCallback
                0x08005304        0xc ../../libDaisy/build\libdaisy.a(usbd_conf.o)
                0x08005304                HAL_PCD_SetupStageCallback
 .text.HAL_PCD_DataOutStageCallback
                0x08005310       0x14 ../../libDaisy/build\libdaisy.a(usbd_conf.o)
                0x08005310                HAL_PCD_DataOutStageCallback
 .text.HAL_PCD_DataInStageCallback
                0x08005324       0x14 ../../libDaisy/build\libdaisy.a(usbd_conf.o)
                0x08005324                HAL_PCD_DataInStageCallback
 .text.HAL_PCD_SOFCallback
                0x08005338        0x8 ../../libDaisy/build\libdaisy.a(usbd_conf.o)
                0x08005338                HAL_PCD_SOFCallback
 .text.HAL_PCD_ResetCallback
                0x08005340       0x24 ../../libDaisy/build\libdaisy.a(usbd_conf.o)
                0x08005340                HAL_PCD_ResetCallback
 .text.HAL_PCD_SuspendCallback
                0x08005364       0x30 ../../libDaisy/build\libdaisy.a(usbd_conf.o)
                0x08005364                HAL_PCD_SuspendCallback
 .text.HAL_PCD_ResumeCallback
                0x08005394        0x8 ../../libDaisy/build\libdaisy.a(usbd_conf.o)
                0x08005394                HAL_PCD_ResumeCallback
 .text.HAL_PCD_ISOOUTIncompleteCallback
                0x0800539c        0x8 ../../libDaisy/build\libdaisy.a(usbd_conf.o)
                0x0800539c                HAL_PCD_ISOOUTIncompleteCallback
 .text.HAL_PCD_ISOINIncompleteCallback
                0x080053a4        0x8 ../../libDaisy/build\libdaisy.a(usbd_conf.o)
                0x080053a4                HAL_PCD_ISOINIncompleteCallback
 .text.HAL_PCD_ConnectCallback
                0x080053ac        0x8 ../../libDaisy/build\libdaisy.a(usbd_conf.o)
                0x080053ac                HAL_PCD_ConnectCallback
 .text.HAL_PCD_DisconnectCallback
                0x080053b4        0x8 ../../libDaisy/build\libdaisy.a(usbd_conf.o)
                0x080053b4                HAL_PCD_DisconnectCallback
 .text.USBD_LL_OpenEP
                0x080053bc       0x24 ../../libDaisy/build\libdaisy.a(usbd_conf.o)
                0x080053bc                USBD_LL_OpenEP
 .text.USBD_LL_StallEP
                0x080053e0       0x1c ../../libDaisy/build\libdaisy.a(usbd_conf.o)
                0x080053e0                USBD_LL_StallEP
 .text.USBD_LL_ClearStallEP
                0x080053fc       0x1c ../../libDaisy/build\libdaisy.a(usbd_conf.o)
                0x080053fc                USBD_LL_ClearStallEP
 .text.USBD_LL_IsStallEP
                0x08005418       0x28 ../../libDaisy/build\libdaisy.a(usbd_conf.o)
                0x08005418                USBD_LL_IsStallEP
 .text.USBD_LL_SetUSBAddress
                0x08005440       0x1c ../../libDaisy/build\libdaisy.a(usbd_conf.o)
                0x08005440                USBD_LL_SetUSBAddress
 .text.USBD_LL_Transmit
                0x0800545c       0x1c ../../libDaisy/build\libdaisy.a(usbd_conf.o)
                0x0800545c                USBD_LL_Transmit
 .text.USBD_LL_PrepareReceive
                0x08005478       0x1c ../../libDaisy/build\libdaisy.a(usbd_conf.o)
                0x08005478                USBD_LL_PrepareReceive
 .text.HAL_HCD_SOF_Callback
                0x08005494        0x8 ../../libDaisy/build\libdaisy.a(usbh_conf.o)
                0x08005494                HAL_HCD_SOF_Callback
 .text.HAL_HCD_Connect_Callback
                0x0800549c        0x8 ../../libDaisy/build\libdaisy.a(usbh_conf.o)
                0x0800549c                HAL_HCD_Connect_Callback
 .text.HAL_HCD_Disconnect_Callback
                0x080054a4        0x8 ../../libDaisy/build\libdaisy.a(usbh_conf.o)
                0x080054a4                HAL_HCD_Disconnect_Callback
 .text.HAL_HCD_HC_NotifyURBChange_Callback
                0x080054ac        0x4 ../../libDaisy/build\libdaisy.a(usbh_conf.o)
                0x080054ac                HAL_HCD_HC_NotifyURBChange_Callback
 .text.HAL_HCD_PortEnabled_Callback
                0x080054b0        0x8 ../../libDaisy/build\libdaisy.a(usbh_conf.o)
                0x080054b0                HAL_HCD_PortEnabled_Callback
 .text.HAL_HCD_PortDisabled_Callback
                0x080054b8        0x8 ../../libDaisy/build\libdaisy.a(usbh_conf.o)
                0x080054b8                HAL_HCD_PortDisabled_Callback
 .text.USBH_LL_Stop
                0x080054c0       0x1c ../../libDaisy/build\libdaisy.a(usbh_conf.o)
                0x080054c0                USBH_LL_Stop
 .text.dsy_hal_map_get_port
                0x080054dc       0x10 ../../libDaisy/build\libdaisy.a(hal_map.o)
                0x080054dc                dsy_hal_map_get_port
 .text.dsy_hal_map_get_pin
                0x080054ec       0x10 ../../libDaisy/build\libdaisy.a(hal_map.o)
                0x080054ec                dsy_hal_map_get_pin
 .text.dsy_hal_map_gpio_clk_enable
                0x080054fc      0x150 ../../libDaisy/build\libdaisy.a(hal_map.o)
                0x080054fc                dsy_hal_map_gpio_clk_enable
 .text.HAL_MspInit
                0x0800564c        0x4 ../../libDaisy/build\libdaisy.a(stm32h7xx_hal.o)
                0x0800564c                HAL_MspInit
 .text.HAL_InitTick
                0x08005650       0x4c ../../libDaisy/build\libdaisy.a(stm32h7xx_hal.o)
                0x08005650                HAL_InitTick
 .text.HAL_Init
                0x0800569c       0x60 ../../libDaisy/build\libdaisy.a(stm32h7xx_hal.o)
                0x0800569c                HAL_Init
 .text.HAL_IncTick
                0x080056fc       0x18 ../../libDaisy/build\libdaisy.a(stm32h7xx_hal.o)
                0x080056fc                HAL_IncTick
 .text.HAL_GetTick
                0x08005714        0xc ../../libDaisy/build\libdaisy.a(stm32h7xx_hal.o)
                0x08005714                HAL_GetTick
 .text.HAL_Delay
                0x08005720       0x24 ../../libDaisy/build\libdaisy.a(stm32h7xx_hal.o)
                0x08005720                HAL_Delay
 .text.HAL_GetREVID
                0x08005744        0xc ../../libDaisy/build\libdaisy.a(stm32h7xx_hal.o)
                0x08005744                HAL_GetREVID
 .text.HAL_ADC_ConvHalfCpltCallback
                0x08005750        0x4 ../../libDaisy/build\libdaisy.a(stm32h7xx_hal_adc.o)
                0x08005750                HAL_ADC_ConvHalfCpltCallback
 .text.ADC_DMAHalfConvCplt
                0x08005754        0xc ../../libDaisy/build\libdaisy.a(stm32h7xx_hal_adc.o)
                0x08005754                ADC_DMAHalfConvCplt
 .text.ADC_DMAConvCplt
                0x08005760       0x6c ../../libDaisy/build\libdaisy.a(stm32h7xx_hal_adc.o)
                0x08005760                ADC_DMAConvCplt
 .text.ADC_DMAError
                0x080057cc       0x1c ../../libDaisy/build\libdaisy.a(stm32h7xx_hal_adc.o)
                0x080057cc                ADC_DMAError
 .text.HAL_ADC_ConfigChannel
                0x080057e8      0x440 ../../libDaisy/build\libdaisy.a(stm32h7xx_hal_adc.o)
                0x080057e8                HAL_ADC_ConfigChannel
 .text.ADC_Enable
                0x08005c28       0xac ../../libDaisy/build\libdaisy.a(stm32h7xx_hal_adc.o)
                0x08005c28                ADC_Enable
 .text.HAL_ADC_Start_DMA
                0x08005cd4      0x124 ../../libDaisy/build\libdaisy.a(stm32h7xx_hal_adc.o)
                0x08005cd4                HAL_ADC_Start_DMA
 .text.ADC_Disable
                0x08005df8       0x74 ../../libDaisy/build\libdaisy.a(stm32h7xx_hal_adc.o)
                0x08005df8                ADC_Disable
 .text.ADC_ConfigureBoostMode
                0x08005e6c      0x17c ../../libDaisy/build\libdaisy.a(stm32h7xx_hal_adc.o)
                0x08005e6c                ADC_ConfigureBoostMode
 .text.HAL_ADC_Init
                0x08005fe8      0x21c ../../libDaisy/build\libdaisy.a(stm32h7xx_hal_adc.o)
                0x08005fe8                HAL_ADC_Init
 .text.HAL_ADCEx_Calibration_Start
                0x08006204       0xa4 ../../libDaisy/build\libdaisy.a(stm32h7xx_hal_adc_ex.o)
                0x08006204                HAL_ADCEx_Calibration_Start
 .text.HAL_ADCEx_MultiModeConfigChannel
                0x080062a8       0xd0 ../../libDaisy/build\libdaisy.a(stm32h7xx_hal_adc_ex.o)
                0x080062a8                HAL_ADCEx_MultiModeConfigChannel
 .text.HAL_NVIC_SetPriorityGrouping
                0x08006378       0x24 ../../libDaisy/build\libdaisy.a(stm32h7xx_hal_cortex.o)
                0x08006378                HAL_NVIC_SetPriorityGrouping
 .text.HAL_NVIC_SetPriority
                0x0800639c       0x7c ../../libDaisy/build\libdaisy.a(stm32h7xx_hal_cortex.o)
                0x0800639c                HAL_NVIC_SetPriority
 .text.HAL_NVIC_EnableIRQ
                0x08006418       0x1c ../../libDaisy/build\libdaisy.a(stm32h7xx_hal_cortex.o)
                0x08006418                HAL_NVIC_EnableIRQ
 .text.HAL_NVIC_DisableIRQ
                0x08006434       0x28 ../../libDaisy/build\libdaisy.a(stm32h7xx_hal_cortex.o)
                0x08006434                HAL_NVIC_DisableIRQ
 .text.HAL_SYSTICK_Config
                0x0800645c       0x2c ../../libDaisy/build\libdaisy.a(stm32h7xx_hal_cortex.o)
                0x0800645c                HAL_SYSTICK_Config
 .text.HAL_MPU_Disable
                0x08006488       0x1c ../../libDaisy/build\libdaisy.a(stm32h7xx_hal_cortex.o)
                0x08006488                HAL_MPU_Disable
 .text.HAL_MPU_Enable
                0x080064a4       0x20 ../../libDaisy/build\libdaisy.a(stm32h7xx_hal_cortex.o)
                0x080064a4                HAL_MPU_Enable
 .text.HAL_MPU_ConfigRegion
                0x080064c4       0x64 ../../libDaisy/build\libdaisy.a(stm32h7xx_hal_cortex.o)
                0x080064c4                HAL_MPU_ConfigRegion
 .text.HAL_SYSTICK_Callback
                0x08006528        0x4 ../../libDaisy/build\libdaisy.a(stm32h7xx_hal_cortex.o)
                0x08006528                HAL_SYSTICK_Callback
 .text.HAL_SYSTICK_IRQHandler
                0x0800652c        0x8 ../../libDaisy/build\libdaisy.a(stm32h7xx_hal_cortex.o)
                0x0800652c                HAL_SYSTICK_IRQHandler
 .text.DMA_CalcBaseAndBitshift
                0x08006534       0xf4 ../../libDaisy/build\libdaisy.a(stm32h7xx_hal_dma.o)
 .text.DMA_CalcDMAMUXChannelBaseAndMask
                0x08006628       0xd8 ../../libDaisy/build\libdaisy.a(stm32h7xx_hal_dma.o)
 .text.HAL_DMA_Init
                0x08006700      0x4dc ../../libDaisy/build\libdaisy.a(stm32h7xx_hal_dma.o)
                0x08006700                HAL_DMA_Init
 .text.HAL_DMA_Start_IT
                0x08006bdc      0x344 ../../libDaisy/build\libdaisy.a(stm32h7xx_hal_dma.o)
                0x08006bdc                HAL_DMA_Start_IT
 .text.HAL_DMA_Abort
                0x08006f20      0x2f0 ../../libDaisy/build\libdaisy.a(stm32h7xx_hal_dma.o)
                0x08006f20                HAL_DMA_Abort
 .text.HAL_DMA_Abort_IT
                0x08007210      0x194 ../../libDaisy/build\libdaisy.a(stm32h7xx_hal_dma.o)
                0x08007210                HAL_DMA_Abort_IT
 .text.HAL_DMA_IRQHandler
                0x080073a4      0x6a0 ../../libDaisy/build\libdaisy.a(stm32h7xx_hal_dma.o)
                0x080073a4                HAL_DMA_IRQHandler
 .text.HAL_DMA_GetError
                0x08007a44        0x4 ../../libDaisy/build\libdaisy.a(stm32h7xx_hal_dma.o)
                0x08007a44                HAL_DMA_GetError
 .text.HAL_GPIO_Init
                0x08007a48      0x274 ../../libDaisy/build\libdaisy.a(stm32h7xx_hal_gpio.o)
                0x08007a48                HAL_GPIO_Init
 .text.HAL_GPIO_DeInit
                0x08007cbc      0x190 ../../libDaisy/build\libdaisy.a(stm32h7xx_hal_gpio.o)
                0x08007cbc                HAL_GPIO_DeInit
 .text.HAL_GPIO_ReadPin
                0x08007e4c        0xc ../../libDaisy/build\libdaisy.a(stm32h7xx_hal_gpio.o)
                0x08007e4c                HAL_GPIO_ReadPin
 .text.HAL_GPIO_WritePin
                0x08007e58        0x8 ../../libDaisy/build\libdaisy.a(stm32h7xx_hal_gpio.o)
                0x08007e58                HAL_GPIO_WritePin
 .text.HAL_HCD_IRQHandler
                0x08007e60      0x8f4 ../../libDaisy/build\libdaisy.a(stm32h7xx_hal_hcd.o)
                0x08007e60                HAL_HCD_IRQHandler
 .text.HAL_HCD_Stop
                0x08008754       0x28 ../../libDaisy/build\libdaisy.a(stm32h7xx_hal_hcd.o)
                0x08008754                HAL_HCD_Stop
 .text.I2C_WaitOnTXISFlagUntilTimeout
                0x0800877c      0x16c ../../libDaisy/build\libdaisy.a(stm32h7xx_hal_i2c.o)
 .text.I2C_WaitOnSTOPFlagUntilTimeout
                0x080088e8      0x168 ../../libDaisy/build\libdaisy.a(stm32h7xx_hal_i2c.o)
 .text.HAL_I2C_Init
                0x08008a50       0xac ../../libDaisy/build\libdaisy.a(stm32h7xx_hal_i2c.o)
                0x08008a50                HAL_I2C_Init
 .text.HAL_I2C_Master_Transmit
                0x08008afc      0x37c ../../libDaisy/build\libdaisy.a(stm32h7xx_hal_i2c.o)
                0x08008afc                HAL_I2C_Master_Transmit
 .text.HAL_I2C_Slave_Transmit
                0x08008e78      0x254 ../../libDaisy/build\libdaisy.a(stm32h7xx_hal_i2c.o)
                0x08008e78                HAL_I2C_Slave_Transmit
 .text.HAL_I2C_EV_IRQHandler
                0x080090cc       0x10 ../../libDaisy/build\libdaisy.a(stm32h7xx_hal_i2c.o)
                0x080090cc                HAL_I2C_EV_IRQHandler
 .text.HAL_I2C_GetState
                0x080090dc        0x8 ../../libDaisy/build\libdaisy.a(stm32h7xx_hal_i2c.o)
                0x080090dc                HAL_I2C_GetState
 .text.HAL_I2CEx_ConfigAnalogFilter
                0x080090e4       0x54 ../../libDaisy/build\libdaisy.a(stm32h7xx_hal_i2c_ex.o)
                0x080090e4                HAL_I2CEx_ConfigAnalogFilter
 .text.HAL_I2CEx_ConfigDigitalFilter
                0x08009138       0x58 ../../libDaisy/build\libdaisy.a(stm32h7xx_hal_i2c_ex.o)
                0x08009138                HAL_I2CEx_ConfigDigitalFilter
 .text.HAL_PCD_IRQHandler
                0x08009190      0xb48 ../../libDaisy/build\libdaisy.a(stm32h7xx_hal_pcd.o)
                0x08009190                HAL_PCD_IRQHandler
 .text.HAL_PCD_SetAddress
                0x08009cd8       0x2c ../../libDaisy/build\libdaisy.a(stm32h7xx_hal_pcd.o)
                0x08009cd8                HAL_PCD_SetAddress
 .text.HAL_PCD_EP_Open
                0x08009d04       0x7c ../../libDaisy/build\libdaisy.a(stm32h7xx_hal_pcd.o)
                0x08009d04                HAL_PCD_EP_Open
 .text.HAL_PCD_EP_Receive
                0x08009d80       0x44 ../../libDaisy/build\libdaisy.a(stm32h7xx_hal_pcd.o)
                0x08009d80                HAL_PCD_EP_Receive
 .text.HAL_PCD_EP_Transmit
                0x08009dc4       0x44 ../../libDaisy/build\libdaisy.a(stm32h7xx_hal_pcd.o)
                0x08009dc4                HAL_PCD_EP_Transmit
 .text.HAL_PCD_EP_SetStall
                0x08009e08       0x88 ../../libDaisy/build\libdaisy.a(stm32h7xx_hal_pcd.o)
                0x08009e08                HAL_PCD_EP_SetStall
 .text.HAL_PCD_EP_ClrStall
                0x08009e90       0x78 ../../libDaisy/build\libdaisy.a(stm32h7xx_hal_pcd.o)
                0x08009e90                HAL_PCD_EP_ClrStall
 .text.HAL_PCDEx_LPM_Callback
                0x08009f08        0x4 ../../libDaisy/build\libdaisy.a(stm32h7xx_hal_pcd_ex.o)
                0x08009f08                HAL_PCDEx_LPM_Callback
 .text.HAL_PWREx_ConfigSupply
                0x08009f0c       0x48 ../../libDaisy/build\libdaisy.a(stm32h7xx_hal_pwr_ex.o)
                0x08009f0c                HAL_PWREx_ConfigSupply
 .text.HAL_PWREx_EnableUSBVoltageDetector
                0x08009f54       0x10 ../../libDaisy/build\libdaisy.a(stm32h7xx_hal_pwr_ex.o)
                0x08009f54                HAL_PWREx_EnableUSBVoltageDetector
 .text.QSPI_Config
                0x08009f64      0x174 ../../libDaisy/build\libdaisy.a(stm32h7xx_hal_qspi.o)
 .text.HAL_QSPI_Init
                0x0800a0d8       0xb8 ../../libDaisy/build\libdaisy.a(stm32h7xx_hal_qspi.o)
                0x0800a0d8                HAL_QSPI_Init
 .text.HAL_QSPI_DeInit
                0x0800a190       0x24 ../../libDaisy/build\libdaisy.a(stm32h7xx_hal_qspi.o)
                0x0800a190                HAL_QSPI_DeInit
 .text.HAL_QSPI_Command
                0x0800a1b4       0xd4 ../../libDaisy/build\libdaisy.a(stm32h7xx_hal_qspi.o)
                0x0800a1b4                HAL_QSPI_Command
 .text.HAL_QSPI_Transmit
                0x0800a288       0xfc ../../libDaisy/build\libdaisy.a(stm32h7xx_hal_qspi.o)
                0x0800a288                HAL_QSPI_Transmit
 .text.HAL_QSPI_Receive
                0x0800a384      0x108 ../../libDaisy/build\libdaisy.a(stm32h7xx_hal_qspi.o)
                0x0800a384                HAL_QSPI_Receive
 .text.HAL_QSPI_AutoPolling
                0x0800a48c       0xf0 ../../libDaisy/build\libdaisy.a(stm32h7xx_hal_qspi.o)
                0x0800a48c                HAL_QSPI_AutoPolling
 .text.HAL_QSPI_MemoryMapped
                0x0800a57c       0xc0 ../../libDaisy/build\libdaisy.a(stm32h7xx_hal_qspi.o)
                0x0800a57c                HAL_QSPI_MemoryMapped
 .text.HAL_QSPI_ErrorCallback
                0x0800a63c        0x4 ../../libDaisy/build\libdaisy.a(stm32h7xx_hal_qspi.o)
                0x0800a63c                HAL_QSPI_ErrorCallback
 .text.QSPI_DMAAbortCplt
                0x0800a640       0x38 ../../libDaisy/build\libdaisy.a(stm32h7xx_hal_qspi.o)
 .text.HAL_QSPI_AbortCpltCallback
                0x0800a678        0x4 ../../libDaisy/build\libdaisy.a(stm32h7xx_hal_qspi.o)
                0x0800a678                HAL_QSPI_AbortCpltCallback
 .text.HAL_QSPI_CmdCpltCallback
                0x0800a67c        0x4 ../../libDaisy/build\libdaisy.a(stm32h7xx_hal_qspi.o)
                0x0800a67c                HAL_QSPI_CmdCpltCallback
 .text.HAL_QSPI_RxCpltCallback
                0x0800a680        0x4 ../../libDaisy/build\libdaisy.a(stm32h7xx_hal_qspi.o)
                0x0800a680                HAL_QSPI_RxCpltCallback
 .text.HAL_QSPI_TxCpltCallback
                0x0800a684        0x4 ../../libDaisy/build\libdaisy.a(stm32h7xx_hal_qspi.o)
                0x0800a684                HAL_QSPI_TxCpltCallback
 .text.HAL_QSPI_FifoThresholdCallback
                0x0800a688        0x4 ../../libDaisy/build\libdaisy.a(stm32h7xx_hal_qspi.o)
                0x0800a688                HAL_QSPI_FifoThresholdCallback
 .text.HAL_QSPI_StatusMatchCallback
                0x0800a68c        0x4 ../../libDaisy/build\libdaisy.a(stm32h7xx_hal_qspi.o)
                0x0800a68c                HAL_QSPI_StatusMatchCallback
 .text.HAL_QSPI_TimeOutCallback
                0x0800a690        0x4 ../../libDaisy/build\libdaisy.a(stm32h7xx_hal_qspi.o)
                0x0800a690                HAL_QSPI_TimeOutCallback
 .text.HAL_QSPI_IRQHandler
                0x0800a694      0x210 ../../libDaisy/build\libdaisy.a(stm32h7xx_hal_qspi.o)
                0x0800a694                HAL_QSPI_IRQHandler
 .text.HAL_RCC_GetSysClockFreq.part.0
                0x0800a8a4      0x130 ../../libDaisy/build\libdaisy.a(stm32h7xx_hal_rcc.o)
 .text.HAL_RCC_OscConfig
                0x0800a9d4      0x5f4 ../../libDaisy/build\libdaisy.a(stm32h7xx_hal_rcc.o)
                0x0800a9d4                HAL_RCC_OscConfig
 .text.HAL_RCC_GetSysClockFreq
                0x0800afc8      0x140 ../../libDaisy/build\libdaisy.a(stm32h7xx_hal_rcc.o)
                0x0800afc8                HAL_RCC_GetSysClockFreq
 .text.HAL_RCC_ClockConfig
                0x0800b108      0x250 ../../libDaisy/build\libdaisy.a(stm32h7xx_hal_rcc.o)
                0x0800b108                HAL_RCC_ClockConfig
 .text.HAL_RCC_GetHCLKFreq
                0x0800b358       0x80 ../../libDaisy/build\libdaisy.a(stm32h7xx_hal_rcc.o)
                0x0800b358                HAL_RCC_GetHCLKFreq
 .text.HAL_RCC_GetPCLK1Freq
                0x0800b3d8       0x90 ../../libDaisy/build\libdaisy.a(stm32h7xx_hal_rcc.o)
                0x0800b3d8                HAL_RCC_GetPCLK1Freq
 .text.HAL_RCC_GetPCLK2Freq
                0x0800b468       0x90 ../../libDaisy/build\libdaisy.a(stm32h7xx_hal_rcc.o)
                0x0800b468                HAL_RCC_GetPCLK2Freq
 .text.RCCEx_PLL2_Config
                0x0800b4f8       0xf4 ../../libDaisy/build\libdaisy.a(stm32h7xx_hal_rcc_ex.o)
 .text.RCCEx_PLL3_Config
                0x0800b5ec       0xf4 ../../libDaisy/build\libdaisy.a(stm32h7xx_hal_rcc_ex.o)
 .text.HAL_RCCEx_PeriphCLKConfig
                0x0800b6e0      0xbf8 ../../libDaisy/build\libdaisy.a(stm32h7xx_hal_rcc_ex.o)
                0x0800b6e0                HAL_RCCEx_PeriphCLKConfig
 .text.HAL_RCCEx_GetD3PCLK1Freq
                0x0800c2d8       0x24 ../../libDaisy/build\libdaisy.a(stm32h7xx_hal_rcc_ex.o)
                0x0800c2d8                HAL_RCCEx_GetD3PCLK1Freq
 .text.HAL_RCCEx_GetPLL2ClockFreq
                0x0800c2fc      0x17c ../../libDaisy/build\libdaisy.a(stm32h7xx_hal_rcc_ex.o)
                0x0800c2fc                HAL_RCCEx_GetPLL2ClockFreq
 .text.HAL_RCCEx_GetPLL3ClockFreq
                0x0800c478      0x17c ../../libDaisy/build\libdaisy.a(stm32h7xx_hal_rcc_ex.o)
                0x0800c478                HAL_RCCEx_GetPLL3ClockFreq
 .text.HAL_RCCEx_GetPLL1ClockFreq
                0x0800c5f4      0x18c ../../libDaisy/build\libdaisy.a(stm32h7xx_hal_rcc_ex.o)
                0x0800c5f4                HAL_RCCEx_GetPLL1ClockFreq
 .text.HAL_RCCEx_GetPeriphCLKFreq
                0x0800c780      0x390 ../../libDaisy/build\libdaisy.a(stm32h7xx_hal_rcc_ex.o)
                0x0800c780                HAL_RCCEx_GetPeriphCLKFreq
 .text.HAL_SAI_Init.part.0
                0x0800cb10      0x390 ../../libDaisy/build\libdaisy.a(stm32h7xx_hal_sai.o)
 .text.HAL_SAI_InitProtocol
                0x0800cea0      0x174 ../../libDaisy/build\libdaisy.a(stm32h7xx_hal_sai.o)
                0x0800cea0                HAL_SAI_InitProtocol
 .text.HAL_SAI_Transmit_DMA
                0x0800d014      0x124 ../../libDaisy/build\libdaisy.a(stm32h7xx_hal_sai.o)
                0x0800d014                HAL_SAI_Transmit_DMA
 .text.HAL_SAI_Receive_DMA
                0x0800d138       0xd0 ../../libDaisy/build\libdaisy.a(stm32h7xx_hal_sai.o)
                0x0800d138                HAL_SAI_Receive_DMA
 .text.HAL_SAI_TxCpltCallback
                0x0800d208        0x4 ../../libDaisy/build\libdaisy.a(stm32h7xx_hal_sai.o)
                0x0800d208                HAL_SAI_TxCpltCallback
 .text.SAI_DMATxCplt
                0x0800d20c       0x64 ../../libDaisy/build\libdaisy.a(stm32h7xx_hal_sai.o)
 .text.HAL_SAI_TxHalfCpltCallback
                0x0800d270        0x4 ../../libDaisy/build\libdaisy.a(stm32h7xx_hal_sai.o)
                0x0800d270                HAL_SAI_TxHalfCpltCallback
 .text.SAI_DMATxHalfCplt
                0x0800d274        0xc ../../libDaisy/build\libdaisy.a(stm32h7xx_hal_sai.o)
 .text.SAI_DMARxCplt
                0x0800d280       0x64 ../../libDaisy/build\libdaisy.a(stm32h7xx_hal_sai.o)
 .text.SAI_DMARxHalfCplt
                0x0800d2e4        0xc ../../libDaisy/build\libdaisy.a(stm32h7xx_hal_sai.o)
 .text.HAL_SAI_ErrorCallback
                0x0800d2f0        0x4 ../../libDaisy/build\libdaisy.a(stm32h7xx_hal_sai.o)
                0x0800d2f0                HAL_SAI_ErrorCallback
 .text.SAI_DMAError
                0x0800d2f4       0x6c ../../libDaisy/build\libdaisy.a(stm32h7xx_hal_sai.o)
 .text.HAL_SDRAM_Init
                0x0800d360       0x54 ../../libDaisy/build\libdaisy.a(stm32h7xx_hal_sdram.o)
                0x0800d360                HAL_SDRAM_Init
 .text.HAL_SDRAM_SendCommand
                0x0800d3b4       0x40 ../../libDaisy/build\libdaisy.a(stm32h7xx_hal_sdram.o)
                0x0800d3b4                HAL_SDRAM_SendCommand
 .text.HAL_SDRAM_ProgramRefreshRate
                0x0800d3f4       0x30 ../../libDaisy/build\libdaisy.a(stm32h7xx_hal_sdram.o)
                0x0800d3f4                HAL_SDRAM_ProgramRefreshRate
 .text.FMC_SDRAM_Init
                0x0800d424       0x7c ../../libDaisy/build\libdaisy.a(stm32h7xx_ll_fmc.o)
                0x0800d424                FMC_SDRAM_Init
 .text.FMC_SDRAM_Timing_Init
                0x0800d4a0       0x98 ../../libDaisy/build\libdaisy.a(stm32h7xx_ll_fmc.o)
                0x0800d4a0                FMC_SDRAM_Timing_Init
 .text.FMC_SDRAM_SendCommand
                0x0800d538       0x30 ../../libDaisy/build\libdaisy.a(stm32h7xx_ll_fmc.o)
                0x0800d538                FMC_SDRAM_SendCommand
 .text.FMC_SDRAM_ProgramRefreshRate
                0x0800d568       0x1c ../../libDaisy/build\libdaisy.a(stm32h7xx_ll_fmc.o)
                0x0800d568                FMC_SDRAM_ProgramRefreshRate
 .text.USB_SetTurnaroundTime
                0x0800d584       0xf4 ../../libDaisy/build\libdaisy.a(stm32h7xx_ll_usb.o)
                0x0800d584                USB_SetTurnaroundTime
 .text.USB_FlushTxFifo
                0x0800d678       0x54 ../../libDaisy/build\libdaisy.a(stm32h7xx_ll_usb.o)
                0x0800d678                USB_FlushTxFifo
 .text.USB_FlushRxFifo
                0x0800d6cc       0x50 ../../libDaisy/build\libdaisy.a(stm32h7xx_ll_usb.o)
                0x0800d6cc                USB_FlushRxFifo
 .text.USB_GetDevSpeed
                0x0800d71c       0x18 ../../libDaisy/build\libdaisy.a(stm32h7xx_ll_usb.o)
                0x0800d71c                USB_GetDevSpeed
 .text.USB_ActivateEndpoint
                0x0800d734       0x90 ../../libDaisy/build\libdaisy.a(stm32h7xx_ll_usb.o)
                0x0800d734                USB_ActivateEndpoint
 .text.USB_EPStartXfer
                0x0800d7c4      0x288 ../../libDaisy/build\libdaisy.a(stm32h7xx_ll_usb.o)
                0x0800d7c4                USB_EPStartXfer
 .text.USB_EPStopXfer
                0x0800da4c       0x88 ../../libDaisy/build\libdaisy.a(stm32h7xx_ll_usb.o)
                0x0800da4c                USB_EPStopXfer
 .text.USB_WritePacket
                0x0800dad4       0x2c ../../libDaisy/build\libdaisy.a(stm32h7xx_ll_usb.o)
                0x0800dad4                USB_WritePacket
 .text.USB_ReadPacket
                0x0800db00       0x4c ../../libDaisy/build\libdaisy.a(stm32h7xx_ll_usb.o)
                0x0800db00                USB_ReadPacket
 .text.USB_EPSetStall
                0x0800db4c       0x68 ../../libDaisy/build\libdaisy.a(stm32h7xx_ll_usb.o)
                0x0800db4c                USB_EPSetStall
 .text.USB_EPClearStall
                0x0800dbb4       0x58 ../../libDaisy/build\libdaisy.a(stm32h7xx_ll_usb.o)
                0x0800dbb4                USB_EPClearStall
 .text.USB_SetDevAddress
                0x0800dc0c       0x24 ../../libDaisy/build\libdaisy.a(stm32h7xx_ll_usb.o)
                0x0800dc0c                USB_SetDevAddress
 .text.USB_ReadInterrupts
                0x0800dc30        0x8 ../../libDaisy/build\libdaisy.a(stm32h7xx_ll_usb.o)
                0x0800dc30                USB_ReadInterrupts
 .text.USB_ReadChInterrupts
                0x0800dc38       0x10 ../../libDaisy/build\libdaisy.a(stm32h7xx_ll_usb.o)
                0x0800dc38                USB_ReadChInterrupts
 .text.USB_ReadDevAllOutEpInterrupt
                0x0800dc48       0x10 ../../libDaisy/build\libdaisy.a(stm32h7xx_ll_usb.o)
                0x0800dc48                USB_ReadDevAllOutEpInterrupt
 .text.USB_ReadDevAllInEpInterrupt
                0x0800dc58       0x10 ../../libDaisy/build\libdaisy.a(stm32h7xx_ll_usb.o)
                0x0800dc58                USB_ReadDevAllInEpInterrupt
 .text.USB_ReadDevOutEPInterrupt
                0x0800dc68       0x14 ../../libDaisy/build\libdaisy.a(stm32h7xx_ll_usb.o)
                0x0800dc68                USB_ReadDevOutEPInterrupt
 .text.USB_ReadDevInEPInterrupt
                0x0800dc7c       0x20 ../../libDaisy/build\libdaisy.a(stm32h7xx_ll_usb.o)
                0x0800dc7c                USB_ReadDevInEPInterrupt
 .text.USB_GetMode
                0x0800dc9c        0x8 ../../libDaisy/build\libdaisy.a(stm32h7xx_ll_usb.o)
                0x0800dc9c                USB_GetMode
 .text.USB_ActivateSetup
                0x0800dca4       0x2c ../../libDaisy/build\libdaisy.a(stm32h7xx_ll_usb.o)
                0x0800dca4                USB_ActivateSetup
 .text.USB_EP0_OutStart
                0x0800dcd0       0x58 ../../libDaisy/build\libdaisy.a(stm32h7xx_ll_usb.o)
                0x0800dcd0                USB_EP0_OutStart
 .text.USB_InitFSLSPClkSel
                0x0800dd28       0x44 ../../libDaisy/build\libdaisy.a(stm32h7xx_ll_usb.o)
                0x0800dd28                USB_InitFSLSPClkSel
 .text.USB_HC_ReadInterrupt
                0x0800dd6c        0x8 ../../libDaisy/build\libdaisy.a(stm32h7xx_ll_usb.o)
                0x0800dd6c                USB_HC_ReadInterrupt
 .text.USB_HC_Halt
                0x0800dd74       0xe4 ../../libDaisy/build\libdaisy.a(stm32h7xx_ll_usb.o)
                0x0800dd74                USB_HC_Halt
 .text.USB_StopHost
                0x0800de58      0x1e4 ../../libDaisy/build\libdaisy.a(stm32h7xx_ll_usb.o)
                0x0800de58                USB_StopHost
 .text.USBD_SetClassConfig
                0x0800e03c       0x10 ../../libDaisy/build\libdaisy.a(usbd_core.o)
                0x0800e03c                USBD_SetClassConfig
 .text.USBD_ClrClassConfig
                0x0800e04c       0x14 ../../libDaisy/build\libdaisy.a(usbd_core.o)
                0x0800e04c                USBD_ClrClassConfig
 .text.USBD_LL_SetupStage
                0x0800e060       0x60 ../../libDaisy/build\libdaisy.a(usbd_core.o)
                0x0800e060                USBD_LL_SetupStage
 .text.USBD_LL_DataOutStage
                0x0800e0c0       0x74 ../../libDaisy/build\libdaisy.a(usbd_core.o)
                0x0800e0c0                USBD_LL_DataOutStage
 .text.USBD_LL_DataInStage
                0x0800e134       0xc0 ../../libDaisy/build\libdaisy.a(usbd_core.o)
                0x0800e134                USBD_LL_DataInStage
 .text.USBD_LL_Reset
                0x0800e1f4       0x5c ../../libDaisy/build\libdaisy.a(usbd_core.o)
                0x0800e1f4                USBD_LL_Reset
 .text.USBD_LL_SetSpeed
                0x0800e250        0x8 ../../libDaisy/build\libdaisy.a(usbd_core.o)
                0x0800e250                USBD_LL_SetSpeed
 .text.USBD_LL_Suspend
                0x0800e258       0x20 ../../libDaisy/build\libdaisy.a(usbd_core.o)
                0x0800e258                USBD_LL_Suspend
 .text.USBD_LL_Resume
                0x0800e278       0x18 ../../libDaisy/build\libdaisy.a(usbd_core.o)
                0x0800e278                USBD_LL_Resume
 .text.USBD_LL_SOF
                0x0800e290       0x20 ../../libDaisy/build\libdaisy.a(usbd_core.o)
                0x0800e290                USBD_LL_SOF
 .text.USBD_LL_IsoINIncomplete
                0x0800e2b0       0x2c ../../libDaisy/build\libdaisy.a(usbd_core.o)
                0x0800e2b0                USBD_LL_IsoINIncomplete
 .text.USBD_LL_IsoOUTIncomplete
                0x0800e2dc       0x2c ../../libDaisy/build\libdaisy.a(usbd_core.o)
                0x0800e2dc                USBD_LL_IsoOUTIncomplete
 .text.USBD_LL_DevConnected
                0x0800e308        0x4 ../../libDaisy/build\libdaisy.a(usbd_core.o)
                0x0800e308                USBD_LL_DevConnected
 .text.USBD_LL_DevDisconnected
                0x0800e30c       0x24 ../../libDaisy/build\libdaisy.a(usbd_core.o)
                0x0800e30c                USBD_LL_DevDisconnected
 .text.USBD_CoreFindIF
                0x0800e330        0x4 ../../libDaisy/build\libdaisy.a(usbd_core.o)
                0x0800e330                USBD_CoreFindIF
 .text.USBD_CoreFindEP
                0x0800e334        0x4 ../../libDaisy/build\libdaisy.a(usbd_core.o)
                0x0800e334                USBD_CoreFindEP
 .text.USBD_StdDevReq
                0x0800e338      0x360 ../../libDaisy/build\libdaisy.a(usbd_ctlreq.o)
                0x0800e338                USBD_StdDevReq
 .text.USBD_StdItfReq
                0x0800e698       0x84 ../../libDaisy/build\libdaisy.a(usbd_ctlreq.o)
                0x0800e698                USBD_StdItfReq
 .text.USBD_StdEPReq
                0x0800e71c      0x160 ../../libDaisy/build\libdaisy.a(usbd_ctlreq.o)
                0x0800e71c                USBD_StdEPReq
 .text.USBD_ParseSetupRequest
                0x0800e87c       0x18 ../../libDaisy/build\libdaisy.a(usbd_ctlreq.o)
                0x0800e87c                USBD_ParseSetupRequest
 .text.USBD_CtlSendData
                0x0800e894       0x1c ../../libDaisy/build\libdaisy.a(usbd_ioreq.o)
                0x0800e894                USBD_CtlSendData
 .text.USBD_CtlContinueSendData
                0x0800e8b0       0x14 ../../libDaisy/build\libdaisy.a(usbd_ioreq.o)
                0x0800e8b0                USBD_CtlContinueSendData
 .text.USBD_CtlContinueRx
                0x0800e8c4       0x14 ../../libDaisy/build\libdaisy.a(usbd_ioreq.o)
                0x0800e8c4                USBD_CtlContinueRx
 .text.USBD_CtlSendStatus
                0x0800e8d8       0x18 ../../libDaisy/build\libdaisy.a(usbd_ioreq.o)
                0x0800e8d8                USBD_CtlSendStatus
 .text.USBD_CtlReceiveStatus
                0x0800e8f0       0x18 ../../libDaisy/build\libdaisy.a(usbd_ioreq.o)
                0x0800e8f0                USBD_CtlReceiveStatus
 .text.USBH_LL_IncTimer
                0x0800e908       0x20 ../../libDaisy/build\libdaisy.a(usbh_core.o)
                0x0800e908                USBH_LL_IncTimer
 .text.USBH_LL_PortEnabled
                0x0800e928        0x8 ../../libDaisy/build\libdaisy.a(usbh_core.o)
                0x0800e928                USBH_LL_PortEnabled
 .text.USBH_LL_PortDisabled
                0x0800e930        0x8 ../../libDaisy/build\libdaisy.a(usbh_core.o)
                0x0800e930                USBH_LL_PortDisabled
 .text.USBH_LL_Connect
                0x0800e938       0x18 ../../libDaisy/build\libdaisy.a(usbh_core.o)
                0x0800e938                USBH_LL_Connect
 .text.USBH_LL_Disconnect
                0x0800e950       0x2c ../../libDaisy/build\libdaisy.a(usbh_core.o)
                0x0800e950                USBH_LL_Disconnect
 .text.USBH_FreePipe
                0x0800e97c       0x18 ../../libDaisy/build\libdaisy.a(usbh_pipes.o)
                0x0800e97c                USBH_FreePipe
 .text._ZN5daisy6Random4InitEv
                0x0800e994       0x3c ../../libDaisy/build\libdaisy.a(rng.o)
                0x0800e994                daisy::Random::Init()
 .text._ZN5daisy9SpiHandle4Impl7InitDmaEv
                0x0800e9d0       0xec ../../libDaisy/build\libdaisy.a(spi.o)
                0x0800e9d0                daisy::SpiHandle::Impl::InitDma()
 .text._ZN5daisy9SpiHandle4Impl10StartDmaTxEPhjPFvPvEPFvS3_NS0_6ResultEES3_
                0x0800eabc       0xc8 ../../libDaisy/build\libdaisy.a(spi.o)
                0x0800eabc                daisy::SpiHandle::Impl::StartDmaTx(unsigned char*, unsigned int, void (*)(void*), void (*)(void*, daisy::SpiHandle::Result), void*)
 .text._ZN5daisy9SpiHandle4Impl10StartDmaRxEPhjPFvPvEPFvS3_NS0_6ResultEES3_
                0x0800eb84       0xc8 ../../libDaisy/build\libdaisy.a(spi.o)
                0x0800eb84                daisy::SpiHandle::Impl::StartDmaRx(unsigned char*, unsigned int, void (*)(void*), void (*)(void*, daisy::SpiHandle::Result), void*)
 .text._ZN5daisy9SpiHandle4Impl12StartDmaRxTxEPhS2_jPFvPvEPFvS3_NS0_6ResultEES3_
                0x0800ec4c       0xcc ../../libDaisy/build\libdaisy.a(spi.o)
                0x0800ec4c                daisy::SpiHandle::Impl::StartDmaRxTx(unsigned char*, unsigned char*, unsigned int, void (*)(void*), void (*)(void*, daisy::SpiHandle::Result), void*)
 .text._ZN5daisy9SpiHandle4Impl8InitPinsEv
                0x0800ed18      0x274 ../../libDaisy/build\libdaisy.a(spi.o)
                0x0800ed18                daisy::SpiHandle::Impl::InitPins()
 .text.HAL_SPI_MspInit
                0x0800ef8c      0x1a8 ../../libDaisy/build\libdaisy.a(spi.o)
                0x0800ef8c                HAL_SPI_MspInit
 .text.dsy_spi_global_init
                0x0800f134       0x80 ../../libDaisy/build\libdaisy.a(spi.o)
                0x0800f134                dsy_spi_global_init
 .text.SPI1_IRQHandler
                0x0800f1b4        0xc ../../libDaisy/build\libdaisy.a(spi.o)
                0x0800f1b4                SPI1_IRQHandler
 .text.SPI2_IRQHandler
                0x0800f1c0        0xc ../../libDaisy/build\libdaisy.a(spi.o)
                0x0800f1c0                SPI2_IRQHandler
 .text.SPI3_IRQHandler
                0x0800f1cc        0xc ../../libDaisy/build\libdaisy.a(spi.o)
                0x0800f1cc                SPI3_IRQHandler
 .text.SPI4_IRQHandler
                0x0800f1d8        0xc ../../libDaisy/build\libdaisy.a(spi.o)
                0x0800f1d8                SPI4_IRQHandler
 .text.SPI5_IRQHandler
                0x0800f1e4        0xc ../../libDaisy/build\libdaisy.a(spi.o)
                0x0800f1e4                SPI5_IRQHandler
 .text.DMA2_Stream2_IRQHandler
                0x0800f1f0       0x34 ../../libDaisy/build\libdaisy.a(spi.o)
                0x0800f1f0                DMA2_Stream2_IRQHandler
 .text.DMA2_Stream3_IRQHandler
                0x0800f224       0x38 ../../libDaisy/build\libdaisy.a(spi.o)
                0x0800f224                DMA2_Stream3_IRQHandler
 .text.HAL_SPI_TxCpltCallback
                0x0800f25c       0xc4 ../../libDaisy/build\libdaisy.a(spi.o)
                0x0800f25c                HAL_SPI_TxCpltCallback
 .text.HAL_SPI_RxCpltCallback
                0x0800f320       0xc4 ../../libDaisy/build\libdaisy.a(spi.o)
                0x0800f320                HAL_SPI_RxCpltCallback
 .text.HAL_SPI_TxRxCpltCallback
                0x0800f3e4       0xc4 ../../libDaisy/build\libdaisy.a(spi.o)
                0x0800f3e4                HAL_SPI_TxRxCpltCallback
 .text.HAL_SPI_ErrorCallback
                0x0800f4a8       0xc8 ../../libDaisy/build\libdaisy.a(spi.o)
                0x0800f4a8                HAL_SPI_ErrorCallback
 .text.startup._GLOBAL__sub_I__Z19MapInstanceToHandleP11SPI_TypeDef
                0x0800f570      0x1b0 ../../libDaisy/build\libdaisy.a(spi.o)
 .text.HAL_TIM_Base_MspInit
                0x0800f720      0x1e0 ../../libDaisy/build\libdaisy.a(tim.o)
                0x0800f720                HAL_TIM_Base_MspInit
 .text.HAL_TIM_PeriodElapsedCallback
                0x0800f900       0x44 ../../libDaisy/build\libdaisy.a(tim.o)
                0x0800f900                HAL_TIM_PeriodElapsedCallback
 .text.TIM2_IRQHandler
                0x0800f944        0xc ../../libDaisy/build\libdaisy.a(tim.o)
                0x0800f944                TIM2_IRQHandler
 .text.TIM3_IRQHandler
                0x0800f950        0xc ../../libDaisy/build\libdaisy.a(tim.o)
                0x0800f950                TIM3_IRQHandler
 .text.TIM4_IRQHandler
                0x0800f95c        0xc ../../libDaisy/build\libdaisy.a(tim.o)
                0x0800f95c                TIM4_IRQHandler
 .text.TIM5_IRQHandler
                0x0800f968        0xc ../../libDaisy/build\libdaisy.a(tim.o)
                0x0800f968                TIM5_IRQHandler
 .text._ZN5daisy11TimerHandle4InitERKNS0_6ConfigE
                0x0800f974       0xd0 ../../libDaisy/build\libdaisy.a(tim.o)
                0x0800f974                daisy::TimerHandle::Init(daisy::TimerHandle::Config const&)
 .text._ZN5daisy11TimerHandle5StartEv
                0x0800fa44       0x24 ../../libDaisy/build\libdaisy.a(tim.o)
                0x0800fa44                daisy::TimerHandle::Start()
 .text.startup._GLOBAL__sub_I__ZN5daisy11TimerHandle4Impl4InitERKNS0_6ConfigE
                0x0800fa68       0x38 ../../libDaisy/build\libdaisy.a(tim.o)
 .text._ZL20UART_CheckRxListenerPN5daisy11UartHandler4ImplE
                0x0800faa0       0x84 ../../libDaisy/build\libdaisy.a(uart.o)
 .text._ZN5daisy11UartHandler4Impl10StartDmaTxEPhjPFvPvEPFvS3_NS0_6ResultEES3_
                0x0800fb24      0x184 ../../libDaisy/build\libdaisy.a(uart.o)
                0x0800fb24                daisy::UartHandler::Impl::StartDmaTx(unsigned char*, unsigned int, void (*)(void*), void (*)(void*, daisy::UartHandler::Result), void*)
 .text._ZN5daisy11UartHandler4Impl10StartDmaRxEPhjPFvPvEPFvS3_NS0_6ResultEES3_
                0x0800fca8      0x184 ../../libDaisy/build\libdaisy.a(uart.o)
                0x0800fca8                daisy::UartHandler::Impl::StartDmaRx(unsigned char*, unsigned int, void (*)(void*), void (*)(void*, daisy::UartHandler::Result), void*)
 .text._ZN5daisy11UartHandler4Impl19DmaTransferFinishedEP20__UART_HandleTypeDefNS0_6ResultE
                0x0800fe2c       0xc0 ../../libDaisy/build\libdaisy.a(uart.o)
                0x0800fe2c                daisy::UartHandler::Impl::DmaTransferFinished(__UART_HandleTypeDef*, daisy::UartHandler::Result)
 .text._ZN5daisy11UartHandler4Impl8InitPinsEv
                0x0800feec      0x154 ../../libDaisy/build\libdaisy.a(uart.o)
                0x0800feec                daisy::UartHandler::Impl::InitPins()
 .text.HAL_UART_MspInit
                0x08010040      0x210 ../../libDaisy/build\libdaisy.a(uart.o)
                0x08010040                HAL_UART_MspInit
 .text.dsy_uart_global_init
                0x08010250      0x110 ../../libDaisy/build\libdaisy.a(uart.o)
                0x08010250                dsy_uart_global_init
 .text.USART1_IRQHandler
                0x08010360       0x2c ../../libDaisy/build\libdaisy.a(uart.o)
                0x08010360                USART1_IRQHandler
 .text.USART2_IRQHandler
                0x0801038c       0x34 ../../libDaisy/build\libdaisy.a(uart.o)
                0x0801038c                USART2_IRQHandler
 .text.USART3_IRQHandler
                0x080103c0       0x34 ../../libDaisy/build\libdaisy.a(uart.o)
                0x080103c0                USART3_IRQHandler
 .text.UART4_IRQHandler
                0x080103f4       0x34 ../../libDaisy/build\libdaisy.a(uart.o)
                0x080103f4                UART4_IRQHandler
 .text.UART5_IRQHandler
                0x08010428       0x34 ../../libDaisy/build\libdaisy.a(uart.o)
                0x08010428                UART5_IRQHandler
 .text.USART6_IRQHandler
                0x0801045c       0x34 ../../libDaisy/build\libdaisy.a(uart.o)
                0x0801045c                USART6_IRQHandler
 .text.UART7_IRQHandler
                0x08010490       0x34 ../../libDaisy/build\libdaisy.a(uart.o)
                0x08010490                UART7_IRQHandler
 .text.UART8_IRQHandler
                0x080104c4       0x34 ../../libDaisy/build\libdaisy.a(uart.o)
                0x080104c4                UART8_IRQHandler
 .text.LPUART1_IRQHandler
                0x080104f8       0x34 ../../libDaisy/build\libdaisy.a(uart.o)
                0x080104f8                LPUART1_IRQHandler
 .text.DMA1_Stream5_IRQHandler
                0x0801052c       0x34 ../../libDaisy/build\libdaisy.a(uart.o)
                0x0801052c                DMA1_Stream5_IRQHandler
 .text.DMA2_Stream4_IRQHandler
                0x08010560       0x38 ../../libDaisy/build\libdaisy.a(uart.o)
                0x08010560                DMA2_Stream4_IRQHandler
 .text.HAL_UART_TxCpltCallback
                0x08010598        0x8 ../../libDaisy/build\libdaisy.a(uart.o)
                0x08010598                HAL_UART_TxCpltCallback
 .text.HAL_UART_RxCpltCallback
                0x080105a0       0x94 ../../libDaisy/build\libdaisy.a(uart.o)
                0x080105a0                HAL_UART_RxCpltCallback
 .text.HAL_UART_RxHalfCpltCallback
                0x08010634       0x90 ../../libDaisy/build\libdaisy.a(uart.o)
                0x08010634                HAL_UART_RxHalfCpltCallback
 .text.HAL_UART_ErrorCallback
                0x080106c4        0x8 ../../libDaisy/build\libdaisy.a(uart.o)
                0x080106c4                HAL_UART_ErrorCallback
 .text.startup._GLOBAL__sub_I__Z19MapInstanceToHandleP13USART_TypeDef
                0x080106cc      0x194 ../../libDaisy/build\libdaisy.a(uart.o)
 .text.dsy_dma_init
                0x08010860      0x100 ../../libDaisy/build\libdaisy.a(dma.o)
                0x08010860                dsy_dma_init
 .text.dsy_dma_invalidate_cache_for_buffer
                0x08010960       0x2c ../../libDaisy/build\libdaisy.a(dma.o)
                0x08010960                dsy_dma_invalidate_cache_for_buffer
 .text.HAL_MDMA_Abort_IT
                0x0801098c       0x2c ../../libDaisy/build\libdaisy.a(stm32h7xx_hal_mdma.o)
                0x0801098c                HAL_MDMA_Abort_IT
 .text.SPI_CloseTransfer
                0x080109b8       0xb8 ../../libDaisy/build\libdaisy.a(stm32h7xx_hal_spi.o)
 .text.HAL_SPI_Init
                0x08010a70      0x1a8 ../../libDaisy/build\libdaisy.a(stm32h7xx_hal_spi.o)
                0x08010a70                HAL_SPI_Init
 .text.HAL_SPI_Transmit_DMA
                0x08010c18      0x180 ../../libDaisy/build\libdaisy.a(stm32h7xx_hal_spi.o)
                0x08010c18                HAL_SPI_Transmit_DMA
 .text.HAL_SPI_Receive_DMA
                0x08010d98      0x194 ../../libDaisy/build\libdaisy.a(stm32h7xx_hal_spi.o)
                0x08010d98                HAL_SPI_Receive_DMA
 .text.HAL_SPI_TransmitReceive_DMA
                0x08010f2c      0x214 ../../libDaisy/build\libdaisy.a(stm32h7xx_hal_spi.o)
                0x08010f2c                HAL_SPI_TransmitReceive_DMA
 .text.SPI_DMATransmitCplt
                0x08011140       0x28 ../../libDaisy/build\libdaisy.a(stm32h7xx_hal_spi.o)
 .text.SPI_DMAReceiveCplt
                0x08011168       0x28 ../../libDaisy/build\libdaisy.a(stm32h7xx_hal_spi.o)
 .text.SPI_DMATransmitReceiveCplt
                0x08011190       0x28 ../../libDaisy/build\libdaisy.a(stm32h7xx_hal_spi.o)
 .text.HAL_SPI_TxHalfCpltCallback
                0x080111b8        0x4 ../../libDaisy/build\libdaisy.a(stm32h7xx_hal_spi.o)
                0x080111b8                HAL_SPI_TxHalfCpltCallback
 .text.SPI_DMAHalfTransmitCplt
                0x080111bc        0xc ../../libDaisy/build\libdaisy.a(stm32h7xx_hal_spi.o)
 .text.HAL_SPI_RxHalfCpltCallback
                0x080111c8        0x4 ../../libDaisy/build\libdaisy.a(stm32h7xx_hal_spi.o)
                0x080111c8                HAL_SPI_RxHalfCpltCallback
 .text.SPI_DMAHalfReceiveCplt
                0x080111cc        0xc ../../libDaisy/build\libdaisy.a(stm32h7xx_hal_spi.o)
 .text.HAL_SPI_TxRxHalfCpltCallback
                0x080111d8        0x4 ../../libDaisy/build\libdaisy.a(stm32h7xx_hal_spi.o)
                0x080111d8                HAL_SPI_TxRxHalfCpltCallback
 .text.SPI_DMAHalfTransmitReceiveCplt
                0x080111dc        0xc ../../libDaisy/build\libdaisy.a(stm32h7xx_hal_spi.o)
 .text.SPI_DMAError
                0x080111e8       0xd8 ../../libDaisy/build\libdaisy.a(stm32h7xx_hal_spi.o)
 .text.SPI_DMAAbortOnError
                0x080112c0       0x1c ../../libDaisy/build\libdaisy.a(stm32h7xx_hal_spi.o)
 .text.HAL_SPI_SuspendCallback
                0x080112dc        0x4 ../../libDaisy/build\libdaisy.a(stm32h7xx_hal_spi.o)
                0x080112dc                HAL_SPI_SuspendCallback
 .text.HAL_SPI_IRQHandler
                0x080112e0      0x214 ../../libDaisy/build\libdaisy.a(stm32h7xx_hal_spi.o)
                0x080112e0                HAL_SPI_IRQHandler
 .text.HAL_SPI_GetState
                0x080114f4        0x8 ../../libDaisy/build\libdaisy.a(stm32h7xx_hal_spi.o)
                0x080114f4                HAL_SPI_GetState
 .text.HAL_TIM_Base_Init
                0x080114fc      0x16c ../../libDaisy/build\libdaisy.a(stm32h7xx_hal_tim.o)
                0x080114fc                HAL_TIM_Base_Init
 .text.HAL_TIM_Base_Start
                0x08011668       0xb0 ../../libDaisy/build\libdaisy.a(stm32h7xx_hal_tim.o)
                0x08011668                HAL_TIM_Base_Start
 .text.HAL_TIM_Base_Start_IT
                0x08011718       0xb8 ../../libDaisy/build\libdaisy.a(stm32h7xx_hal_tim.o)
                0x08011718                HAL_TIM_Base_Start_IT
 .text.HAL_TIM_ConfigClockSource
                0x080117d0      0x198 ../../libDaisy/build\libdaisy.a(stm32h7xx_hal_tim.o)
                0x080117d0                HAL_TIM_ConfigClockSource
 .text.HAL_TIM_OC_DelayElapsedCallback
                0x08011968        0x4 ../../libDaisy/build\libdaisy.a(stm32h7xx_hal_tim.o)
                0x08011968                HAL_TIM_OC_DelayElapsedCallback
 .text.HAL_TIM_IC_CaptureCallback
                0x0801196c        0x4 ../../libDaisy/build\libdaisy.a(stm32h7xx_hal_tim.o)
                0x0801196c                HAL_TIM_IC_CaptureCallback
 .text.HAL_TIM_PWM_PulseFinishedCallback
                0x08011970        0x4 ../../libDaisy/build\libdaisy.a(stm32h7xx_hal_tim.o)
                0x08011970                HAL_TIM_PWM_PulseFinishedCallback
 .text.HAL_TIM_TriggerCallback
                0x08011974        0x4 ../../libDaisy/build\libdaisy.a(stm32h7xx_hal_tim.o)
                0x08011974                HAL_TIM_TriggerCallback
 .text.HAL_TIM_IRQHandler
                0x08011978      0x154 ../../libDaisy/build\libdaisy.a(stm32h7xx_hal_tim.o)
                0x08011978                HAL_TIM_IRQHandler
 .text.HAL_TIMEx_MasterConfigSynchronization
                0x08011acc       0xb4 ../../libDaisy/build\libdaisy.a(stm32h7xx_hal_tim_ex.o)
                0x08011acc                HAL_TIMEx_MasterConfigSynchronization
 .text.HAL_TIMEx_CommutCallback
                0x08011b80        0x4 ../../libDaisy/build\libdaisy.a(stm32h7xx_hal_tim_ex.o)
                0x08011b80                HAL_TIMEx_CommutCallback
 .text.HAL_TIMEx_BreakCallback
                0x08011b84        0x4 ../../libDaisy/build\libdaisy.a(stm32h7xx_hal_tim_ex.o)
                0x08011b84                HAL_TIMEx_BreakCallback
 .text.HAL_TIMEx_Break2Callback
                0x08011b88        0x4 ../../libDaisy/build\libdaisy.a(stm32h7xx_hal_tim_ex.o)
                0x08011b88                HAL_TIMEx_Break2Callback
 .text.HAL_UART_Transmit_DMA
                0x08011b8c       0x8c ../../libDaisy/build\libdaisy.a(stm32h7xx_hal_uart.o)
                0x08011b8c                HAL_UART_Transmit_DMA
 .text.UART_DMATransmitCplt
                0x08011c18       0x44 ../../libDaisy/build\libdaisy.a(stm32h7xx_hal_uart.o)
 .text.HAL_UART_TxHalfCpltCallback
                0x08011c5c        0x4 ../../libDaisy/build\libdaisy.a(stm32h7xx_hal_uart.o)
                0x08011c5c                HAL_UART_TxHalfCpltCallback
 .text.UART_DMATxHalfCplt
                0x08011c60        0xc ../../libDaisy/build\libdaisy.a(stm32h7xx_hal_uart.o)
 .text.UART_DMAError
                0x08011c6c       0xd4 ../../libDaisy/build\libdaisy.a(stm32h7xx_hal_uart.o)
 .text.UART_DMAAbortOnError
                0x08011d40       0x14 ../../libDaisy/build\libdaisy.a(stm32h7xx_hal_uart.o)
 .text.HAL_UARTEx_RxEventCallback
                0x08011d54        0x4 ../../libDaisy/build\libdaisy.a(stm32h7xx_hal_uart.o)
                0x08011d54                HAL_UARTEx_RxEventCallback
 .text.HAL_UART_IRQHandler
                0x08011d58      0x380 ../../libDaisy/build\libdaisy.a(stm32h7xx_hal_uart.o)
                0x08011d58                HAL_UART_IRQHandler
 .text.UART_DMARxHalfCplt
                0x080120d8       0x20 ../../libDaisy/build\libdaisy.a(stm32h7xx_hal_uart.o)
 .text.UART_DMAReceiveCplt
                0x080120f8       0x9c ../../libDaisy/build\libdaisy.a(stm32h7xx_hal_uart.o)
 .text.HAL_UART_GetState
                0x08012194        0xc ../../libDaisy/build\libdaisy.a(stm32h7xx_hal_uart.o)
                0x08012194                HAL_UART_GetState
 .text.UART_SetConfig
                0x080121a0      0x534 ../../libDaisy/build\libdaisy.a(stm32h7xx_hal_uart.o)
                0x080121a0                UART_SetConfig
 .text.UART_AdvFeatureConfig
                0x080126d4       0xb0 ../../libDaisy/build\libdaisy.a(stm32h7xx_hal_uart.o)
                0x080126d4                UART_AdvFeatureConfig
 .text.UART_CheckIdleState
                0x08012784      0x260 ../../libDaisy/build\libdaisy.a(stm32h7xx_hal_uart.o)
                0x08012784                UART_CheckIdleState
 .text.HAL_UART_Init
                0x080129e4       0x68 ../../libDaisy/build\libdaisy.a(stm32h7xx_hal_uart.o)
                0x080129e4                HAL_UART_Init
 .text.UART_Start_Receive_DMA
                0x08012a4c       0xa4 ../../libDaisy/build\libdaisy.a(stm32h7xx_hal_uart.o)
                0x08012a4c                UART_Start_Receive_DMA
 .text.HAL_UART_Receive_DMA
                0x08012af0       0x48 ../../libDaisy/build\libdaisy.a(stm32h7xx_hal_uart.o)
                0x08012af0                HAL_UART_Receive_DMA
 .text.HAL_UARTEx_WakeupCallback
                0x08012b38        0x4 ../../libDaisy/build\libdaisy.a(stm32h7xx_hal_uart_ex.o)
                0x08012b38                HAL_UARTEx_WakeupCallback
 .text.HAL_UARTEx_RxFifoFullCallback
                0x08012b3c        0x4 ../../libDaisy/build\libdaisy.a(stm32h7xx_hal_uart_ex.o)
                0x08012b3c                HAL_UARTEx_RxFifoFullCallback
 .text.HAL_UARTEx_TxFifoEmptyCallback
                0x08012b40        0x4 ../../libDaisy/build\libdaisy.a(stm32h7xx_hal_uart_ex.o)
                0x08012b40                HAL_UARTEx_TxFifoEmptyCallback
 .text.__aeabi_atexit
                0x08012b44        0xa c:/program files/daisytoolchain/bin/../lib/gcc/arm-none-eabi/10.2.1/../../../../arm-none-eabi/lib/thumb/v7e-m+dp/hard\libstdc++_nano.a(atexit_arm.o)
                0x08012b44                __aeabi_atexit
 .text._ZdlPvj  0x08012b4e        0x4 c:/program files/daisytoolchain/bin/../lib/gcc/arm-none-eabi/10.2.1/../../../../arm-none-eabi/lib/thumb/v7e-m+dp/hard\libstdc++_nano.a(del_ops.o)
                0x08012b4e                operator delete(void*, unsigned int)
 .text._Znwj    0x08012b52       0x22 c:/program files/daisytoolchain/bin/../lib/gcc/arm-none-eabi/10.2.1/../../../../arm-none-eabi/lib/thumb/v7e-m+dp/hard\libstdc++_nano.a(new_op.o)
                0x08012b52                operator new(unsigned int)
 .text.unlikely._ZSt17__throw_bad_allocv
                0x08012b74        0x6 c:/program files/daisytoolchain/bin/../lib/gcc/arm-none-eabi/10.2.1/../../../../arm-none-eabi/lib/thumb/v7e-m+dp/hard\libstdc++_nano.a(functexcept.o)
                0x08012b74                std::__throw_bad_alloc()
 .text.unlikely._ZSt19__throw_logic_errorPKc
                0x08012b7a        0x6 c:/program files/daisytoolchain/bin/../lib/gcc/arm-none-eabi/10.2.1/../../../../arm-none-eabi/lib/thumb/v7e-m+dp/hard\libstdc++_nano.a(functexcept.o)
                0x08012b7a                std::__throw_logic_error(char const*)
 .text.unlikely._ZSt20__throw_length_errorPKc
                0x08012b80        0x6 c:/program files/daisytoolchain/bin/../lib/gcc/arm-none-eabi/10.2.1/../../../../arm-none-eabi/lib/thumb/v7e-m+dp/hard\libstdc++_nano.a(functexcept.o)
                0x08012b80                std::__throw_length_error(char const*)
 .text._ZNSt11char_traitsIcE4copyEPcPKcj.isra.0
                0x08012b86        0x8 c:/program files/daisytoolchain/bin/../lib/gcc/arm-none-eabi/10.2.1/../../../../arm-none-eabi/lib/thumb/v7e-m+dp/hard\libstdc++_nano.a(string-inst.o)
 *fill*         0x08012b8e        0x2 
 .text._ZNSt7__cxx1112basic_stringIcSt11char_traitsIcESaIcEE9_M_createERjj
                0x08012b90       0x44 c:/program files/daisytoolchain/bin/../lib/gcc/arm-none-eabi/10.2.1/../../../../arm-none-eabi/lib/thumb/v7e-m+dp/hard\libstdc++_nano.a(string-inst.o)
                0x08012b90                std::__cxx11::basic_string<char, std::char_traits<char>, std::allocator<char> >::_M_create(unsigned int&, unsigned int)
 .text._ZNSt7__cxx1112basic_stringIcSt11char_traitsIcESaIcEE10_M_disposeEv
                0x08012bd4       0x10 c:/program files/daisytoolchain/bin/../lib/gcc/arm-none-eabi/10.2.1/../../../../arm-none-eabi/lib/thumb/v7e-m+dp/hard\libstdc++_nano.a(string-inst.o)
                0x08012bd4                std::__cxx11::basic_string<char, std::char_traits<char>, std::allocator<char> >::_M_dispose()
 .text._ZNKSt7__cxx1112basic_stringIcSt11char_traitsIcESaIcEE15_M_check_lengthEjjPKc
                0x08012be4       0x18 c:/program files/daisytoolchain/bin/../lib/gcc/arm-none-eabi/10.2.1/../../../../arm-none-eabi/lib/thumb/v7e-m+dp/hard\libstdc++_nano.a(string-inst.o)
                0x08012be4                std::__cxx11::basic_string<char, std::char_traits<char>, std::allocator<char> >::_M_check_length(unsigned int, unsigned int, char const*) const
 .text._ZNKSt7__cxx1112basic_stringIcSt11char_traitsIcESaIcEE11_M_disjunctEPKc
                0x08012bfc       0x18 c:/program files/daisytoolchain/bin/../lib/gcc/arm-none-eabi/10.2.1/../../../../arm-none-eabi/lib/thumb/v7e-m+dp/hard\libstdc++_nano.a(string-inst.o)
                0x08012bfc                std::__cxx11::basic_string<char, std::char_traits<char>, std::allocator<char> >::_M_disjunct(char const*) const
 .text._ZNSt7__cxx1112basic_stringIcSt11char_traitsIcESaIcEE7_S_copyEPcPKcj
                0x08012c14       0x18 c:/program files/daisytoolchain/bin/../lib/gcc/arm-none-eabi/10.2.1/../../../../arm-none-eabi/lib/thumb/v7e-m+dp/hard\libstdc++_nano.a(string-inst.o)
                0x08012c14                std::__cxx11::basic_string<char, std::char_traits<char>, std::allocator<char> >::_S_copy(char*, char const*, unsigned int)
 .text._ZNSt7__cxx1112basic_stringIcSt11char_traitsIcESaIcEE7_S_moveEPcPKcj
                0x08012c2c       0x18 c:/program files/daisytoolchain/bin/../lib/gcc/arm-none-eabi/10.2.1/../../../../arm-none-eabi/lib/thumb/v7e-m+dp/hard\libstdc++_nano.a(string-inst.o)
                0x08012c2c                std::__cxx11::basic_string<char, std::char_traits<char>, std::allocator<char> >::_S_move(char*, char const*, unsigned int)
 .text._ZNSt7__cxx1112basic_stringIcSt11char_traitsIcESaIcEE9_M_assignERKS4_
                0x08012c44       0x4c c:/program files/daisytoolchain/bin/../lib/gcc/arm-none-eabi/10.2.1/../../../../arm-none-eabi/lib/thumb/v7e-m+dp/hard\libstdc++_nano.a(string-inst.o)
                0x08012c44                std::__cxx11::basic_string<char, std::char_traits<char>, std::allocator<char> >::_M_assign(std::__cxx11::basic_string<char, std::char_traits<char>, std::allocator<char> > const&)
 .text._ZNSt7__cxx1112basic_stringIcSt11char_traitsIcESaIcEE9_M_mutateEjjPKcj
                0x08012c90       0x78 c:/program files/daisytoolchain/bin/../lib/gcc/arm-none-eabi/10.2.1/../../../../arm-none-eabi/lib/thumb/v7e-m+dp/hard\libstdc++_nano.a(string-inst.o)
                0x08012c90                std::__cxx11::basic_string<char, std::char_traits<char>, std::allocator<char> >::_M_mutate(unsigned int, unsigned int, char const*, unsigned int)
 .text._ZNSt7__cxx1112basic_stringIcSt11char_traitsIcESaIcEED2Ev
                0x08012d08        0xc c:/program files/daisytoolchain/bin/../lib/gcc/arm-none-eabi/10.2.1/../../../../arm-none-eabi/lib/thumb/v7e-m+dp/hard\libstdc++_nano.a(string-inst.o)
                0x08012d08                std::__cxx11::basic_string<char, std::char_traits<char>, std::allocator<char> >::~basic_string()
                0x08012d08                std::__cxx11::basic_string<char, std::char_traits<char>, std::allocator<char> >::~basic_string()
 .text._ZNSt7__cxx1112basic_stringIcSt11char_traitsIcESaIcEE10_M_replaceEjjPKcj
                0x08012d14       0xfc c:/program files/daisytoolchain/bin/../lib/gcc/arm-none-eabi/10.2.1/../../../../arm-none-eabi/lib/thumb/v7e-m+dp/hard\libstdc++_nano.a(string-inst.o)
                0x08012d14                std::__cxx11::basic_string<char, std::char_traits<char>, std::allocator<char> >::_M_replace(unsigned int, unsigned int, char const*, unsigned int)
 .text._ZdlPv   0x08012e10        0x4 c:/program files/daisytoolchain/bin/../lib/gcc/arm-none-eabi/10.2.1/../../../../arm-none-eabi/lib/thumb/v7e-m+dp/hard\libstdc++_nano.a(del_op.o)
                0x08012e10                operator delete(void*)
 .text._ZSt15get_new_handlerv
                0x08012e14       0x10 c:/program files/daisytoolchain/bin/../lib/gcc/arm-none-eabi/10.2.1/../../../../arm-none-eabi/lib/thumb/v7e-m+dp/hard\libstdc++_nano.a(new_handler.o)
                0x08012e14                std::get_new_handler()
 *fill*         0x08012e24        0x4 
 .text.cosf     0x08012e28      0x1bc c:/program files/daisytoolchain/bin/../lib/gcc/arm-none-eabi/10.2.1/../../../../arm-none-eabi/lib/thumb/v7e-m+dp/hard\libm.a(lib_a-cosf.o)
                0x08012e28                cosf
 .text.with_errnof
                0x08012fe4       0x18 c:/program files/daisytoolchain/bin/../lib/gcc/arm-none-eabi/10.2.1/../../../../arm-none-eabi/lib/thumb/v7e-m+dp/hard\libm.a(lib_a-math_errf.o)
 .text.xflowf   0x08012ffc       0x20 c:/program files/daisytoolchain/bin/../lib/gcc/arm-none-eabi/10.2.1/../../../../arm-none-eabi/lib/thumb/v7e-m+dp/hard\libm.a(lib_a-math_errf.o)
 .text.__math_uflowf
                0x0801301c        0xc c:/program files/daisytoolchain/bin/../lib/gcc/arm-none-eabi/10.2.1/../../../../arm-none-eabi/lib/thumb/v7e-m+dp/hard\libm.a(lib_a-math_errf.o)
                0x0801301c                __math_uflowf