Archive member included to satisfy reference by file (symbol)

../../libDaisy//build\libdaisy.a(daisy_seed.o)
                              build/NewExampleProject.o (daisy::DaisySeed::Configure())
../../libDaisy//build\libdaisy.a(codec_ak4556.o)
                              ../../libDaisy//build\libdaisy.a(daisy_seed.o) (daisy::Ak4556::Init(dsy_gpio_pin))
../../libDaisy//build\libdaisy.a(codec_wm8731.o)
                              ../../libDaisy//build\libdaisy.a(daisy_seed.o) (daisy::Wm8731::Init(daisy::Wm8731::Config const&, daisy::I2CHandle))
../../libDaisy//build\libdaisy.a(sdram.o)
                              ../../libDaisy//build\libdaisy.a(daisy_seed.o) (SdramHandle::Init())
../../libDaisy//build\libdaisy.a(audio.o)
                              ../../libDaisy//build\libdaisy.a(daisy_seed.o) (daisy::AudioHandle::Init(daisy::AudioHandle::Config const&, daisy::SaiHandle))
../../libDaisy//build\libdaisy.a(switch.o)
                              build/NewExampleProject.o (daisy::Switch::Init(dsy_gpio_pin, float))
../../libDaisy//build\libdaisy.a(adc.o)
                              build/NewExampleProject.o (daisy::AdcChannelConfig::InitSingle(dsy_gpio_pin, daisy::AdcChannelConfig::ConversionSpeed))
../../libDaisy//build\libdaisy.a(gpio.o)
                              ../../libDaisy//build\libdaisy.a(daisy_seed.o) (daisy::GPIO::Init(daisy::Pin, daisy::GPIO::Mode, daisy::GPIO::Pull, daisy::GPIO::Speed))
../../libDaisy//build\libdaisy.a(i2c.o)
                              ../../libDaisy//build\libdaisy.a(daisy_seed.o) (daisy::I2CHandle::Init(daisy::I2CHandle::Config const&))
../../libDaisy//build\libdaisy.a(qspi.o)
                              ../../libDaisy//build\libdaisy.a(daisy_seed.o) (daisy::QSPIHandle::Init(daisy::QSPIHandle::Config const&))
../../libDaisy//build\libdaisy.a(sai.o)
                              ../../libDaisy//build\libdaisy.a(daisy_seed.o) (daisy::SaiHandle::Init(daisy::SaiHandle::Config const&))
../../libDaisy//build\libdaisy.a(system.o)
                              ../../libDaisy//build\libdaisy.a(daisy_seed.o) (daisy::System::DeInit())
../../libDaisy//build\libdaisy.a(system_stm32h7xx.o)
                              build/startup_stm32h750xx.o (SystemInit)
../../libDaisy//build\libdaisy.a(usbd_conf.o)
                              ../../libDaisy//build\libdaisy.a(system.o) (hpcd_USB_OTG_HS)
../../libDaisy//build\libdaisy.a(usbh_conf.o)
                              ../../libDaisy//build\libdaisy.a(system.o) (hhcd_USB_OTG_HS)
../../libDaisy//build\libdaisy.a(hal_map.o)
                              ../../libDaisy//build\libdaisy.a(gpio.o) (dsy_hal_map_get_port)
../../libDaisy//build\libdaisy.a(stm32h7xx_hal.o)
                              ../../libDaisy//build\libdaisy.a(system.o) (HAL_Init)
../../libDaisy//build\libdaisy.a(stm32h7xx_hal_adc.o)
                              ../../libDaisy//build\libdaisy.a(adc.o) (HAL_ADC_ConfigChannel)
../../libDaisy//build\libdaisy.a(stm32h7xx_hal_adc_ex.o)
                              ../../libDaisy//build\libdaisy.a(adc.o) (HAL_ADCEx_Calibration_Start)
../../libDaisy//build\libdaisy.a(stm32h7xx_hal_cortex.o)
                              ../../libDaisy//build\libdaisy.a(stm32h7xx_hal.o) (HAL_NVIC_SetPriorityGrouping)
../../libDaisy//build\libdaisy.a(stm32h7xx_hal_dma.o)
                              ../../libDaisy//build\libdaisy.a(adc.o) (HAL_DMA_Init)
../../libDaisy//build\libdaisy.a(stm32h7xx_hal_gpio.o)
                              ../../libDaisy//build\libdaisy.a(sdram.o) (HAL_GPIO_Init)
../../libDaisy//build\libdaisy.a(stm32h7xx_hal_hcd.o)
                              ../../libDaisy//build\libdaisy.a(usbh_conf.o) (HAL_HCD_HC_Init)
../../libDaisy//build\libdaisy.a(stm32h7xx_hal_i2c.o)
                              ../../libDaisy//build\libdaisy.a(i2c.o) (HAL_I2C_Init)
../../libDaisy//build\libdaisy.a(stm32h7xx_hal_i2c_ex.o)
                              ../../libDaisy//build\libdaisy.a(i2c.o) (HAL_I2CEx_ConfigAnalogFilter)
../../libDaisy//build\libdaisy.a(stm32h7xx_hal_pcd.o)
                              ../../libDaisy//build\libdaisy.a(usbd_conf.o) (HAL_PCD_Init)
../../libDaisy//build\libdaisy.a(stm32h7xx_hal_pcd_ex.o)
                              ../../libDaisy//build\libdaisy.a(usbd_conf.o) (HAL_PCDEx_SetTxFiFo)
../../libDaisy//build\libdaisy.a(stm32h7xx_hal_pwr_ex.o)
                              ../../libDaisy//build\libdaisy.a(system.o) (HAL_PWREx_ConfigSupply)
../../libDaisy//build\libdaisy.a(stm32h7xx_hal_qspi.o)
                              ../../libDaisy//build\libdaisy.a(qspi.o) (HAL_QSPI_Init)
../../libDaisy//build\libdaisy.a(stm32h7xx_hal_rcc.o)
                              ../../libDaisy//build\libdaisy.a(system.o) (HAL_RCC_OscConfig)
../../libDaisy//build\libdaisy.a(stm32h7xx_hal_rcc_ex.o)
                              ../../libDaisy//build\libdaisy.a(system.o) (HAL_RCCEx_PeriphCLKConfig)
../../libDaisy//build\libdaisy.a(stm32h7xx_hal_sai.o)
[...]
Memory Configuration

Name             Origin             Length             Attributes
FLASH            0x08000000         0x00020000         xr
DTCMRAM          0x20000000         0x00020000         xrw
SRAM             0x24000000         0x00080000         xrw
RAM_D2           0x30000000         0x00048000         xrw
RAM_D3           0x38000000         0x00010000         xrw
BACKUP_SRAM      0x38800000         0x00001000         xrw
ITCMRAM          0x00000000         0x00010000         xrw
SDRAM            0xc0000000         0x04000000         xrw
QSPIFLASH        0x90000000         0x00800000         xr
*default*        0x00000000         0xffffffff

Linker script and memory map

LOAD c:/program files/daisytoolchain/bin/../lib/gcc/arm-none-eabi/10.2.1/thumb/v7e-m+dp/hard/crti.o
LOAD c:/program files/daisytoolchain/bin/../lib/gcc/arm-none-eabi/10.2.1/thumb/v7e-m+dp/hard/crtbegin.o
LOAD c:/program files/daisytoolchain/bin/../lib/gcc/arm-none-eabi/10.2.1/../../../../arm-none-eabi/lib/thumb/v7e-m+dp/hard/crt0.o
LOAD build/startup_stm32h750xx.o
LOAD build/NewExampleProject.o
LOAD ../../libDaisy//build\libdaisy.a
LOAD c:/program files/daisytoolchain/bin/../lib/gcc/arm-none-eabi/10.2.1/../../../../arm-none-eabi/lib/thumb/v7e-m+dp/hard\libnosys.a
LOAD ../../DaisySP//build\libdaisysp.a
LOAD c:/program files/daisytoolchain/bin/../lib/gcc/arm-none-eabi/10.2.1/../../../../arm-none-eabi/lib/thumb/v7e-m+dp/hard\libstdc++_nano.a
LOAD c:/program files/daisytoolchain/bin/../lib/gcc/arm-none-eabi/10.2.1/../../../../arm-none-eabi/lib/thumb/v7e-m+dp/hard\libm.a
LOAD c:/program files/daisytoolchain/bin/../lib/gcc/arm-none-eabi/10.2.1/../../../../arm-none-eabi/lib/thumb/v7e-m+dp/hard\libc_nano.a
START GROUP
LOAD c:/program files/daisytoolchain/bin/../lib/gcc/arm-none-eabi/10.2.1/thumb/v7e-m+dp/hard\libgcc.a
LOAD c:/program files/daisytoolchain/bin/../lib/gcc/arm-none-eabi/10.2.1/../../../../arm-none-eabi/lib/thumb/v7e-m+dp/hard\libc_nano.a
END GROUP
START GROUP
LOAD c:/program files/daisytoolchain/bin/../lib/gcc/arm-none-eabi/10.2.1/thumb/v7e-m+dp/hard\libgcc.a
LOAD c:/program files/daisytoolchain/bin/../lib/gcc/arm-none-eabi/10.2.1/../../../../arm-none-eabi/lib/thumb/v7e-m+dp/hard\libc_nano.a
LOAD c:/program files/daisytoolchain/bin/../lib/gcc/arm-none-eabi/10.2.1/../../../../arm-none-eabi/lib/thumb/v7e-m+dp/hard\libnosys.a
END GROUP
START GROUP
LOAD c:/program files/daisytoolchain/bin/../lib/gcc/arm-none-eabi/10.2.1/thumb/v7e-m+dp/hard\libgcc.a
LOAD c:/program files/daisytoolchain/bin/../lib/gcc/arm-none-eabi/10.2.1/../../../../arm-none-eabi/lib/thumb/v7e-m+dp/hard\libc_nano.a
LOAD c:/program files/daisytoolchain/bin/../lib/gcc/arm-none-eabi/10.2.1/../../../../arm-none-eabi/lib/thumb/v7e-m+dp/hard\libnosys.a
END GROUP
LOAD c:/program files/daisytoolchain/bin/../lib/gcc/arm-none-eabi/10.2.1/thumb/v7e-m+dp/hard/crtend.o
LOAD c:/program files/daisytoolchain/bin/../lib/gcc/arm-none-eabi/10.2.1/thumb/v7e-m+dp/hard/crtn.o
                0x20020000                _estack = 0x20020000

.isr_vector     0x08000000      0x298
                0x08000000                . = ALIGN (0x4)
 *(.isr_vector)
 .isr_vector    0x08000000      0x298 build/startup_stm32h750xx.o
                0x08000000                g_pfnVectors
                0x08000298                . = ALIGN (0x4)

.text           0x08000298    0x12998
                0x08000298                . = ALIGN (0x4)
                0x08000298                _stext = .
 *(.text)
 .text          0x08000298       0x40 c:/program files/daisytoolchain/bin/../lib/gcc/arm-none-eabi/10.2.1/thumb/v7e-m+dp/hard/crtbegin.o
 .text          0x080002d8       0x10 c:/program files/daisytoolchain/bin/../lib/gcc/arm-none-eabi/10.2.1/../../../../arm-none-eabi/lib/thumb/v7e-m+dp/hard\libc_nano.a(lib_a-strlen.o)
                0x080002d8                strlen
 .text          0x080002e8      0x378 c:/program files/daisytoolchain/bin/../lib/gcc/arm-none-eabi/10.2.1/thumb/v7e-m+dp/hard\libgcc.a(_arm_addsubdf3.o)
                0x080002e8                __aeabi_drsub
                0x080002f0                __aeabi_dsub
                0x080002f0                __subdf3
                0x080002f4                __aeabi_dadd
                0x080002f4                __adddf3
                0x0800056c                __floatunsidf
                0x0800056c                __aeabi_ui2d
                0x0800058c                __floatsidf
                0x0800058c                __aeabi_i2d
                0x080005b0                __aeabi_f2d
                0x080005b0                __extendsfdf2
                0x080005f4                __floatundidf
                0x080005f4                __aeabi_ul2d
                0x08000604                __floatdidf
                0x08000604                __aeabi_l2d
 .text          0x08000660       0x30 c:/program files/daisytoolchain/bin/../lib/gcc/arm-none-eabi/10.2.1/thumb/v7e-m+dp/hard\libgcc.a(_aeabi_uldivmod.o)
                0x08000660                __aeabi_uldivmod
 .text          0x08000690      0x2d0 c:/program files/daisytoolchain/bin/../lib/gcc/arm-none-eabi/10.2.1/thumb/v7e-m+dp/hard\libgcc.a(_udivmoddi4.o)
                0x08000690                __udivmoddi4
 .text          0x08000960        0x4 c:/program files/daisytoolchain/bin/../lib/gcc/arm-none-eabi/10.2.1/thumb/v7e-m+dp/hard\libgcc.a(_dvmd_tls.o)
                0x08000960                __aeabi_idiv0
                0x08000960                __aeabi_ldiv0
 *(.text*)
 .text.Default_Handler
                0x08000964        0x4 build/startup_stm32h750xx.o
                0x08000964                RTC_Alarm_IRQHandler
                0x08000964                HASH_RNG_IRQHandler
                0x08000964                EXTI2_IRQHandler
                0x08000964                TIM8_CC_IRQHandler
                0x08000964                HRTIM1_Master_IRQHandler
                0x08000964                DebugMon_Handler
                0x08000964                TIM1_CC_IRQHandler
                0x08000964                BDMA_Channel6_IRQHandler
                0x08000964                DMA2_Stream5_IRQHandler
                0x08000964                HRTIM1_FLT_IRQHandler
                0x08000964                JPEG_IRQHandler
                0x08000964                BDMA_Channel1_IRQHandler
                0x08000964                HRTIM1_TIMD_IRQHandler
                0x08000964                TAMP_STAMP_IRQHandler
                0x08000964                PendSV_Handler
                0x08000964                NMI_Handler
                0x08000964                EXTI3_IRQHandler
                0x08000964                LPTIM4_IRQHandler
                0x08000964                TIM8_TRG_COM_TIM14_IRQHandler
                0x08000964                LPTIM2_IRQHandler
                0x08000964                DFSDM1_FLT1_IRQHandler
                0x08000964                DMAMUX2_OVR_IRQHandler
                0x08000964                TIM8_UP_TIM13_IRQHandler
                0x08000964                I2C3_ER_IRQHandler
                0x08000964                DFSDM1_FLT2_IRQHandler
                0x08000964                MDMA_IRQHandler
                0x08000964                LPTIM3_IRQHandler
                0x08000964                HSEM1_IRQHandler
                0x08000964                EXTI0_IRQHandler
                0x08000964                FPU_IRQHandler
                0x08000964                OTG_HS_WKUP_IRQHandler
                0x08000964                FDCAN1_IT1_IRQHandler
                0x08000964                UsageFault_Handler
                0x08000964                LTDC_ER_IRQHandler
                0x08000964                HRTIM1_TIME_IRQHandler
                0x08000964                TIM6_DAC_IRQHandler
                0x08000964                DCMI_IRQHandler
                0x08000964                HRTIM1_TIMC_IRQHandler
                0x08000964                SAI2_IRQHandler
                0x08000964                DFSDM1_FLT3_IRQHandler
                0x08000964                TIM17_IRQHandler
                0x08000964                CRYP_IRQHandler
                0x08000964                BDMA_Channel7_IRQHandler
                0x08000964                LPTIM5_IRQHandler
                0x08000964                ADC3_IRQHandler
                0x08000964                DMA2_Stream0_IRQHandler
                0x08000964                BDMA_Channel2_IRQHandler
                0x08000964                DMAMUX1_OVR_IRQHandler
                0x08000964                TIM16_IRQHandler
                0x08000964                BDMA_Channel5_IRQHandler
                0x08000964                RCC_IRQHandler
                0x08000964                TIM8_BRK_TIM12_IRQHandler
                0x08000964                TIM1_TRG_COM_IRQHandler
                0x08000964                Default_Handler
                0x08000964                ECC_IRQHandler
                0x08000964                CEC_IRQHandler
                0x08000964                EXTI15_10_IRQHandler
                0x08000964                BDMA_Channel0_IRQHandler
                0x08000964                ADC_IRQHandler
                0x08000964                DMA1_Stream7_IRQHandler
                0x08000964                HRTIM1_TIMA_IRQHandler
                0x08000964                TIM7_IRQHandler
                0x08000964                SDMMC1_IRQHandler
                0x08000964                DMA2_Stream7_IRQHandler
                0x08000964                TIM15_IRQHandler
                0x08000964                PVD_AVD_IRQHandler
                0x08000964                EXTI9_5_IRQHandler
                0x08000964                RTC_WKUP_IRQHandler
                0x08000964                LTDC_IRQHandler
                0x08000964                SAI3_IRQHandler
                0x08000964                ETH_WKUP_IRQHandler
                0x08000964                SPDIF_RX_IRQHandler
                0x08000964                MemManage_Handler
                0x08000964                SVC_Handler
                0x08000964                CRS_IRQHandler
                0x08000964                EXTI4_IRQHandler
                0x08000964                HRTIM1_TIMB_IRQHandler
                0x08000964                FDCAN2_IT1_IRQHandler
                0x08000964                ETH_IRQHandler
                0x08000964                TIM1_UP_IRQHandler
                0x08000964                BDMA_Channel4_IRQHandler
                0x08000964                WWDG_IRQHandler
                0x08000964                SPI6_IRQHandler
                0x08000964                I2C4_EV_IRQHandler
                0x08000964                MDIOS_IRQHandler
                0x08000964                FDCAN2_IT0_IRQHandler
                0x08000964                FDCAN1_IT0_IRQHandler
                0x08000964                OTG_FS_WKUP_IRQHandler
                0x08000964                DMA2D_IRQHandler
                0x08000964                TIM1_BRK_IRQHandler
                0x08000964                EXTI1_IRQHandler
                0x08000964                SDMMC2_IRQHandler
                0x08000964                OTG_FS_EP1_OUT_IRQHandler
                0x08000964                BDMA_Channel3_IRQHandler
                0x08000964                MDIOS_WKUP_IRQHandler
                0x08000964                DFSDM1_FLT0_IRQHandler
                0x08000964                SAI4_IRQHandler
                0x08000964                I2C2_ER_IRQHandler
                0x08000964                DMA2_Stream1_IRQHandler
                0x08000964                FLASH_IRQHandler
                0x08000964                BusFault_Handler
                0x08000964                OTG_FS_IRQHandler
                0x08000964                WAKEUP_PIN_IRQHandler
                0x08000964                OTG_FS_EP1_IN_IRQHandler
                0x08000964                I2C1_ER_IRQHandler
                0x08000964                FMC_IRQHandler
                0x08000964                FDCAN_CAL_IRQHandler
                0x08000964                SWPMI1_IRQHandler
                0x08000964                COMP1_IRQHandler
                0x08000964                LPTIM1_IRQHandler
                0x08000964                I2C4_ER_IRQHandler
                0x08000964                DMA2_Stream6_IRQHandler
                0x08000964                SAI1_IRQHandler
 .text.Reset_Handler
                0x08000968       0x44 build/startup_stm32h750xx.o
                0x08000968                Reset_Handler
 .text._ZN5daisy6SwitchD2Ev
                0x080009ac        0x4 build/NewExampleProject.o
                0x080009ac                daisy::Switch::~Switch()
                0x080009ac                daisy::Switch::~Switch()
 .text._ZN5daisy9DaisySeedD2Ev
                0x080009b0        0x4 build/NewExampleProject.o
                0x080009b0                daisy::DaisySeed::~DaisySeed()
                0x080009b0                daisy::DaisySeed::~DaisySeed()
 .text._ZN6Biquad10resetCoeffEv
                0x080009b4       0x74 build/NewExampleProject.o
                0x080009b4                Biquad::resetCoeff()
 .text._ZNSt7__cxx1112basic_stringIcSt11char_traitsIcESaIcEE12_M_constructIPKcEEvT_S8_St20forward_iterator_tag.isra.0
                0x08000a28       0x68 build/NewExampleProject.o
 .text._ZNSt6vectorIfSaIfEE13_M_assign_auxIPKfEEvT_S5_St20forward_iterator_tag.isra.0
                0x08000a90       0xc0 build/NewExampleProject.o
 .text._ZNSt7__cxx1112basic_stringIcSt11char_traitsIcESaIcEE12_M_constructIPcEEvT_S7_St20forward_iterator_tag.isra.0
                0x08000b50       0x68 build/NewExampleProject.o
 .text._ZN14ClassicFilters10resetCoeffEv
                0x08000bb8       0x7c build/NewExampleProject.o
                0x08000bb8                ClassicFilters::resetCoeff()
 .text._ZN14ClassicFiltersD2Ev
                0x08000c34       0xe0 build/NewExampleProject.o
                0x08000c34                ClassicFilters::~ClassicFilters()
                0x08000c34                ClassicFilters::~ClassicFilters()
 .text._ZN6Biquad18processAudioSampleEf
                0x08000d14      0x1b4 build/NewExampleProject.o
                0x08000d14                Biquad::processAudioSample(float)
 .text._ZN14ClassicFilters18processAudioSampleEf
                0x08000ec8        0xc build/NewExampleProject.o
                0x08000ec8                ClassicFilters::processAudioSample(float)
 .text._ZN6BiquadC2Ev
                0x08000ed4       0xe0 build/NewExampleProject.o
                0x08000ed4                Biquad::Biquad()
                0x08000ed4                Biquad::Biquad()
 .text._Z15prepareHardwarev
                0x08000fb4       0x94 build/NewExampleProject.o
                0x08000fb4                prepareHardware()
 .text._Z25processFilterSelectButtonv
                0x08001048       0xa4 build/NewExampleProject.o
                0x08001048                processFilterSelectButton()
 .text._ZNSt6vectorIfSaIfEE17_M_realloc_insertIJfEEEvN9__gnu_cxx17__normal_iteratorIPfS1_EEDpOT_
                0x080010ec       0xd4 build/NewExampleProject.o
                0x080010ec                void std::vector<float, std::allocator<float> >::_M_realloc_insert<float>(__gnu_cxx::__normal_iterator<float*, std::vector<float, std::allocator<float> > >, float&&)
 .text._ZN14ClassicFilters15setCoefficientsEffff
                0x080011c0      0x700 build/NewExampleProject.o
                0x080011c0                ClassicFilters::setCoefficients(float, float, float, float)
 .text._Z13prepareToPlayf
                0x080018c0       0x60 build/NewExampleProject.o
                0x080018c0                prepareToPlay(float)
 .text.startup.main
                0x08001920       0x30 build/NewExampleProject.o
                0x08001920                main
 .text._Z17processAudioBlockPKPKfPPfj
                0x08001950       0xe8 build/NewExampleProject.o
                0x08001950                processAudioBlock(float const* const*, float**, unsigned int)
 .text.startup._GLOBAL__sub_I_hardware
                0x08001a38       0xbc build/NewExampleProject.o
 .text._ZN5daisy9DaisySeed9ConfigureEv
                0x08001af4        0x4 ../../libDaisy//build\libdaisy.a(daisy_seed.o)
                0x08001af4                daisy::DaisySeed::Configure()
 .text._ZN5daisy9DaisySeed6GetPinEh
                0x08001af8       0x2c ../../libDaisy//build\libdaisy.a(daisy_seed.o)
                0x08001af8                daisy::DaisySeed::GetPin(unsigned char)
 .text._ZN5daisy9DaisySeed10StartAudioEPFvPKPKfPPfjE
                0x08001b24        0x8 ../../libDaisy//build\libdaisy.a(daisy_seed.o)
                0x08001b24                daisy::DaisySeed::StartAudio(void (*)(float const* const*, float**, unsigned int))
 .text._ZN5daisy9DaisySeed15AudioSampleRateEv
                0x08001b2c        0x8 ../../libDaisy//build\libdaisy.a(daisy_seed.o)
                0x08001b2c                daisy::DaisySeed::AudioSampleRate()
 .text._ZN5daisy9DaisySeed17SetAudioBlockSizeEj
                0x08001b34       0x38 ../../libDaisy//build\libdaisy.a(daisy_seed.o)
                0x08001b34                daisy::DaisySeed::SetAudioBlockSize(unsigned int)
 .text._ZN5daisy9DaisySeed17CheckBoardVersionEv
                0x08001b6c       0x6c ../../libDaisy//build\libdaisy.a(daisy_seed.o)
                0x08001b6c                daisy::DaisySeed::CheckBoardVersion()
 .text._ZN5daisy9DaisySeed14ConfigureAudioEv
                0x08001bd8      0x10c ../../libDaisy//build\libdaisy.a(daisy_seed.o)
                0x08001bd8                daisy::DaisySeed::ConfigureAudio()
 .text._ZN5daisy9DaisySeed4InitEb
                0x08001ce4      0x108 ../../libDaisy//build\libdaisy.a(daisy_seed.o)
                0x08001ce4                daisy::DaisySeed::Init(bool)
 .text._ZN5daisy6Ak45564InitE12dsy_gpio_pin
                0x08001dec       0x44 ../../libDaisy//build\libdaisy.a(codec_ak4556.o)
                0x08001dec                daisy::Ak4556::Init(dsy_gpio_pin)
 .text._ZN5daisy6Wm873120WriteControlRegisterEht
                0x08001e30       0x3c ../../libDaisy//build\libdaisy.a(codec_wm8731.o)
                0x08001e30                daisy::Wm8731::WriteControlRegister(unsigned char, unsigned short)
 .text._ZN5daisy6Wm87314InitERKNS0_6ConfigENS_9I2CHandleE
                0x08001e6c      0x1bc ../../libDaisy//build\libdaisy.a(codec_wm8731.o)
                0x08001e6c                daisy::Wm8731::Init(daisy::Wm8731::Config const&, daisy::I2CHandle)
 .text._ZN11SdramHandle10DeviceInitEv
                0x08002028       0x98 ../../libDaisy//build\libdaisy.a(sdram.o)
                0x08002028                SdramHandle::DeviceInit()
 .text._ZN11SdramHandle4InitEv
                0x080020c0       0x7c ../../libDaisy//build\libdaisy.a(sdram.o)
                0x080020c0                SdramHandle::Init()
 .text.HAL_SDRAM_MspInit
                0x0800213c      0x1a8 ../../libDaisy//build\libdaisy.a(sdram.o)
                0x0800213c                HAL_SDRAM_MspInit
 .text._ZN5daisy11AudioHandle4Impl16InternalCallbackEPlS2_j
                0x080022e4      0xbbc ../../libDaisy//build\libdaisy.a(audio.o)
                0x080022e4                daisy::AudioHandle::Impl::InternalCallback(long*, long*, unsigned int)
 .text._ZN5daisy11AudioHandle4InitERKNS0_6ConfigENS_9SaiHandleE
                0x08002ea0       0x70 ../../libDaisy//build\libdaisy.a(audio.o)
                0x08002ea0                daisy::AudioHandle::Init(daisy::AudioHandle::Config const&, daisy::SaiHandle)
 .text._ZNK5daisy11AudioHandle9GetConfigEv
                0x08002f10        0x8 ../../libDaisy//build\libdaisy.a(audio.o)
                0x08002f10                daisy::AudioHandle::GetConfig() const
 .text._ZN5daisy11AudioHandle12SetBlockSizeEj
                0x08002f18       0x1c ../../libDaisy//build\libdaisy.a(audio.o)
                0x08002f18                daisy::AudioHandle::SetBlockSize(unsigned int)
 .text._ZN5daisy11AudioHandle13GetSampleRateEv
                0x08002f34        0x8 ../../libDaisy//build\libdaisy.a(audio.o)
                0x08002f34                daisy::AudioHandle::GetSampleRate()
 .text._ZN5daisy11AudioHandle5StartEPFvPKPKfPPfjE
                0x08002f3c       0x44 ../../libDaisy//build\libdaisy.a(audio.o)
                0x08002f3c                daisy::AudioHandle::Start(void (*)(float const* const*, float**, unsigned int))
 .text.startup._GLOBAL__sub_I__ZN5daisy11AudioHandle4Impl4InitENS0_6ConfigENS_9SaiHandleE
                0x08002f80       0x24 ../../libDaisy//build\libdaisy.a(audio.o)
 .text._ZN5daisy6Switch4InitE12dsy_gpio_pinf
                0x08002fa4       0x34 ../../libDaisy//build\libdaisy.a(switch.o)
                0x08002fa4                daisy::Switch::Init(dsy_gpio_pin, float)
 .text._ZN5daisy6Switch8DebounceEv
                0x08002fd8       0x5c ../../libDaisy//build\libdaisy.a(switch.o)
                0x08002fd8                daisy::Switch::Debounce()
 .text._ZN5daisy16AdcChannelConfig10InitSingleE12dsy_gpio_pinNS0_15ConversionSpeedE
                0x08003034       0x28 ../../libDaisy//build\libdaisy.a(adc.o)
                0x08003034                daisy::AdcChannelConfig::InitSingle(dsy_gpio_pin, daisy::AdcChannelConfig::ConversionSpeed)
 .text._ZN5daisy9AdcHandle4InitEPNS_16AdcChannelConfigEjNS0_12OverSamplingE
                0x0800305c      0x41c ../../libDaisy//build\libdaisy.a(adc.o)
                0x0800305c                daisy::AdcHandle::Init(daisy::AdcChannelConfig*, unsigned int, daisy::AdcHandle::OverSampling)
 .text._ZN5daisy9AdcHandle5StartEv
                0x08003478       0x2c ../../libDaisy//build\libdaisy.a(adc.o)
                0x08003478                daisy::AdcHandle::Start()
 .text._ZNK5daisy9AdcHandle8GetFloatEh
                0x080034a4       0x20 ../../libDaisy//build\libdaisy.a(adc.o)
                0x080034a4                daisy::AdcHandle::GetFloat(unsigned char) const
 .text.HAL_ADC_MspInit
                0x080034c4       0x98 ../../libDaisy//build\libdaisy.a(adc.o)
                0x080034c4                HAL_ADC_MspInit
 .text.DMA1_Stream2_IRQHandler
                0x0800355c        0xc ../../libDaisy//build\libdaisy.a(adc.o)
                0x0800355c                DMA1_Stream2_IRQHandler
 .text.HAL_ADC_ConvCpltCallback
                0x08003568      0x148 ../../libDaisy//build\libdaisy.a(adc.o)
                0x08003568                HAL_ADC_ConvCpltCallback
 .text.HAL_ADC_ErrorCallback
                0x080036b0        0x4 ../../libDaisy//build\libdaisy.a(adc.o)
                0x080036b0                HAL_ADC_ErrorCallback
 .text._ZN5daisy4GPIO4InitENS_3PinENS0_4ModeENS0_4PullENS0_5SpeedE
                0x080036b4      0x1cc ../../libDaisy//build\libdaisy.a(gpio.o)
                0x080036b4                daisy::GPIO::Init(daisy::Pin, daisy::GPIO::Mode, daisy::GPIO::Pull, daisy::GPIO::Speed)
 .text._ZN5daisy4GPIO4ReadEv
                0x08003880       0x18 ../../libDaisy//build\libdaisy.a(gpio.o)
                0x08003880                daisy::GPIO::Read()
 .text._ZN5daisy4GPIO5WriteEb
                0x08003898       0x14 ../../libDaisy//build\libdaisy.a(gpio.o)
                0x08003898                daisy::GPIO::Write(bool)
 .text.dsy_gpio_init
                0x080038ac      0x1b8 ../../libDaisy//build\libdaisy.a(gpio.o)
                0x080038ac                dsy_gpio_init
 .text.dsy_gpio_read
                0x08003a64       0x1c ../../libDaisy//build\libdaisy.a(gpio.o)
                0x08003a64                dsy_gpio_read
 .text.dsy_gpio_write
                0x08003a80       0x24 ../../libDaisy//build\libdaisy.a(gpio.o)
                0x08003a80                dsy_gpio_write
 .text._ZN5daisy9I2CHandle4Impl8InitPinsEv
                0x08003aa4       0x58 ../../libDaisy//build\libdaisy.a(i2c.o)
                0x08003aa4                daisy::I2CHandle::Impl::InitPins()
 .text.HAL_I2C_MspInit
                0x08003afc      0x1b4 ../../libDaisy//build\libdaisy.a(i2c.o)
                0x08003afc                HAL_I2C_MspInit
 .text.dsy_i2c_global_init
                0x08003cb0       0x78 ../../libDaisy//build\libdaisy.a(i2c.o)
                0x08003cb0                dsy_i2c_global_init
 .text.DMA1_Stream6_IRQHandler
                0x08003d28       0x34 ../../libDaisy//build\libdaisy.a(i2c.o)
                0x08003d28                DMA1_Stream6_IRQHandler
 .text.I2C1_EV_IRQHandler
                0x08003d5c        0xc ../../libDaisy//build\libdaisy.a(i2c.o)
                0x08003d5c                I2C1_EV_IRQHandler
 .text.I2C2_EV_IRQHandler
                0x08003d68        0xc ../../libDaisy//build\libdaisy.a(i2c.o)
                0x08003d68                I2C2_EV_IRQHandler
 .text.I2C3_EV_IRQHandler
                0x08003d74        0xc ../../libDaisy//build\libdaisy.a(i2c.o)
                0x08003d74                I2C3_EV_IRQHandler
 .text._ZN5daisy9I2CHandle4InitERKNS0_6ConfigE
                0x08003d80      0x12c ../../libDaisy//build\libdaisy.a(i2c.o)
                0x08003d80                daisy::I2CHandle::Init(daisy::I2CHandle::Config const&)
 .text._ZN5daisy9I2CHandle16TransmitBlockingEtPhtm
                0x08003eac       0x50 ../../libDaisy//build\libdaisy.a(i2c.o)
                0x08003eac                daisy::I2CHandle::TransmitBlocking(unsigned short, unsigned char*, unsigned short, unsigned long)
 .text.startup._GLOBAL__sub_I__ZN5daisy9I2CHandle4Impl10GlobalInitEv
                0x08003efc       0x18 ../../libDaisy//build\libdaisy.a(i2c.o)
 .text._ZN5daisy10QSPIHandle4Impl11WriteEnableEv
                0x08003f14       0x8c ../../libDaisy//build\libdaisy.a(qspi.o)
                0x08003f14                daisy::QSPIHandle::Impl::WriteEnable()
 .text._ZN5daisy10QSPIHandle4Impl17DummyCyclesConfigENS0_6Config6DeviceE
                0x08003fa0      0x118 ../../libDaisy//build\libdaisy.a(qspi.o)
                0x08003fa0                daisy::QSPIHandle::Impl::DummyCyclesConfig(daisy::QSPIHandle::Config::Device)
 .text._ZN5daisy10QSPIHandle4Impl10QuadEnableEv
                0x080040b8      0x158 ../../libDaisy//build\libdaisy.a(qspi.o)
                0x080040b8                daisy::QSPIHandle::Impl::QuadEnable()
 .text._ZN5daisy10QSPIHandle4InitERKNS0_6ConfigE
                0x08004210      0x198 ../../libDaisy//build\libdaisy.a(qspi.o)
                0x08004210                daisy::QSPIHandle::Init(daisy::QSPIHandle::Config const&)
 .text.HAL_QSPI_MspInit
                0x080043a8      0x11c ../../libDaisy//build\libdaisy.a(qspi.o)
                0x080043a8                HAL_QSPI_MspInit
 .text.HAL_QSPI_MspDeInit
                0x080044c4       0x54 ../../libDaisy//build\libdaisy.a(qspi.o)
                0x080044c4                HAL_QSPI_MspDeInit
 .text.QUADSPI_IRQHandler
                0x08004518        0xc ../../libDaisy//build\libdaisy.a(qspi.o)
                0x08004518                QUADSPI_IRQHandler
 .text.startup._GLOBAL__sub_I__ZN5daisy10QSPIHandle4Impl4InitERKNS0_6ConfigE
                0x08004524       0x28 ../../libDaisy//build\libdaisy.a(qspi.o)
 .text._ZN5daisy9SaiHandle4Impl7InitDmaENS1_15PeripheralBlockE
                0x0800454c       0xa0 ../../libDaisy//build\libdaisy.a(sai.o)
                0x0800454c                daisy::SaiHandle::Impl::InitDma(daisy::SaiHandle::Impl::PeripheralBlock)
 .text._ZN5daisy9SaiHandle4Impl8InitPinsEv
                0x080045ec       0xa8 ../../libDaisy//build\libdaisy.a(sai.o)
                0x080045ec                daisy::SaiHandle::Impl::InitPins()
 .text.HAL_SAI_MspInit
                0x08004694      0x164 ../../libDaisy//build\libdaisy.a(sai.o)
                0x08004694                HAL_SAI_MspInit
 .text.DMA1_Stream0_IRQHandler
                0x080047f8        0xc ../../libDaisy//build\libdaisy.a(sai.o)
                0x080047f8                DMA1_Stream0_IRQHandler
 .text.DMA1_Stream1_IRQHandler
                0x08004804        0xc ../../libDaisy//build\libdaisy.a(sai.o)
                0x08004804                DMA1_Stream1_IRQHandler
 .text.DMA1_Stream3_IRQHandler
                0x08004810        0xc ../../libDaisy//build\libdaisy.a(sai.o)
                0x08004810                DMA1_Stream3_IRQHandler
 .text.DMA1_Stream4_IRQHandler
                0x0800481c        0xc ../../libDaisy//build\libdaisy.a(sai.o)
                0x0800481c                DMA1_Stream4_IRQHandler
 .text.HAL_SAI_RxHalfCpltCallback
                0x08004828       0x78 ../../libDaisy//build\libdaisy.a(sai.o)
                0x08004828                HAL_SAI_RxHalfCpltCallback
 .text.HAL_SAI_RxCpltCallback
                0x080048a0       0x70 ../../libDaisy//build\libdaisy.a(sai.o)
                0x080048a0                HAL_SAI_RxCpltCallback
 .text._ZN5daisy9SaiHandle4InitERKNS0_6ConfigE
                0x08004910      0x1f0 ../../libDaisy//build\libdaisy.a(sai.o)
                0x08004910                daisy::SaiHandle::Init(daisy::SaiHandle::Config const&)
 .text._ZNK5daisy9SaiHandle9GetConfigEv
                0x08004b00        0x4 ../../libDaisy//build\libdaisy.a(sai.o)
                0x08004b00                daisy::SaiHandle::GetConfig() const
 .text._ZN5daisy9SaiHandle8StartDmaEPlS1_jPFvS1_S1_jE
                0x08004b04       0xbc ../../libDaisy//build\libdaisy.a(sai.o)
                0x08004b04                daisy::SaiHandle::StartDma(long*, long*, unsigned int, void (*)(long*, long*, unsigned int))
 .text._ZN5daisy9SaiHandle13GetSampleRateEv
                0x08004bc0       0x24 ../../libDaisy//build\libdaisy.a(sai.o)
                0x08004bc0                daisy::SaiHandle::GetSampleRate()
 .text._ZNK5daisy9SaiHandle9GetOffsetEv
                0x08004be4        0x8 ../../libDaisy//build\libdaisy.a(sai.o)
                0x08004be4                daisy::SaiHandle::GetOffset() const
 .text._ZN5daisy11TimerHandleD2Ev
                0x08004bec        0x4 ../../libDaisy//build\libdaisy.a(system.o)
                0x08004bec                daisy::TimerHandle::~TimerHandle()
                0x08004bec                daisy::TimerHandle::~TimerHandle()
 .text.SysTick_Handler
                0x08004bf0       0x10 ../../libDaisy//build\libdaisy.a(system.o)
                0x08004bf0                SysTick_Handler
 .text.OTG_HS_EP1_OUT_IRQHandler
                0x08004c00       0x24 ../../libDaisy//build\libdaisy.a(system.o)
                0x08004c00                OTG_HS_EP1_OUT_IRQHandler
 .text.OTG_HS_EP1_IN_IRQHandler
                0x08004c24       0x24 ../../libDaisy//build\libdaisy.a(system.o)
                0x08004c24                OTG_HS_EP1_IN_IRQHandler
 .text.OTG_HS_IRQHandler
                0x08004c48       0x24 ../../libDaisy//build\libdaisy.a(system.o)
                0x08004c48                OTG_HS_IRQHandler
 .text.HardFault_Handler
                0x08004c6c       0xe0 ../../libDaisy//build\libdaisy.a(system.o)
                0x08004c6c                HardFault_Handler
 .text._ZN5daisy6System6GetNowEv
                0x08004d4c        0x4 ../../libDaisy//build\libdaisy.a(system.o)
                0x08004d4c                daisy::System::GetNow()
 .text._ZN5daisy6System5DelayEm
                0x08004d50        0x4 ../../libDaisy//build\libdaisy.a(system.o)
                0x08004d50                daisy::System::Delay(unsigned long)
 .text._ZN5daisy6System20GetBootloaderVersionEv
                0x08004d54       0x34 ../../libDaisy//build\libdaisy.a(system.o)
                0x08004d54                daisy::System::GetBootloaderVersion()
 .text._ZN5daisy6System15ConfigureClocksEv
                0x08004d88      0x194 ../../libDaisy//build\libdaisy.a(system.o)
                0x08004d88                daisy::System::ConfigureClocks()
 .text._ZN5daisy6System12ConfigureMpuEv
                0x08004f1c       0x7c ../../libDaisy//build\libdaisy.a(system.o)
                0x08004f1c                daisy::System::ConfigureMpu()
 .text._ZN5daisy6System4InitERKNS0_6ConfigE
                0x08004f98       0xec ../../libDaisy//build\libdaisy.a(system.o)
                0x08004f98                daisy::System::Init(daisy::System::Config const&)
 .text._ZN5daisy6System12GetPClk1FreqEv
                0x08005084        0x4 ../../libDaisy//build\libdaisy.a(system.o)
                0x08005084                daisy::System::GetPClk1Freq()
 .text._ZN5daisy6System22GetProgramMemoryRegionEv
                0x08005088       0x78 ../../libDaisy//build\libdaisy.a(system.o)
                0x08005088                daisy::System::GetProgramMemoryRegion()
 .text.startup._GLOBAL__sub_I__ZN5daisy9boot_infoE
                0x08005100       0x1c ../../libDaisy//build\libdaisy.a(system.o)
 .text.SystemInit
                0x0800511c       0x9c ../../libDaisy//build\libdaisy.a(system_stm32h7xx.o)
                0x0800511c                SystemInit
 .text.HAL_PCD_SetupStageCallback
                0x080051b8        0xc ../../libDaisy//build\libdaisy.a(usbd_conf.o)
                0x080051b8                HAL_PCD_SetupStageCallback
 .text.HAL_PCD_DataOutStageCallback
                0x080051c4       0x14 ../../libDaisy//build\libdaisy.a(usbd_conf.o)
                0x080051c4                HAL_PCD_DataOutStageCallback
 .text.HAL_PCD_DataInStageCallback
                0x080051d8       0x14 ../../libDaisy//build\libdaisy.a(usbd_conf.o)
                0x080051d8                HAL_PCD_DataInStageCallback
 .text.HAL_PCD_SOFCallback
                0x080051ec        0x8 ../../libDaisy//build\libdaisy.a(usbd_conf.o)
                0x080051ec                HAL_PCD_SOFCallback
 .text.HAL_PCD_ResetCallback
                0x080051f4       0x24 ../../libDaisy//build\libdaisy.a(usbd_conf.o)
                0x080051f4                HAL_PCD_ResetCallback
 .text.HAL_PCD_SuspendCallback
                0x08005218       0x30 ../../libDaisy//build\libdaisy.a(usbd_conf.o)
                0x08005218                HAL_PCD_SuspendCallback
 .text.HAL_PCD_ResumeCallback
                0x08005248        0x8 ../../libDaisy//build\libdaisy.a(usbd_conf.o)
                0x08005248                HAL_PCD_ResumeCallback
 .text.HAL_PCD_ISOOUTIncompleteCallback
                0x08005250        0x8 ../../libDaisy//build\libdaisy.a(usbd_conf.o)
                0x08005250                HAL_PCD_ISOOUTIncompleteCallback
 .text.HAL_PCD_ISOINIncompleteCallback
                0x08005258        0x8 ../../libDaisy//build\libdaisy.a(usbd_conf.o)
                0x08005258                HAL_PCD_ISOINIncompleteCallback
 .text.HAL_PCD_ConnectCallback
                0x08005260        0x8 ../../libDaisy//build\libdaisy.a(usbd_conf.o)
                0x08005260                HAL_PCD_ConnectCallback
 .text.HAL_PCD_DisconnectCallback
                0x08005268        0x8 ../../libDaisy//build\libdaisy.a(usbd_conf.o)
                0x08005268                HAL_PCD_DisconnectCallback
 .text.USBD_LL_OpenEP
                0x08005270       0x24 ../../libDaisy//build\libdaisy.a(usbd_conf.o)
                0x08005270                USBD_LL_OpenEP
 .text.USBD_LL_StallEP
                0x08005294       0x1c ../../libDaisy//build\libdaisy.a(usbd_conf.o)
                0x08005294                USBD_LL_StallEP
 .text.USBD_LL_ClearStallEP
                0x080052b0       0x1c ../../libDaisy//build\libdaisy.a(usbd_conf.o)
                0x080052b0                USBD_LL_ClearStallEP
 .text.USBD_LL_IsStallEP
                0x080052cc       0x28 ../../libDaisy//build\libdaisy.a(usbd_conf.o)
                0x080052cc                USBD_LL_IsStallEP
 .text.USBD_LL_SetUSBAddress
                0x080052f4       0x1c ../../libDaisy//build\libdaisy.a(usbd_conf.o)
                0x080052f4                USBD_LL_SetUSBAddress
 .text.USBD_LL_Transmit
                0x08005310       0x1c ../../libDaisy//build\libdaisy.a(usbd_conf.o)
                0x08005310                USBD_LL_Transmit
 .text.USBD_LL_PrepareReceive
                0x0800532c       0x1c ../../libDaisy//build\libdaisy.a(usbd_conf.o)
                0x0800532c                USBD_LL_PrepareReceive
 .text.HAL_HCD_SOF_Callback
                0x08005348        0x8 ../../libDaisy//build\libdaisy.a(usbh_conf.o)
                0x08005348                HAL_HCD_SOF_Callback
 .text.HAL_HCD_Connect_Callback
                0x08005350        0x8 ../../libDaisy//build\libdaisy.a(usbh_conf.o)
                0x08005350                HAL_HCD_Connect_Callback
 .text.HAL_HCD_Disconnect_Callback
                0x08005358        0x8 ../../libDaisy//build\libdaisy.a(usbh_conf.o)
                0x08005358                HAL_HCD_Disconnect_Callback
 .text.HAL_HCD_HC_NotifyURBChange_Callback
                0x08005360        0x4 ../../libDaisy//build\libdaisy.a(usbh_conf.o)
                0x08005360                HAL_HCD_HC_NotifyURBChange_Callback
 .text.HAL_HCD_PortEnabled_Callback
                0x08005364        0x8 ../../libDaisy//build\libdaisy.a(usbh_conf.o)
                0x08005364                HAL_HCD_PortEnabled_Callback
 .text.HAL_HCD_PortDisabled_Callback
                0x0800536c        0x8 ../../libDaisy//build\libdaisy.a(usbh_conf.o)
                0x0800536c                HAL_HCD_PortDisabled_Callback
 .text.USBH_LL_Stop
                0x08005374       0x1c ../../libDaisy//build\libdaisy.a(usbh_conf.o)
                0x08005374                USBH_LL_Stop
 .text.dsy_hal_map_get_port
                0x08005390       0x10 ../../libDaisy//build\libdaisy.a(hal_map.o)
                0x08005390                dsy_hal_map_get_port
 .text.dsy_hal_map_get_pin
                0x080053a0       0x10 ../../libDaisy//build\libdaisy.a(hal_map.o)
                0x080053a0                dsy_hal_map_get_pin
 .text.dsy_hal_map_gpio_clk_enable
                0x080053b0      0x150 ../../libDaisy//build\libdaisy.a(hal_map.o)
                0x080053b0                dsy_hal_map_gpio_clk_enable
 .text.HAL_MspInit
                0x08005500        0x4 ../../libDaisy//build\libdaisy.a(stm32h7xx_hal.o)
                0x08005500                HAL_MspInit
 .text.HAL_InitTick
                0x08005504       0x4c ../../libDaisy//build\libdaisy.a(stm32h7xx_hal.o)
                0x08005504                HAL_InitTick
 .text.HAL_Init
                0x08005550       0x60 ../../libDaisy//build\libdaisy.a(stm32h7xx_hal.o)
                0x08005550                HAL_Init
 .text.HAL_IncTick
                0x080055b0       0x18 ../../libDaisy//build\libdaisy.a(stm32h7xx_hal.o)
                0x080055b0                HAL_IncTick
 .text.HAL_GetTick
                0x080055c8        0xc ../../libDaisy//build\libdaisy.a(stm32h7xx_hal.o)
                0x080055c8                HAL_GetTick
 .text.HAL_Delay
                0x080055d4       0x24 ../../libDaisy//build\libdaisy.a(stm32h7xx_hal.o)
                0x080055d4                HAL_Delay
 .text.HAL_GetREVID
                0x080055f8        0xc ../../libDaisy//build\libdaisy.a(stm32h7xx_hal.o)
                0x080055f8                HAL_GetREVID
 .text.HAL_ADC_ConvHalfCpltCallback
                0x08005604        0x4 ../../libDaisy//build\libdaisy.a(stm32h7xx_hal_adc.o)
                0x08005604                HAL_ADC_ConvHalfCpltCallback
 .text.ADC_DMAHalfConvCplt
                0x08005608        0xc ../../libDaisy//build\libdaisy.a(stm32h7xx_hal_adc.o)
                0x08005608                ADC_DMAHalfConvCplt
 .text.ADC_DMAConvCplt
                0x08005614       0x6c ../../libDaisy//build\libdaisy.a(stm32h7xx_hal_adc.o)
                0x08005614                ADC_DMAConvCplt
 .text.ADC_DMAError
                0x08005680       0x1c ../../libDaisy//build\libdaisy.a(stm32h7xx_hal_adc.o)
                0x08005680                ADC_DMAError
 .text.HAL_ADC_ConfigChannel
                0x0800569c      0x3fc ../../libDaisy//build\libdaisy.a(stm32h7xx_hal_adc.o)
                0x0800569c                HAL_ADC_ConfigChannel
 .text.ADC_Enable
                0x08005a98       0xac ../../libDaisy//build\libdaisy.a(stm32h7xx_hal_adc.o)
                0x08005a98                ADC_Enable
 .text.HAL_ADC_Start_DMA
                0x08005b44      0x114 ../../libDaisy//build\libdaisy.a(stm32h7xx_hal_adc.o)
                0x08005b44                HAL_ADC_Start_DMA
 .text.ADC_Disable
                0x08005c58       0x68 ../../libDaisy//build\libdaisy.a(stm32h7xx_hal_adc.o)
                0x08005c58                ADC_Disable
 .text.ADC_ConfigureBoostMode
                0x08005cc0      0x184 ../../libDaisy//build\libdaisy.a(stm32h7xx_hal_adc.o)
                0x08005cc0                ADC_ConfigureBoostMode
 .text.HAL_ADC_Init
                0x08005e44      0x218 ../../libDaisy//build\libdaisy.a(stm32h7xx_hal_adc.o)
                0x08005e44                HAL_ADC_Init
 .text.HAL_ADCEx_Calibration_Start
                0x0800605c       0xa4 ../../libDaisy//build\libdaisy.a(stm32h7xx_hal_adc_ex.o)
                0x0800605c                HAL_ADCEx_Calibration_Start
 .text.HAL_ADCEx_MultiModeConfigChannel
                0x08006100       0xc4 ../../libDaisy//build\libdaisy.a(stm32h7xx_hal_adc_ex.o)
                0x08006100                HAL_ADCEx_MultiModeConfigChannel
 .text.HAL_NVIC_SetPriorityGrouping
                0x080061c4       0x24 ../../libDaisy//build\libdaisy.a(stm32h7xx_hal_cortex.o)
                0x080061c4                HAL_NVIC_SetPriorityGrouping
 .text.HAL_NVIC_SetPriority
                0x080061e8       0x7c ../../libDaisy//build\libdaisy.a(stm32h7xx_hal_cortex.o)
                0x080061e8                HAL_NVIC_SetPriority
 .text.HAL_NVIC_EnableIRQ
                0x08006264       0x1c ../../libDaisy//build\libdaisy.a(stm32h7xx_hal_cortex.o)
                0x08006264                HAL_NVIC_EnableIRQ
 .text.HAL_NVIC_DisableIRQ
                0x08006280       0x28 ../../libDaisy//build\libdaisy.a(stm32h7xx_hal_cortex.o)
                0x08006280                HAL_NVIC_DisableIRQ
 .text.HAL_SYSTICK_Config
                0x080062a8       0x2c ../../libDaisy//build\libdaisy.a(stm32h7xx_hal_cortex.o)
                0x080062a8                HAL_SYSTICK_Config
 .text.HAL_MPU_Disable
                0x080062d4       0x1c ../../libDaisy//build\libdaisy.a(stm32h7xx_hal_cortex.o)
                0x080062d4                HAL_MPU_Disable
 .text.HAL_MPU_Enable
                0x080062f0       0x20 ../../libDaisy//build\libdaisy.a(stm32h7xx_hal_cortex.o)
                0x080062f0                HAL_MPU_Enable
 .text.HAL_MPU_ConfigRegion
                0x08006310       0x64 ../../libDaisy//build\libdaisy.a(stm32h7xx_hal_cortex.o)
                0x08006310                HAL_MPU_ConfigRegion
 .text.HAL_SYSTICK_Callback
                0x08006374        0x4 ../../libDaisy//build\libdaisy.a(stm32h7xx_hal_cortex.o)
                0x08006374                HAL_SYSTICK_Callback
 .text.HAL_SYSTICK_IRQHandler
                0x08006378        0x8 ../../libDaisy//build\libdaisy.a(stm32h7xx_hal_cortex.o)
                0x08006378                HAL_SYSTICK_IRQHandler
 .text.DMA_CalcBaseAndBitshift
                0x08006380       0xf4 ../../libDaisy//build\libdaisy.a(stm32h7xx_hal_dma.o)
 .text.DMA_CalcDMAMUXChannelBaseAndMask
                0x08006474       0xd8 ../../libDaisy//build\libdaisy.a(stm32h7xx_hal_dma.o)
 .text.HAL_DMA_Init
                0x0800654c      0x37c ../../libDaisy//build\libdaisy.a(stm32h7xx_hal_dma.o)
                0x0800654c                HAL_DMA_Init
 .text.HAL_DMA_Start_IT
                0x080068c8      0x240 ../../libDaisy//build\libdaisy.a(stm32h7xx_hal_dma.o)
                0x080068c8                HAL_DMA_Start_IT
 .text.HAL_DMA_Abort_IT
                0x08006b08      0x134 ../../libDaisy//build\libdaisy.a(stm32h7xx_hal_dma.o)
                0x08006b08                HAL_DMA_Abort_IT
 .text.HAL_DMA_IRQHandler
                0x08006c3c      0x6a0 ../../libDaisy//build\libdaisy.a(stm32h7xx_hal_dma.o)
                0x08006c3c                HAL_DMA_IRQHandler
 .text.HAL_DMA_GetError
                0x080072dc        0x4 ../../libDaisy//build\libdaisy.a(stm32h7xx_hal_dma.o)
                0x080072dc                HAL_DMA_GetError
 .text.HAL_GPIO_Init
                0x080072e0      0x280 ../../libDaisy//build\libdaisy.a(stm32h7xx_hal_gpio.o)
                0x080072e0                HAL_GPIO_Init
 .text.HAL_GPIO_DeInit
                0x08007560      0x190 ../../libDaisy//build\libdaisy.a(stm32h7xx_hal_gpio.o)
                0x08007560                HAL_GPIO_DeInit
 .text.HAL_GPIO_ReadPin
                0x080076f0        0xc ../../libDaisy//build\libdaisy.a(stm32h7xx_hal_gpio.o)
                0x080076f0                HAL_GPIO_ReadPin
 .text.HAL_GPIO_WritePin
                0x080076fc        0x8 ../../libDaisy//build\libdaisy.a(stm32h7xx_hal_gpio.o)
                0x080076fc                HAL_GPIO_WritePin
 .text.HAL_HCD_IRQHandler
                0x08007704      0x780 ../../libDaisy//build\libdaisy.a(stm32h7xx_hal_hcd.o)
                0x08007704                HAL_HCD_IRQHandler
 .text.HAL_HCD_Stop
                0x08007e84       0x28 ../../libDaisy//build\libdaisy.a(stm32h7xx_hal_hcd.o)
                0x08007e84                HAL_HCD_Stop
 .text.I2C_WaitOnTXISFlagUntilTimeout
                0x08007eac       0xb8 ../../libDaisy//build\libdaisy.a(stm32h7xx_hal_i2c.o)
 .text.I2C_WaitOnSTOPFlagUntilTimeout
                0x08007f64       0xac ../../libDaisy//build\libdaisy.a(stm32h7xx_hal_i2c.o)
 .text.HAL_I2C_Init
                0x08008010       0xac ../../libDaisy//build\libdaisy.a(stm32h7xx_hal_i2c.o)
                0x08008010                HAL_I2C_Init
 .text.HAL_I2C_Master_Transmit
                0x080080bc      0x1a8 ../../libDaisy//build\libdaisy.a(stm32h7xx_hal_i2c.o)
                0x080080bc                HAL_I2C_Master_Transmit
 .text.HAL_I2C_Slave_Transmit
                0x08008264      0x1c8 ../../libDaisy//build\libdaisy.a(stm32h7xx_hal_i2c.o)
                0x08008264                HAL_I2C_Slave_Transmit
 .text.HAL_I2C_EV_IRQHandler
                0x0800842c       0x10 ../../libDaisy//build\libdaisy.a(stm32h7xx_hal_i2c.o)
                0x0800842c                HAL_I2C_EV_IRQHandler
 .text.HAL_I2C_GetState
                0x0800843c        0x8 ../../libDaisy//build\libdaisy.a(stm32h7xx_hal_i2c.o)
                0x0800843c                HAL_I2C_GetState
 .text.HAL_I2CEx_ConfigAnalogFilter
                0x08008444       0x54 ../../libDaisy//build\libdaisy.a(stm32h7xx_hal_i2c_ex.o)
                0x08008444                HAL_I2CEx_ConfigAnalogFilter
 .text.HAL_I2CEx_ConfigDigitalFilter
                0x08008498       0x58 ../../libDaisy//build\libdaisy.a(stm32h7xx_hal_i2c_ex.o)
                0x08008498                HAL_I2CEx_ConfigDigitalFilter
 .text.HAL_PCD_IRQHandler
                0x080084f0      0x69c ../../libDaisy//build\libdaisy.a(stm32h7xx_hal_pcd.o)
                0x080084f0                HAL_PCD_IRQHandler
 .text.HAL_PCD_SetAddress
                0x08008b8c       0x2c ../../libDaisy//build\libdaisy.a(stm32h7xx_hal_pcd.o)
                0x08008b8c                HAL_PCD_SetAddress
 .text.HAL_PCD_EP_Open
                0x08008bb8       0x7c ../../libDaisy//build\libdaisy.a(stm32h7xx_hal_pcd.o)
                0x08008bb8                HAL_PCD_EP_Open
 .text.HAL_PCD_EP_Receive
                0x08008c34       0x50 ../../libDaisy//build\libdaisy.a(stm32h7xx_hal_pcd.o)
                0x08008c34                HAL_PCD_EP_Receive
 .text.HAL_PCD_EP_Transmit
                0x08008c84       0x50 ../../libDaisy//build\libdaisy.a(stm32h7xx_hal_pcd.o)
                0x08008c84                HAL_PCD_EP_Transmit
 .text.HAL_PCD_EP_SetStall
                0x08008cd4       0x88 ../../libDaisy//build\libdaisy.a(stm32h7xx_hal_pcd.o)
                0x08008cd4                HAL_PCD_EP_SetStall
 .text.HAL_PCD_EP_ClrStall
                0x08008d5c       0x78 ../../libDaisy//build\libdaisy.a(stm32h7xx_hal_pcd.o)
                0x08008d5c                HAL_PCD_EP_ClrStall
 .text.HAL_PCDEx_LPM_Callback
                0x08008dd4        0x4 ../../libDaisy//build\libdaisy.a(stm32h7xx_hal_pcd_ex.o)
                0x08008dd4                HAL_PCDEx_LPM_Callback
 .text.HAL_PWREx_ConfigSupply
                0x08008dd8       0x4c ../../libDaisy//build\libdaisy.a(stm32h7xx_hal_pwr_ex.o)
                0x08008dd8                HAL_PWREx_ConfigSupply
 .text.HAL_PWREx_EnableUSBVoltageDetector
                0x08008e24       0x10 ../../libDaisy//build\libdaisy.a(stm32h7xx_hal_pwr_ex.o)
                0x08008e24                HAL_PWREx_EnableUSBVoltageDetector
 .text.QSPI_Config
                0x08008e34      0x174 ../../libDaisy//build\libdaisy.a(stm32h7xx_hal_qspi.o)
 .text.HAL_QSPI_Init
                0x08008fa8       0xd8 ../../libDaisy//build\libdaisy.a(stm32h7xx_hal_qspi.o)
                0x08008fa8                HAL_QSPI_Init
 .text.HAL_QSPI_DeInit
                0x08009080       0x3c ../../libDaisy//build\libdaisy.a(stm32h7xx_hal_qspi.o)
                0x08009080                HAL_QSPI_DeInit
 .text.HAL_QSPI_Command
                0x080090bc       0xd4 ../../libDaisy//build\libdaisy.a(stm32h7xx_hal_qspi.o)
                0x080090bc                HAL_QSPI_Command
 .text.HAL_QSPI_Transmit
                0x08009190       0xfc ../../libDaisy//build\libdaisy.a(stm32h7xx_hal_qspi.o)
                0x08009190                HAL_QSPI_Transmit
 .text.HAL_QSPI_Receive
                0x0800928c      0x108 ../../libDaisy//build\libdaisy.a(stm32h7xx_hal_qspi.o)
                0x0800928c                HAL_QSPI_Receive
 .text.HAL_QSPI_AutoPolling
                0x08009394       0xf0 ../../libDaisy//build\libdaisy.a(stm32h7xx_hal_qspi.o)
                0x08009394                HAL_QSPI_AutoPolling
 .text.HAL_QSPI_MemoryMapped
                0x08009484       0xc0 ../../libDaisy//build\libdaisy.a(stm32h7xx_hal_qspi.o)
                0x08009484                HAL_QSPI_MemoryMapped
 .text.HAL_QSPI_ErrorCallback
                0x08009544        0x4 ../../libDaisy//build\libdaisy.a(stm32h7xx_hal_qspi.o)
                0x08009544                HAL_QSPI_ErrorCallback
 .text.QSPI_DMAAbortCplt
                0x08009548       0x38 ../../libDaisy//build\libdaisy.a(stm32h7xx_hal_qspi.o)
 .text.HAL_QSPI_AbortCpltCallback
                0x08009580        0x4 ../../libDaisy//build\libdaisy.a(stm32h7xx_hal_qspi.o)
                0x08009580                HAL_QSPI_AbortCpltCallback
 .text.HAL_QSPI_CmdCpltCallback
                0x08009584        0x4 ../../libDaisy//build\libdaisy.a(stm32h7xx_hal_qspi.o)
                0x08009584                HAL_QSPI_CmdCpltCallback
 .text.HAL_QSPI_RxCpltCallback
                0x08009588        0x4 ../../libDaisy//build\libdaisy.a(stm32h7xx_hal_qspi.o)
                0x08009588                HAL_QSPI_RxCpltCallback
 .text.HAL_QSPI_TxCpltCallback
                0x0800958c        0x4 ../../libDaisy//build\libdaisy.a(stm32h7xx_hal_qspi.o)
                0x0800958c                HAL_QSPI_TxCpltCallback
 .text.HAL_QSPI_FifoThresholdCallback
                0x08009590        0x4 ../../libDaisy//build\libdaisy.a(stm32h7xx_hal_qspi.o)
                0x08009590                HAL_QSPI_FifoThresholdCallback
 .text.HAL_QSPI_StatusMatchCallback
                0x08009594        0x4 ../../libDaisy//build\libdaisy.a(stm32h7xx_hal_qspi.o)
                0x08009594                HAL_QSPI_StatusMatchCallback
 .text.HAL_QSPI_TimeOutCallback
                0x08009598        0x4 ../../libDaisy//build\libdaisy.a(stm32h7xx_hal_qspi.o)
                0x08009598                HAL_QSPI_TimeOutCallback
 .text.HAL_QSPI_IRQHandler
                0x0800959c      0x210 ../../libDaisy//build\libdaisy.a(stm32h7xx_hal_qspi.o)
                0x0800959c                HAL_QSPI_IRQHandler
 .text.HAL_RCC_OscConfig
                0x080097ac      0x51c ../../libDaisy//build\libdaisy.a(stm32h7xx_hal_rcc.o)
                0x080097ac                HAL_RCC_OscConfig
 .text.HAL_RCC_GetSysClockFreq
                0x08009cc8      0x140 ../../libDaisy//build\libdaisy.a(stm32h7xx_hal_rcc.o)
                0x08009cc8                HAL_RCC_GetSysClockFreq
 .text.HAL_RCC_ClockConfig
                0x08009e08      0x234 ../../libDaisy//build\libdaisy.a(stm32h7xx_hal_rcc.o)
                0x08009e08                HAL_RCC_ClockConfig
 .text.HAL_RCC_GetHCLKFreq
                0x0800a03c       0x2c ../../libDaisy//build\libdaisy.a(stm32h7xx_hal_rcc.o)
                0x0800a03c                HAL_RCC_GetHCLKFreq
 .text.HAL_RCC_GetPCLK1Freq
                0x0800a068       0x38 ../../libDaisy//build\libdaisy.a(stm32h7xx_hal_rcc.o)
                0x0800a068                HAL_RCC_GetPCLK1Freq
 .text.HAL_RCC_GetPCLK2Freq
                0x0800a0a0       0x38 ../../libDaisy//build\libdaisy.a(stm32h7xx_hal_rcc.o)
                0x0800a0a0                HAL_RCC_GetPCLK2Freq
 .text.RCCEx_PLL2_Config
                0x0800a0d8       0xf4 ../../libDaisy//build\libdaisy.a(stm32h7xx_hal_rcc_ex.o)
 .text.RCCEx_PLL3_Config
                0x0800a1cc       0xf4 ../../libDaisy//build\libdaisy.a(stm32h7xx_hal_rcc_ex.o)
 .text.HAL_RCCEx_PeriphCLKConfig
                0x0800a2c0      0xa7c ../../libDaisy//build\libdaisy.a(stm32h7xx_hal_rcc_ex.o)
                0x0800a2c0                HAL_RCCEx_PeriphCLKConfig
 .text.HAL_RCCEx_GetD3PCLK1Freq
                0x0800ad3c       0x24 ../../libDaisy//build\libdaisy.a(stm32h7xx_hal_rcc_ex.o)
                0x0800ad3c                HAL_RCCEx_GetD3PCLK1Freq
 .text.HAL_RCCEx_GetPLL2ClockFreq
                0x0800ad60      0x17c ../../libDaisy//build\libdaisy.a(stm32h7xx_hal_rcc_ex.o)
                0x0800ad60                HAL_RCCEx_GetPLL2ClockFreq
 .text.HAL_RCCEx_GetPLL3ClockFreq
                0x0800aedc      0x17c ../../libDaisy//build\libdaisy.a(stm32h7xx_hal_rcc_ex.o)
                0x0800aedc                HAL_RCCEx_GetPLL3ClockFreq
 .text.HAL_RCCEx_GetPLL1ClockFreq
                0x0800b058      0x17c ../../libDaisy//build\libdaisy.a(stm32h7xx_hal_rcc_ex.o)
                0x0800b058                HAL_RCCEx_GetPLL1ClockFreq
 .text.HAL_RCCEx_GetPeriphCLKFreq
                0x0800b1d4      0x198 ../../libDaisy//build\libdaisy.a(stm32h7xx_hal_rcc_ex.o)
                0x0800b1d4                HAL_RCCEx_GetPeriphCLKFreq
 .text.HAL_RCCEx_GetD1SysClockFreq
                0x0800b36c       0x2c ../../libDaisy//build\libdaisy.a(stm32h7xx_hal_rcc_ex.o)
                0x0800b36c                HAL_RCCEx_GetD1SysClockFreq
 .text.HAL_SAI_Init.part.0
                0x0800b398      0x348 ../../libDaisy//build\libdaisy.a(stm32h7xx_hal_sai.o)
 .text.HAL_SAI_InitProtocol
                0x0800b6e0      0x178 ../../libDaisy//build\libdaisy.a(stm32h7xx_hal_sai.o)
                0x0800b6e0                HAL_SAI_InitProtocol
 .text.HAL_SAI_Transmit_DMA
                0x0800b858      0x124 ../../libDaisy//build\libdaisy.a(stm32h7xx_hal_sai.o)
                0x0800b858                HAL_SAI_Transmit_DMA
 .text.HAL_SAI_Receive_DMA
                0x0800b97c       0xd0 ../../libDaisy//build\libdaisy.a(stm32h7xx_hal_sai.o)
                0x0800b97c                HAL_SAI_Receive_DMA
 .text.HAL_SAI_TxCpltCallback
                0x0800ba4c        0x4 ../../libDaisy//build\libdaisy.a(stm32h7xx_hal_sai.o)
                0x0800ba4c                HAL_SAI_TxCpltCallback
 .text.SAI_DMATxCplt
                0x0800ba50       0x64 ../../libDaisy//build\libdaisy.a(stm32h7xx_hal_sai.o)
 .text.HAL_SAI_TxHalfCpltCallback
                0x0800bab4        0x4 ../../libDaisy//build\libdaisy.a(stm32h7xx_hal_sai.o)
                0x0800bab4                HAL_SAI_TxHalfCpltCallback
 .text.SAI_DMATxHalfCplt
                0x0800bab8        0xc ../../libDaisy//build\libdaisy.a(stm32h7xx_hal_sai.o)
 .text.SAI_DMARxCplt
                0x0800bac4       0x64 ../../libDaisy//build\libdaisy.a(stm32h7xx_hal_sai.o)
 .text.SAI_DMARxHalfCplt
                0x0800bb28        0xc ../../libDaisy//build\libdaisy.a(stm32h7xx_hal_sai.o)
 .text.HAL_SAI_ErrorCallback
                0x0800bb34        0x4 ../../libDaisy//build\libdaisy.a(stm32h7xx_hal_sai.o)
                0x0800bb34                HAL_SAI_ErrorCallback
 .text.SAI_DMAError
                0x0800bb38       0x6c ../../libDaisy//build\libdaisy.a(stm32h7xx_hal_sai.o)
 .text.HAL_SDRAM_Init
                0x0800bba4       0x54 ../../libDaisy//build\libdaisy.a(stm32h7xx_hal_sdram.o)
                0x0800bba4                HAL_SDRAM_Init
 .text.HAL_SDRAM_SendCommand
                0x0800bbf8       0x40 ../../libDaisy//build\libdaisy.a(stm32h7xx_hal_sdram.o)
                0x0800bbf8                HAL_SDRAM_SendCommand
 .text.HAL_SDRAM_ProgramRefreshRate
                0x0800bc38       0x30 ../../libDaisy//build\libdaisy.a(stm32h7xx_hal_sdram.o)
                0x0800bc38                HAL_SDRAM_ProgramRefreshRate
 .text.FMC_SDRAM_Init
                0x0800bc68       0x7c ../../libDaisy//build\libdaisy.a(stm32h7xx_ll_fmc.o)
                0x0800bc68                FMC_SDRAM_Init
 .text.FMC_SDRAM_Timing_Init
                0x0800bce4       0x98 ../../libDaisy//build\libdaisy.a(stm32h7xx_ll_fmc.o)
                0x0800bce4                FMC_SDRAM_Timing_Init
 .text.FMC_SDRAM_SendCommand
                0x0800bd7c       0x28 ../../libDaisy//build\libdaisy.a(stm32h7xx_ll_fmc.o)
                0x0800bd7c                FMC_SDRAM_SendCommand
 .text.FMC_SDRAM_ProgramRefreshRate
                0x0800bda4       0x1c ../../libDaisy//build\libdaisy.a(stm32h7xx_ll_fmc.o)
                0x0800bda4                FMC_SDRAM_ProgramRefreshRate
 .text.USB_SetTurnaroundTime
                0x0800bdc0      0x104 ../../libDaisy//build\libdaisy.a(stm32h7xx_ll_usb.o)
                0x0800bdc0                USB_SetTurnaroundTime
 .text.USB_FlushTxFifo
                0x0800bec4       0x34 ../../libDaisy//build\libdaisy.a(stm32h7xx_ll_usb.o)
                0x0800bec4                USB_FlushTxFifo
 .text.USB_GetDevSpeed
                0x0800bef8       0x24 ../../libDaisy//build\libdaisy.a(stm32h7xx_ll_usb.o)
                0x0800bef8                USB_GetDevSpeed
 .text.USB_ActivateEndpoint
                0x0800bf1c       0x90 ../../libDaisy//build\libdaisy.a(stm32h7xx_ll_usb.o)
                0x0800bf1c                USB_ActivateEndpoint
 .text.USB_EPStartXfer
                0x0800bfac      0x230 ../../libDaisy//build\libdaisy.a(stm32h7xx_ll_usb.o)
                0x0800bfac                USB_EPStartXfer
 .text.USB_EP0StartXfer
                0x0800c1dc      0x174 ../../libDaisy//build\libdaisy.a(stm32h7xx_ll_usb.o)
                0x0800c1dc                USB_EP0StartXfer
 .text.USB_WritePacket
                0x0800c350       0x2c ../../libDaisy//build\libdaisy.a(stm32h7xx_ll_usb.o)
                0x0800c350                USB_WritePacket
 .text.USB_ReadPacket
                0x0800c37c       0x20 ../../libDaisy//build\libdaisy.a(stm32h7xx_ll_usb.o)
                0x0800c37c                USB_ReadPacket
 .text.USB_EPSetStall
                0x0800c39c       0x68 ../../libDaisy//build\libdaisy.a(stm32h7xx_ll_usb.o)
                0x0800c39c                USB_EPSetStall
 .text.USB_EPClearStall
                0x0800c404       0x58 ../../libDaisy//build\libdaisy.a(stm32h7xx_ll_usb.o)
                0x0800c404                USB_EPClearStall
 .text.USB_SetDevAddress
                0x0800c45c       0x24 ../../libDaisy//build\libdaisy.a(stm32h7xx_ll_usb.o)
                0x0800c45c                USB_SetDevAddress
 .text.USB_ReadInterrupts
                0x0800c480       0x14 ../../libDaisy//build\libdaisy.a(stm32h7xx_ll_usb.o)
                0x0800c480                USB_ReadInterrupts
 .text.USB_ReadDevAllOutEpInterrupt
                0x0800c494       0x1c ../../libDaisy//build\libdaisy.a(stm32h7xx_ll_usb.o)
                0x0800c494                USB_ReadDevAllOutEpInterrupt
 .text.USB_ReadDevAllInEpInterrupt
                0x0800c4b0       0x1c ../../libDaisy//build\libdaisy.a(stm32h7xx_ll_usb.o)
                0x0800c4b0                USB_ReadDevAllInEpInterrupt
 .text.USB_ReadDevOutEPInterrupt
                0x0800c4cc       0x1c ../../libDaisy//build\libdaisy.a(stm32h7xx_ll_usb.o)
                0x0800c4cc                USB_ReadDevOutEPInterrupt
 .text.USB_ReadDevInEPInterrupt
                0x0800c4e8       0x38 ../../libDaisy//build\libdaisy.a(stm32h7xx_ll_usb.o)
                0x0800c4e8                USB_ReadDevInEPInterrupt
 .text.USB_GetMode
                0x0800c520        0x8 ../../libDaisy//build\libdaisy.a(stm32h7xx_ll_usb.o)
                0x0800c520                USB_GetMode
 .text.USB_ActivateSetup
                0x0800c528       0x38 ../../libDaisy//build\libdaisy.a(stm32h7xx_ll_usb.o)
                0x0800c528                USB_ActivateSetup
 .text.USB_EP0_OutStart
                0x0800c560       0x58 ../../libDaisy//build\libdaisy.a(stm32h7xx_ll_usb.o)
                0x0800c560                USB_EP0_OutStart
 .text.USB_InitFSLSPClkSel
                0x0800c5b8       0x44 ../../libDaisy//build\libdaisy.a(stm32h7xx_ll_usb.o)
                0x0800c5b8                USB_InitFSLSPClkSel
 .text.USB_HC_ReadInterrupt
                0x0800c5fc        0x8 ../../libDaisy//build\libdaisy.a(stm32h7xx_ll_usb.o)
                0x0800c5fc                USB_HC_ReadInterrupt
 .text.USB_HC_Halt
                0x0800c604       0xc0 ../../libDaisy//build\libdaisy.a(stm32h7xx_ll_usb.o)
                0x0800c604                USB_HC_Halt
 .text.USB_StopHost
                0x0800c6c4      0x2ec ../../libDaisy//build\libdaisy.a(stm32h7xx_ll_usb.o)
                0x0800c6c4                USB_StopHost
 .text.USBD_SetClassConfig
                0x0800c9b0       0x14 ../../libDaisy//build\libdaisy.a(usbd_core.o)
                0x0800c9b0                USBD_SetClassConfig
 .text.USBD_ClrClassConfig
                0x0800c9c4       0x10 ../../libDaisy//build\libdaisy.a(usbd_core.o)
                0x0800c9c4                USBD_ClrClassConfig
 .text.USBD_LL_SetupStage
                0x0800c9d4       0x5c ../../libDaisy//build\libdaisy.a(usbd_core.o)
                0x0800c9d4                USBD_LL_SetupStage
 .text.USBD_LL_DataOutStage
                0x0800ca30       0x7c ../../libDaisy//build\libdaisy.a(usbd_core.o)
                0x0800ca30                USBD_LL_DataOutStage
 .text.USBD_LL_DataInStage
                0x0800caac       0xcc ../../libDaisy//build\libdaisy.a(usbd_core.o)
                0x0800caac                USBD_LL_DataInStage
 .text.USBD_LL_Reset
                0x0800cb78       0x50 ../../libDaisy//build\libdaisy.a(usbd_core.o)
                0x0800cb78                USBD_LL_Reset
 .text.USBD_LL_SetSpeed
                0x0800cbc8        0x8 ../../libDaisy//build\libdaisy.a(usbd_core.o)
                0x0800cbc8                USBD_LL_SetSpeed
 .text.USBD_LL_Suspend
                0x0800cbd0       0x14 ../../libDaisy//build\libdaisy.a(usbd_core.o)
                0x0800cbd0                USBD_LL_Suspend
 .text.USBD_LL_Resume
                0x0800cbe4       0x10 ../../libDaisy//build\libdaisy.a(usbd_core.o)
                0x0800cbe4                USBD_LL_Resume
 .text.USBD_LL_SOF
                0x0800cbf4       0x1c ../../libDaisy//build\libdaisy.a(usbd_core.o)
                0x0800cbf4                USBD_LL_SOF
 .text.USBD_LL_IsoINIncomplete
                0x0800cc10        0x4 ../../libDaisy//build\libdaisy.a(usbd_core.o)
                0x0800cc10                USBD_LL_IsoINIncomplete
 .text.USBD_LL_IsoOUTIncomplete
                0x0800cc14        0x4 ../../libDaisy//build\libdaisy.a(usbd_core.o)
                0x0800cc14                USBD_LL_IsoOUTIncomplete
 .text.USBD_LL_DevConnected
                0x0800cc18        0x4 ../../libDaisy//build\libdaisy.a(usbd_core.o)
                0x0800cc18                USBD_LL_DevConnected
 .text.USBD_LL_DevDisconnected
                0x0800cc1c       0x18 ../../libDaisy//build\libdaisy.a(usbd_core.o)
                0x0800cc1c                USBD_LL_DevDisconnected
 .text.USBD_StdDevReq
                0x0800cc34      0x304 ../../libDaisy//build\libdaisy.a(usbd_ctlreq.o)
                0x0800cc34                USBD_StdDevReq
 .text.USBD_StdItfReq
                0x0800cf38       0x68 ../../libDaisy//build\libdaisy.a(usbd_ctlreq.o)
                0x0800cf38                USBD_StdItfReq
 .text.USBD_StdEPReq
                0x0800cfa0      0x13c ../../libDaisy//build\libdaisy.a(usbd_ctlreq.o)
                0x0800cfa0                USBD_StdEPReq
 .text.USBD_ParseSetupRequest
                0x0800d0dc       0x28 ../../libDaisy//build\libdaisy.a(usbd_ctlreq.o)
                0x0800d0dc                USBD_ParseSetupRequest
 .text.USBD_CtlSendData
                0x0800d104       0x1c ../../libDaisy//build\libdaisy.a(usbd_ioreq.o)
                0x0800d104                USBD_CtlSendData
 .text.USBD_CtlContinueSendData
                0x0800d120       0x14 ../../libDaisy//build\libdaisy.a(usbd_ioreq.o)
                0x0800d120                USBD_CtlContinueSendData
 .text.USBD_CtlContinueRx
                0x0800d134       0x14 ../../libDaisy//build\libdaisy.a(usbd_ioreq.o)
                0x0800d134                USBD_CtlContinueRx
 .text.USBD_CtlSendStatus
                0x0800d148       0x18 ../../libDaisy//build\libdaisy.a(usbd_ioreq.o)
                0x0800d148                USBD_CtlSendStatus
 .text.USBD_CtlReceiveStatus
                0x0800d160       0x18 ../../libDaisy//build\libdaisy.a(usbd_ioreq.o)
                0x0800d160                USBD_CtlReceiveStatus
 .text.USBH_LL_IncTimer
                0x0800d178       0x20 ../../libDaisy//build\libdaisy.a(usbh_core.o)
                0x0800d178                USBH_LL_IncTimer
 .text.USBH_LL_PortEnabled
                0x0800d198        0x8 ../../libDaisy//build\libdaisy.a(usbh_core.o)
                0x0800d198                USBH_LL_PortEnabled
 .text.USBH_LL_PortDisabled
                0x0800d1a0        0x8 ../../libDaisy//build\libdaisy.a(usbh_core.o)
                0x0800d1a0                USBH_LL_PortDisabled
 .text.USBH_LL_Connect
                0x0800d1a8       0x18 ../../libDaisy//build\libdaisy.a(usbh_core.o)
                0x0800d1a8                USBH_LL_Connect
 .text.USBH_LL_Disconnect
                0x0800d1c0       0x2c ../../libDaisy//build\libdaisy.a(usbh_core.o)
                0x0800d1c0                USBH_LL_Disconnect
 .text.USBH_FreePipe
                0x0800d1ec       0x18 ../../libDaisy//build\libdaisy.a(usbh_pipes.o)
                0x0800d1ec                USBH_FreePipe
 .text._ZN5daisy6Random4InitEv
                0x0800d204       0x3c ../../libDaisy//build\libdaisy.a(rng.o)
                0x0800d204                daisy::Random::Init()
 .text._ZN5daisy9SpiHandle4Impl7InitDmaEv
                0x0800d240       0xec ../../libDaisy//build\libdaisy.a(spi.o)
                0x0800d240                daisy::SpiHandle::Impl::InitDma()
 .text._ZN5daisy9SpiHandle4Impl10StartDmaTxEPhjPFvPvEPFvS3_NS0_6ResultEES3_
                0x0800d32c       0xc8 ../../libDaisy//build\libdaisy.a(spi.o)
                0x0800d32c                daisy::SpiHandle::Impl::StartDmaTx(unsigned char*, unsigned int, void (*)(void*), void (*)(void*, daisy::SpiHandle::Result), void*)
 .text._ZN5daisy9SpiHandle4Impl10StartDmaRxEPhjPFvPvEPFvS3_NS0_6ResultEES3_
                0x0800d3f4       0xc8 ../../libDaisy//build\libdaisy.a(spi.o)
                0x0800d3f4                daisy::SpiHandle::Impl::StartDmaRx(unsigned char*, unsigned int, void (*)(void*), void (*)(void*, daisy::SpiHandle::Result), void*)
 .text._ZN5daisy9SpiHandle4Impl12StartDmaRxTxEPhS2_jPFvPvEPFvS3_NS0_6ResultEES3_
                0x0800d4bc       0xcc ../../libDaisy//build\libdaisy.a(spi.o)
                0x0800d4bc                daisy::SpiHandle::Impl::StartDmaRxTx(unsigned char*, unsigned char*, unsigned int, void (*)(void*), void (*)(void*, daisy::SpiHandle::Result), void*)
 .text._ZN5daisy9SpiHandle4Impl8InitPinsEv
                0x0800d588      0x274 ../../libDaisy//build\libdaisy.a(spi.o)
                0x0800d588                daisy::SpiHandle::Impl::InitPins()
 .text.HAL_SPI_MspInit
                0x0800d7fc      0x1a8 ../../libDaisy//build\libdaisy.a(spi.o)
                0x0800d7fc                HAL_SPI_MspInit
 .text.dsy_spi_global_init
                0x0800d9a4       0x80 ../../libDaisy//build\libdaisy.a(spi.o)
                0x0800d9a4                dsy_spi_global_init
 .text.SPI1_IRQHandler
                0x0800da24        0xc ../../libDaisy//build\libdaisy.a(spi.o)
                0x0800da24                SPI1_IRQHandler
 .text.SPI2_IRQHandler
                0x0800da30        0xc ../../libDaisy//build\libdaisy.a(spi.o)
                0x0800da30                SPI2_IRQHandler
 .text.SPI3_IRQHandler
                0x0800da3c        0xc ../../libDaisy//build\libdaisy.a(spi.o)
                0x0800da3c                SPI3_IRQHandler
 .text.SPI4_IRQHandler
                0x0800da48        0xc ../../libDaisy//build\libdaisy.a(spi.o)
                0x0800da48                SPI4_IRQHandler
 .text.SPI5_IRQHandler
                0x0800da54        0xc ../../libDaisy//build\libdaisy.a(spi.o)
                0x0800da54                SPI5_IRQHandler
 .text.DMA2_Stream2_IRQHandler
                0x0800da60       0x34 ../../libDaisy//build\libdaisy.a(spi.o)
                0x0800da60                DMA2_Stream2_IRQHandler
 .text.DMA2_Stream3_IRQHandler
                0x0800da94       0x38 ../../libDaisy//build\libdaisy.a(spi.o)
                0x0800da94                DMA2_Stream3_IRQHandler
 .text.HAL_SPI_TxCpltCallback
                0x0800dacc       0xc4 ../../libDaisy//build\libdaisy.a(spi.o)
                0x0800dacc                HAL_SPI_TxCpltCallback
 .text.HAL_SPI_RxCpltCallback
                0x0800db90       0xc4 ../../libDaisy//build\libdaisy.a(spi.o)
                0x0800db90                HAL_SPI_RxCpltCallback
 .text.HAL_SPI_TxRxCpltCallback
                0x0800dc54       0xc4 ../../libDaisy//build\libdaisy.a(spi.o)
                0x0800dc54                HAL_SPI_TxRxCpltCallback
 .text.HAL_SPI_ErrorCallback
                0x0800dd18       0xc8 ../../libDaisy//build\libdaisy.a(spi.o)
                0x0800dd18                HAL_SPI_ErrorCallback
 .text.startup._GLOBAL__sub_I__Z19MapInstanceToHandleP11SPI_TypeDef
                0x0800dde0      0x1b0 ../../libDaisy//build\libdaisy.a(spi.o)
 .text.HAL_TIM_Base_MspInit
                0x0800df90      0x1e0 ../../libDaisy//build\libdaisy.a(tim.o)
                0x0800df90                HAL_TIM_Base_MspInit
 .text.HAL_TIM_PeriodElapsedCallback
                0x0800e170       0x44 ../../libDaisy//build\libdaisy.a(tim.o)
                0x0800e170                HAL_TIM_PeriodElapsedCallback
 .text.TIM2_IRQHandler
                0x0800e1b4        0xc ../../libDaisy//build\libdaisy.a(tim.o)
                0x0800e1b4                TIM2_IRQHandler
 .text.TIM3_IRQHandler
                0x0800e1c0        0xc ../../libDaisy//build\libdaisy.a(tim.o)
                0x0800e1c0                TIM3_IRQHandler
 .text.TIM4_IRQHandler
                0x0800e1cc        0xc ../../libDaisy//build\libdaisy.a(tim.o)
                0x0800e1cc                TIM4_IRQHandler
 .text.TIM5_IRQHandler
                0x0800e1d8        0xc ../../libDaisy//build\libdaisy.a(tim.o)
                0x0800e1d8                TIM5_IRQHandler
 .text._ZN5daisy11TimerHandle4InitERKNS0_6ConfigE
                0x0800e1e4       0xd0 ../../libDaisy//build\libdaisy.a(tim.o)
                0x0800e1e4                daisy::TimerHandle::Init(daisy::TimerHandle::Config const&)
 .text._ZN5daisy11TimerHandle5StartEv
                0x0800e2b4       0x24 ../../libDaisy//build\libdaisy.a(tim.o)
                0x0800e2b4                daisy::TimerHandle::Start()
 .text.startup._GLOBAL__sub_I__ZN5daisy11TimerHandle4Impl4InitERKNS0_6ConfigE
                0x0800e2d8       0x38 ../../libDaisy//build\libdaisy.a(tim.o)
 .text._ZL20UART_CheckRxListenerPN5daisy11UartHandler4ImplE
                0x0800e310       0x84 ../../libDaisy//build\libdaisy.a(uart.o)
 .text._ZN5daisy11UartHandler4Impl10StartDmaTxEPhjPFvPvEPFvS3_NS0_6ResultEES3_
                0x0800e394      0x184 ../../libDaisy//build\libdaisy.a(uart.o)
                0x0800e394                daisy::UartHandler::Impl::StartDmaTx(unsigned char*, unsigned int, void (*)(void*), void (*)(void*, daisy::UartHandler::Result), void*)
 .text._ZN5daisy11UartHandler4Impl10StartDmaRxEPhjPFvPvEPFvS3_NS0_6ResultEES3_
                0x0800e518      0x184 ../../libDaisy//build\libdaisy.a(uart.o)
                0x0800e518                daisy::UartHandler::Impl::StartDmaRx(unsigned char*, unsigned int, void (*)(void*), void (*)(void*, daisy::UartHandler::Result), void*)
 .text._ZN5daisy11UartHandler4Impl19DmaTransferFinishedEP20__UART_HandleTypeDefNS0_6ResultE
                0x0800e69c       0xc0 ../../libDaisy//build\libdaisy.a(uart.o)
                0x0800e69c                daisy::UartHandler::Impl::DmaTransferFinished(__UART_HandleTypeDef*, daisy::UartHandler::Result)
 .text._ZN5daisy11UartHandler4Impl8InitPinsEv
                0x0800e75c      0x154 ../../libDaisy//build\libdaisy.a(uart.o)
                0x0800e75c                daisy::UartHandler::Impl::InitPins()
 .text.HAL_UART_MspInit
                0x0800e8b0      0x210 ../../libDaisy//build\libdaisy.a(uart.o)
                0x0800e8b0                HAL_UART_MspInit
 .text.dsy_uart_global_init
                0x0800eac0      0x110 ../../libDaisy//build\libdaisy.a(uart.o)
                0x0800eac0                dsy_uart_global_init
 .text.USART1_IRQHandler
                0x0800ebd0       0x2c ../../libDaisy//build\libdaisy.a(uart.o)
                0x0800ebd0                USART1_IRQHandler
 .text.USART2_IRQHandler
                0x0800ebfc       0x34 ../../libDaisy//build\libdaisy.a(uart.o)
                0x0800ebfc                USART2_IRQHandler
 .text.USART3_IRQHandler
                0x0800ec30       0x34 ../../libDaisy//build\libdaisy.a(uart.o)
                0x0800ec30                USART3_IRQHandler
 .text.UART4_IRQHandler
                0x0800ec64       0x34 ../../libDaisy//build\libdaisy.a(uart.o)
                0x0800ec64                UART4_IRQHandler
 .text.UART5_IRQHandler
                0x0800ec98       0x34 ../../libDaisy//build\libdaisy.a(uart.o)
                0x0800ec98                UART5_IRQHandler
 .text.USART6_IRQHandler
                0x0800eccc       0x34 ../../libDaisy//build\libdaisy.a(uart.o)
                0x0800eccc                USART6_IRQHandler
 .text.UART7_IRQHandler
                0x0800ed00       0x34 ../../libDaisy//build\libdaisy.a(uart.o)
                0x0800ed00                UART7_IRQHandler
 .text.UART8_IRQHandler
                0x0800ed34       0x34 ../../libDaisy//build\libdaisy.a(uart.o)
                0x0800ed34                UART8_IRQHandler
 .text.LPUART1_IRQHandler
                0x0800ed68       0x34 ../../libDaisy//build\libdaisy.a(uart.o)
                0x0800ed68                LPUART1_IRQHandler
 .text.DMA1_Stream5_IRQHandler
                0x0800ed9c       0x34 ../../libDaisy//build\libdaisy.a(uart.o)
                0x0800ed9c                DMA1_Stream5_IRQHandler
 .text.DMA2_Stream4_IRQHandler
                0x0800edd0       0x38 ../../libDaisy//build\libdaisy.a(uart.o)
                0x0800edd0                DMA2_Stream4_IRQHandler
 .text.HAL_UART_TxCpltCallback
                0x0800ee08        0x8 ../../libDaisy//build\libdaisy.a(uart.o)
                0x0800ee08                HAL_UART_TxCpltCallback
 .text.HAL_UART_RxCpltCallback
                0x0800ee10       0x94 ../../libDaisy//build\libdaisy.a(uart.o)
                0x0800ee10                HAL_UART_RxCpltCallback
 .text.HAL_UART_RxHalfCpltCallback
                0x0800eea4       0x90 ../../libDaisy//build\libdaisy.a(uart.o)
                0x0800eea4                HAL_UART_RxHalfCpltCallback
 .text.HAL_UART_ErrorCallback
                0x0800ef34        0x8 ../../libDaisy//build\libdaisy.a(uart.o)
                0x0800ef34                HAL_UART_ErrorCallback
 .text.startup._GLOBAL__sub_I__Z19MapInstanceToHandleP13USART_TypeDef
                0x0800ef3c      0x194 ../../libDaisy//build\libdaisy.a(uart.o)
 .text.dsy_dma_init
                0x0800f0d0      0x100 ../../libDaisy//build\libdaisy.a(dma.o)
                0x0800f0d0                dsy_dma_init
 .text.dsy_dma_invalidate_cache_for_buffer
                0x0800f1d0       0x2c ../../libDaisy//build\libdaisy.a(dma.o)
                0x0800f1d0                dsy_dma_invalidate_cache_for_buffer
 .text.HAL_MDMA_Abort_IT
                0x0800f1fc       0x2c ../../libDaisy//build\libdaisy.a(stm32h7xx_hal_mdma.o)
                0x0800f1fc                HAL_MDMA_Abort_IT
 .text.SPI_CloseTransfer
                0x0800f228       0xb8 ../../libDaisy//build\libdaisy.a(stm32h7xx_hal_spi.o)
 .text.HAL_SPI_Init
                0x0800f2e0      0x15c ../../libDaisy//build\libdaisy.a(stm32h7xx_hal_spi.o)
                0x0800f2e0                HAL_SPI_Init
 .text.HAL_SPI_Transmit_DMA
                0x0800f43c      0x170 ../../libDaisy//build\libdaisy.a(stm32h7xx_hal_spi.o)
                0x0800f43c                HAL_SPI_Transmit_DMA
 .text.HAL_SPI_TransmitReceive_DMA
                0x0800f5ac      0x218 ../../libDaisy//build\libdaisy.a(stm32h7xx_hal_spi.o)
                0x0800f5ac                HAL_SPI_TransmitReceive_DMA
 .text.HAL_SPI_Receive_DMA
                0x0800f7c4      0x1b4 ../../libDaisy//build\libdaisy.a(stm32h7xx_hal_spi.o)
                0x0800f7c4                HAL_SPI_Receive_DMA
 .text.SPI_DMATransmitCplt
                0x0800f978       0x28 ../../libDaisy//build\libdaisy.a(stm32h7xx_hal_spi.o)
 .text.SPI_DMAReceiveCplt
                0x0800f9a0       0x28 ../../libDaisy//build\libdaisy.a(stm32h7xx_hal_spi.o)
 .text.SPI_DMATransmitReceiveCplt
                0x0800f9c8       0x28 ../../libDaisy//build\libdaisy.a(stm32h7xx_hal_spi.o)
 .text.HAL_SPI_TxHalfCpltCallback
                0x0800f9f0        0x4 ../../libDaisy//build\libdaisy.a(stm32h7xx_hal_spi.o)
                0x0800f9f0                HAL_SPI_TxHalfCpltCallback
 .text.SPI_DMAHalfTransmitCplt
                0x0800f9f4        0xc ../../libDaisy//build\libdaisy.a(stm32h7xx_hal_spi.o)
 .text.HAL_SPI_RxHalfCpltCallback
                0x0800fa00        0x4 ../../libDaisy//build\libdaisy.a(stm32h7xx_hal_spi.o)
                0x0800fa00                HAL_SPI_RxHalfCpltCallback
 .text.SPI_DMAHalfReceiveCplt
                0x0800fa04        0xc ../../libDaisy//build\libdaisy.a(stm32h7xx_hal_spi.o)
 .text.HAL_SPI_TxRxHalfCpltCallback
                0x0800fa10        0x4 ../../libDaisy//build\libdaisy.a(stm32h7xx_hal_spi.o)
                0x0800fa10                HAL_SPI_TxRxHalfCpltCallback
 .text.SPI_DMAHalfTransmitReceiveCplt
                0x0800fa14        0xc ../../libDaisy//build\libdaisy.a(stm32h7xx_hal_spi.o)
 .text.SPI_DMAError
                0x0800fa20       0xd8 ../../libDaisy//build\libdaisy.a(stm32h7xx_hal_spi.o)
 .text.HAL_SPI_IRQHandler
                0x0800faf8      0x23c ../../libDaisy//build\libdaisy.a(stm32h7xx_hal_spi.o)
                0x0800faf8                HAL_SPI_IRQHandler
 .text.SPI_DMAAbortOnError
                0x0800fd34       0x1c ../../libDaisy//build\libdaisy.a(stm32h7xx_hal_spi.o)
 .text.HAL_SPI_GetState
                0x0800fd50        0x8 ../../libDaisy//build\libdaisy.a(stm32h7xx_hal_spi.o)
                0x0800fd50                HAL_SPI_GetState
 .text.HAL_TIM_Base_Init
                0x0800fd58      0x140 ../../libDaisy//build\libdaisy.a(stm32h7xx_hal_tim.o)
                0x0800fd58                HAL_TIM_Base_Init
 .text.HAL_TIM_Base_Start
                0x0800fe98       0x34 ../../libDaisy//build\libdaisy.a(stm32h7xx_hal_tim.o)
                0x0800fe98                HAL_TIM_Base_Start
 .text.HAL_TIM_Base_Start_IT
                0x0800fecc       0x2c ../../libDaisy//build\libdaisy.a(stm32h7xx_hal_tim.o)
                0x0800fecc                HAL_TIM_Base_Start_IT
 .text.HAL_TIM_ConfigClockSource
                0x0800fef8      0x17c ../../libDaisy//build\libdaisy.a(stm32h7xx_hal_tim.o)
                0x0800fef8                HAL_TIM_ConfigClockSource
 .text.HAL_TIM_OC_DelayElapsedCallback
                0x08010074        0x4 ../../libDaisy//build\libdaisy.a(stm32h7xx_hal_tim.o)
                0x08010074                HAL_TIM_OC_DelayElapsedCallback
 .text.HAL_TIM_IC_CaptureCallback
                0x08010078        0x4 ../../libDaisy//build\libdaisy.a(stm32h7xx_hal_tim.o)
                0x08010078                HAL_TIM_IC_CaptureCallback
 .text.HAL_TIM_PWM_PulseFinishedCallback
                0x0801007c        0x4 ../../libDaisy//build\libdaisy.a(stm32h7xx_hal_tim.o)
                0x0801007c                HAL_TIM_PWM_PulseFinishedCallback
 .text.HAL_TIM_TriggerCallback
                0x08010080        0x4 ../../libDaisy//build\libdaisy.a(stm32h7xx_hal_tim.o)
                0x08010080                HAL_TIM_TriggerCallback
 .text.HAL_TIM_IRQHandler
                0x08010084      0x170 ../../libDaisy//build\libdaisy.a(stm32h7xx_hal_tim.o)
                0x08010084                HAL_TIM_IRQHandler
 .text.HAL_TIMEx_MasterConfigSynchronization
                0x080101f4       0x64 ../../libDaisy//build\libdaisy.a(stm32h7xx_hal_tim_ex.o)
                0x080101f4                HAL_TIMEx_MasterConfigSynchronization
 .text.HAL_TIMEx_CommutCallback
                0x08010258        0x4 ../../libDaisy//build\libdaisy.a(stm32h7xx_hal_tim_ex.o)
                0x08010258                HAL_TIMEx_CommutCallback
 .text.HAL_TIMEx_BreakCallback
                0x0801025c        0x4 ../../libDaisy//build\libdaisy.a(stm32h7xx_hal_tim_ex.o)
                0x0801025c                HAL_TIMEx_BreakCallback
 .text.HAL_TIMEx_Break2Callback
                0x08010260        0x4 ../../libDaisy//build\libdaisy.a(stm32h7xx_hal_tim_ex.o)
                0x08010260                HAL_TIMEx_Break2Callback
 .text.HAL_UART_Transmit_DMA
                0x08010264       0xa4 ../../libDaisy//build\libdaisy.a(stm32h7xx_hal_uart.o)
                0x08010264                HAL_UART_Transmit_DMA
 .text.HAL_UART_Receive_DMA
                0x08010308       0xac ../../libDaisy//build\libdaisy.a(stm32h7xx_hal_uart.o)
                0x08010308                HAL_UART_Receive_DMA
 .text.UART_DMATransmitCplt
                0x080103b4       0x2c ../../libDaisy//build\libdaisy.a(stm32h7xx_hal_uart.o)
 .text.HAL_UART_TxHalfCpltCallback
                0x080103e0        0x4 ../../libDaisy//build\libdaisy.a(stm32h7xx_hal_uart.o)
                0x080103e0                HAL_UART_TxHalfCpltCallback
 .text.UART_DMATxHalfCplt
                0x080103e4        0xc ../../libDaisy//build\libdaisy.a(stm32h7xx_hal_uart.o)
 .text.UART_DMAReceiveCplt
                0x080103f0       0x38 ../../libDaisy//build\libdaisy.a(stm32h7xx_hal_uart.o)
 .text.UART_DMARxHalfCplt
                0x08010428        0xc ../../libDaisy//build\libdaisy.a(stm32h7xx_hal_uart.o)
 .text.UART_DMAError
                0x08010434       0x78 ../../libDaisy//build\libdaisy.a(stm32h7xx_hal_uart.o)
 .text.HAL_UART_IRQHandler
                0x080104ac      0x1d0 ../../libDaisy//build\libdaisy.a(stm32h7xx_hal_uart.o)
                0x080104ac                HAL_UART_IRQHandler
 .text.UART_DMAAbortOnError
                0x0801067c       0x14 ../../libDaisy//build\libdaisy.a(stm32h7xx_hal_uart.o)
 .text.HAL_UART_GetState
                0x08010690        0xc ../../libDaisy//build\libdaisy.a(stm32h7xx_hal_uart.o)
                0x08010690                HAL_UART_GetState
 .text.UART_SetConfig
                0x0801069c     0x14b8 ../../libDaisy//build\libdaisy.a(stm32h7xx_hal_uart.o)
                0x0801069c                UART_SetConfig
 .text.UART_AdvFeatureConfig
                0x08011b54       0xb0 ../../libDaisy//build\libdaisy.a(stm32h7xx_hal_uart.o)
                0x08011b54                UART_AdvFeatureConfig
 .text.UART_CheckIdleState
                0x08011c04       0x84 ../../libDaisy//build\libdaisy.a(stm32h7xx_hal_uart.o)
                0x08011c04                UART_CheckIdleState
 .text.HAL_UART_Init
                0x08011c88       0x68 ../../libDaisy//build\libdaisy.a(stm32h7xx_hal_uart.o)
                0x08011c88                HAL_UART_Init
 .text.HAL_UARTEx_WakeupCallback
                0x08011cf0        0x4 ../../libDaisy//build\libdaisy.a(stm32h7xx_hal_uart_ex.o)
                0x08011cf0                HAL_UARTEx_WakeupCallback
 .text.HAL_UARTEx_RxFifoFullCallback
                0x08011cf4        0x4 ../../libDaisy//build\libdaisy.a(stm32h7xx_hal_uart_ex.o)
                0x08011cf4                HAL_UARTEx_RxFifoFullCallback
 .text.HAL_UARTEx_TxFifoEmptyCallback
                0x08011cf8        0x4 ../../libDaisy//build\libdaisy.a(stm32h7xx_hal_uart_ex.o)
                0x08011cf8                HAL_UARTEx_TxFifoEmptyCallback
 .text.__aeabi_atexit
                0x08011cfc        0xa c:/program files/daisytoolchain/bin/../lib/gcc/arm-none-eabi/10.2.1/../../../../arm-none-eabi/lib/thumb/v7e-m+dp/hard\libstdc++_nano.a(atexit_arm.o)
                0x08011cfc                __aeabi_atexit
 .text._ZdlPvj  0x08011d06        0x4 c:/program files/daisytoolchain/bin/../lib/gcc/arm-none-eabi/10.2.1/../../../../arm-none-eabi/lib/thumb/v7e-m+dp/hard\libstdc++_nano.a(del_ops.o)
                0x08011d06                operator delete(void*, unsigned int)
 .text._Znwj    0x08011d0a       0x22 c:/program files/daisytoolchain/bin/../lib/gcc/arm-none-eabi/10.2.1/../../../../arm-none-eabi/lib/thumb/v7e-m+dp/hard\libstdc++_nano.a(new_op.o)
                0x08011d0a                operator new(unsigned int)
 .text.unlikely._ZSt17__throw_bad_allocv
                0x08011d2c        0x6 c:/program files/daisytoolchain/bin/../lib/gcc/arm-none-eabi/10.2.1/../../../../arm-none-eabi/lib/thumb/v7e-m+dp/hard\libstdc++_nano.a(functexcept.o)
                0x08011d2c                std::__throw_bad_alloc()
 .text.unlikely._ZSt19__throw_logic_errorPKc
                0x08011d32        0x6 c:/program files/daisytoolchain/bin/../lib/gcc/arm-none-eabi/10.2.1/../../../../arm-none-eabi/lib/thumb/v7e-m+dp/hard\libstdc++_nano.a(functexcept.o)
                0x08011d32                std::__throw_logic_error(char const*)
 .text.unlikely._ZSt20__throw_length_errorPKc
                0x08011d38        0x6 c:/program files/daisytoolchain/bin/../lib/gcc/arm-none-eabi/10.2.1/../../../../arm-none-eabi/lib/thumb/v7e-m+dp/hard\libstdc++_nano.a(functexcept.o)
                0x08011d38                std::__throw_length_error(char const*)
 .text._ZNSt11char_traitsIcE4copyEPcPKcj.isra.0
                0x08011d3e        0x8 c:/program files/daisytoolchain/bin/../lib/gcc/arm-none-eabi/10.2.1/../../../../arm-none-eabi/lib/thumb/v7e-m+dp/hard\libstdc++_nano.a(string-inst.o)
 .text._ZNSt11char_traitsIcE7compareEPKcS2_j
                0x08011d46        0xa c:/program files/daisytoolchain/bin/../lib/gcc/arm-none-eabi/10.2.1/../../../../arm-none-eabi/lib/thumb/v7e-m+dp/hard\libstdc++_nano.a(string-inst.o)
                0x08011d46                std::char_traits<char>::compare(char const*, char const*, unsigned int)
 .text._ZNSt7__cxx1112basic_stringIcSt11char_traitsIcESaIcEE9_M_createERjj
                0x08011d50       0x44 c:/program files/daisytoolchain/bin/../lib/gcc/arm-none-eabi/10.2.1/../../../../arm-none-eabi/lib/thumb/v7e-m+dp/hard\libstdc++_nano.a(string-inst.o)
                0x08011d50                std::__cxx11::basic_string<char, std::char_traits<char>, std::allocator<char> >::_M_create(unsigned int&, unsigned int)
 .text._ZNSt7__cxx1112basic_stringIcSt11char_traitsIcESaIcEE10_M_disposeEv
                0x08011d94       0x10 c:/program files/daisytoolchain/bin/../lib/gcc/arm-none-eabi/10.2.1/../../../../arm-none-eabi/lib/thumb/v7e-m+dp/hard\libstdc++_nano.a(string-inst.o)
                0x08011d94                std::__cxx11::basic_string<char, std::char_traits<char>, std::allocator<char> >::_M_dispose()
 .text._ZNKSt7__cxx1112basic_stringIcSt11char_traitsIcESaIcEE15_M_check_lengthEjjPKc
                0x08011da4       0x18 c:/program files/daisytoolchain/bin/../lib/gcc/arm-none-eabi/10.2.1/../../../../arm-none-eabi/lib/thumb/v7e-m+dp/hard\libstdc++_nano.a(string-inst.o)
                0x08011da4                std::__cxx11::basic_string<char, std::char_traits<char>, std::allocator<char> >::_M_check_length(unsigned int, unsigned int, char const*) const
 .text._ZNKSt7__cxx1112basic_stringIcSt11char_traitsIcESaIcEE11_M_disjunctEPKc
                0x08011dbc       0x18 c:/program files/daisytoolchain/bin/../lib/gcc/arm-none-eabi/10.2.1/../../../../arm-none-eabi/lib/thumb/v7e-m+dp/hard\libstdc++_nano.a(string-inst.o)
                0x08011dbc                std::__cxx11::basic_string<char, std::char_traits<char>, std::allocator<char> >::_M_disjunct(char const*) const
 .text._ZNSt7__cxx1112basic_stringIcSt11char_traitsIcESaIcEE7_S_copyEPcPKcj
                0x08011dd4       0x18 c:/program files/daisytoolchain/bin/../lib/gcc/arm-none-eabi/10.2.1/../../../../arm-none-eabi/lib/thumb/v7e-m+dp/hard\libstdc++_nano.a(string-inst.o)
                0x08011dd4                std::__cxx11::basic_string<char, std::char_traits<char>, std::allocator<char> >::_S_copy(char*, char const*, unsigned int)
 .text._ZNSt7__cxx1112basic_stringIcSt11char_traitsIcESaIcEE7_S_moveEPcPKcj
                0x08011dec       0x18 c:/program files/daisytoolchain/bin/../lib/gcc/arm-none-eabi/10.2.1/../../../../arm-none-eabi/lib/thumb/v7e-m+dp/hard\libstdc++_nano.a(string-inst.o)
                0x08011dec                std::__cxx11::basic_string<char, std::char_traits<char>, std::allocator<char> >::_S_move(char*, char const*, unsigned int)
 .text._ZNSt7__cxx1112basic_stringIcSt11char_traitsIcESaIcEE9_M_assignERKS4_
                0x08011e04       0x4c c:/program files/daisytoolchain/bin/../lib/gcc/arm-none-eabi/10.2.1/../../../../arm-none-eabi/lib/thumb/v7e-m+dp/hard\libstdc++_nano.a(string-inst.o)
                0x08011e04                std::__cxx11::basic_string<char, std::char_traits<char>, std::allocator<char> >::_M_assign(std::__cxx11::basic_string<char, std::char_traits<char>, std::allocator<char> > const&)
 .text._ZNSt7__cxx1112basic_stringIcSt11char_traitsIcESaIcEE9_M_mutateEjjPKcj
                0x08011e50       0x78 c:/program files/daisytoolchain/bin/../lib/gcc/arm-none-eabi/10.2.1/../../../../arm-none-eabi/lib/thumb/v7e-m+dp/hard\libstdc++_nano.a(string-inst.o)
                0x08011e50                std::__cxx11::basic_string<char, std::char_traits<char>, std::allocator<char> >::_M_mutate(unsigned int, unsigned int, char const*, unsigned int)
 .text._ZNSt7__cxx1112basic_stringIcSt11char_traitsIcESaIcEED2Ev
                0x08011ec8        0xc c:/program files/daisytoolchain/bin/../lib/gcc/arm-none-eabi/10.2.1/../../../../arm-none-eabi/lib/thumb/v7e-m+dp/hard\libstdc++_nano.a(string-inst.o)
                0x08011ec8                std::__cxx11::basic_string<char, std::char_traits<char>, std::allocator<char> >::~basic_string()
                0x08011ec8                std::__cxx11::basic_string<char, std::char_traits<char>, std::allocator<char> >::~basic_string()
 .text._ZNSt7__cxx1112basic_stringIcSt11char_traitsIcESaIcEE10_M_replaceEjjPKcj
                0x08011ed4       0xfc c:/program files/daisytoolchain/bin/../lib/gcc/arm-none-eabi/10.2.1/../../../../arm-none-eabi/lib/thumb/v7e-m+dp/hard\libstdc++_nano.a(string-inst.o)
                0x08011ed4                std::__cxx11::basic_string<char, std::char_traits<char>, std::allocator<char> >::_M_replace(unsigned int, unsigned int, char const*, unsigned int)
 .text._ZNKSt7__cxx1112basic_stringIcSt11char_traitsIcESaIcEE7compareEPKc
                0x08011fd0       0x28 c:/program files/daisytoolchain/bin/../lib/gcc/arm-none-eabi/10.2.1/../../../../arm-none-eabi/lib/thumb/v7e-m+dp/hard\libstdc++_nano.a(string-inst.o)
                0x08011fd0                std::__cxx11::basic_string<char, std::char_traits<char>, std::allocator<char> >::compare(char const*) const
 .text._ZdlPv   0x08011ff8        0x4 c:/program files/daisytoolchain/bin/../lib/gcc/arm-none-eabi/10.2.1/../../../../arm-none-eabi/lib/thumb/v7e-m+dp/hard\libstdc++_nano.a(del_op.o)
                0x08011ff8                operator delete(void*)
 .text._ZSt15get_new_handlerv
                0x08011ffc       0x10 c:/program files/daisytoolchain/bin/../lib/gcc/arm-none-eabi/10.2.1/../../../../arm-none-eabi/lib/thumb/v7e-m+dp/hard\libstdc++_nano.a(new_handler.o)
                0x08011ffc                std::get_new_handler()
 *fill*         0x0801200c        0x4 
 .text.cosf     0x08012010      0x1bc c:/program files/daisytoolchain/bin/../lib/gcc/arm-none-eabi/10.2.1/../../../../arm-none-eabi/lib/thumb/v7e-m+dp/hard\libm.a(lib_a-cosf.o)
                0x08012010                cosf
 .text.with_errnof
                0x080121cc       0x18 c:/program files/daisytoolchain/bin/../lib/gcc/arm-none-eabi/10.2.1/../../../../arm-none-eabi/lib/thumb/v7e-m+dp/hard\libm.a(lib_a-math_errf.o)
 .text.__math_invalidf
                0x080121e4       0x20 c:/program files/daisytoolchain/bin/../lib/gcc/arm-none-eabi/10.2.1/../../../../arm-none-eabi/lib/thumb/v7e-m+dp/hard\libm.a(lib_a-math_errf.o)
                0x080121e4                __math_invalidf
 *fill*         0x08012204        0x4 
 .text.sinf     0x08012208      0x20c c:/program files/daisytoolchain/bin/../lib/gcc/arm-none-eabi/10.2.1/../../../../arm-none-eabi/lib/thumb/v7e-m+dp/hard\libm.a(lib_a-sinf.o)
                0x08012208                sinf
 .text.abort    0x08012414        0xe c:/program files/daisytoolchain/bin/../lib/gcc/arm-none-eabi/10.2.1/../../../../arm-none-eabi/lib/thumb/v7e-m+dp/hard\libc_nano.a(lib_a-abort.o)
                0x08012414                abort
 *fill*         0x08012422        0x2 
 .text.__cxa_atexit
                0x08012424       0x1c c:/program files/daisytoolchain/bin/../lib/gcc/arm-none-eabi/10.2.1/../../../../arm-none-eabi/lib/thumb/v7e-m+dp/hard\libc_nano.a(lib_a-cxa_atexit.o)
                0x08012424                __cxa_atexit
 .text.__errno  0x08012440        0xc c:/program files/daisytoolchain/bin/../lib/gcc/arm-none-eabi/10.2.1/../../../../arm-none-eabi/lib/thumb/v7e-m+dp/hard\libc_nano.a(lib_a-errno.o)